Archive member included to satisfy reference by file (symbol)

C:/ProgramData/MATLAB/SupportPackages/R2023b/3P.instrset/cmsis.instrset/CMSIS/RTOS/RTX/LIB/GCC/libRTX_CM4.a(rt_cmsis.o)
                              RTX_Conf_CM.o (osKernelInitialize)
C:/ProgramData/MATLAB/SupportPackages/R2023b/3P.instrset/cmsis.instrset/CMSIS/RTOS/RTX/LIB/GCC/libRTX_CM4.a(hal_cm.o)
                              C:/ProgramData/MATLAB/SupportPackages/R2023b/3P.instrset/cmsis.instrset/CMSIS/RTOS/RTX/LIB/GCC/libRTX_CM4.a(rt_cmsis.o) (rt_ret_val)
C:/ProgramData/MATLAB/SupportPackages/R2023b/3P.instrset/cmsis.instrset/CMSIS/RTOS/RTX/LIB/GCC/libRTX_CM4.a(rt_memory.o)
                              C:/ProgramData/MATLAB/SupportPackages/R2023b/3P.instrset/cmsis.instrset/CMSIS/RTOS/RTX/LIB/GCC/libRTX_CM4.a(rt_cmsis.o) (rt_init_mem)
C:/ProgramData/MATLAB/SupportPackages/R2023b/3P.instrset/cmsis.instrset/CMSIS/RTOS/RTX/LIB/GCC/libRTX_CM4.a(rt_membox.o)
                              C:/ProgramData/MATLAB/SupportPackages/R2023b/3P.instrset/cmsis.instrset/CMSIS/RTOS/RTX/LIB/GCC/libRTX_CM4.a(rt_cmsis.o) (_init_box)
C:/ProgramData/MATLAB/SupportPackages/R2023b/3P.instrset/cmsis.instrset/CMSIS/RTOS/RTX/LIB/GCC/libRTX_CM4.a(rt_mutex.o)
                              C:/ProgramData/MATLAB/SupportPackages/R2023b/3P.instrset/cmsis.instrset/CMSIS/RTOS/RTX/LIB/GCC/libRTX_CM4.a(rt_cmsis.o) (rt_mut_init)
C:/ProgramData/MATLAB/SupportPackages/R2023b/3P.instrset/cmsis.instrset/CMSIS/RTOS/RTX/LIB/GCC/libRTX_CM4.a(rt_time.o)
                              C:/ProgramData/MATLAB/SupportPackages/R2023b/3P.instrset/cmsis.instrset/CMSIS/RTOS/RTX/LIB/GCC/libRTX_CM4.a(rt_cmsis.o) (os_time)
C:/ProgramData/MATLAB/SupportPackages/R2023b/3P.instrset/cmsis.instrset/CMSIS/RTOS/RTX/LIB/GCC/libRTX_CM4.a(rt_semaphore.o)
                              C:/ProgramData/MATLAB/SupportPackages/R2023b/3P.instrset/cmsis.instrset/CMSIS/RTOS/RTX/LIB/GCC/libRTX_CM4.a(rt_cmsis.o) (rt_sem_init)
C:/ProgramData/MATLAB/SupportPackages/R2023b/3P.instrset/cmsis.instrset/CMSIS/RTOS/RTX/LIB/GCC/libRTX_CM4.a(rt_mailbox.o)
                              C:/ProgramData/MATLAB/SupportPackages/R2023b/3P.instrset/cmsis.instrset/CMSIS/RTOS/RTX/LIB/GCC/libRTX_CM4.a(rt_cmsis.o) (rt_mbx_init)
C:/ProgramData/MATLAB/SupportPackages/R2023b/3P.instrset/cmsis.instrset/CMSIS/RTOS/RTX/LIB/GCC/libRTX_CM4.a(rt_list.o)
                              C:/ProgramData/MATLAB/SupportPackages/R2023b/3P.instrset/cmsis.instrset/CMSIS/RTOS/RTX/LIB/GCC/libRTX_CM4.a(rt_cmsis.o) (rt_put_prio)
C:/ProgramData/MATLAB/SupportPackages/R2023b/3P.instrset/cmsis.instrset/CMSIS/RTOS/RTX/LIB/GCC/libRTX_CM4.a(rt_event.o)
                              C:/ProgramData/MATLAB/SupportPackages/R2023b/3P.instrset/cmsis.instrset/CMSIS/RTOS/RTX/LIB/GCC/libRTX_CM4.a(rt_cmsis.o) (rt_evt_wait)
C:/ProgramData/MATLAB/SupportPackages/R2023b/3P.instrset/cmsis.instrset/CMSIS/RTOS/RTX/LIB/GCC/libRTX_CM4.a(rt_system.o)
                              C:/ProgramData/MATLAB/SupportPackages/R2023b/3P.instrset/cmsis.instrset/CMSIS/RTOS/RTX/LIB/GCC/libRTX_CM4.a(rt_cmsis.o) (rt_suspend)
C:/ProgramData/MATLAB/SupportPackages/R2023b/3P.instrset/cmsis.instrset/CMSIS/RTOS/RTX/LIB/GCC/libRTX_CM4.a(rt_task.o)
                              C:/ProgramData/MATLAB/SupportPackages/R2023b/3P.instrset/cmsis.instrset/CMSIS/RTOS/RTX/LIB/GCC/libRTX_CM4.a(rt_system.o) (rt_switch_req)
C:/ProgramData/MATLAB/SupportPackages/R2023b/3P.instrset/cmsis.instrset/CMSIS/RTOS/RTX/LIB/GCC/libRTX_CM4.a(hal_cm4.o)
                              C:/ProgramData/MATLAB/SupportPackages/R2023b/3P.instrset/cmsis.instrset/CMSIS/RTOS/RTX/LIB/GCC/libRTX_CM4.a(rt_task.o) (rt_get_PSP)
C:/ProgramData/MATLAB/SupportPackages/R2023b/3P.instrset/cmsis.instrset/CMSIS/RTOS/RTX/LIB/GCC/libRTX_CM4.a(svc_table.o)
                              C:/ProgramData/MATLAB/SupportPackages/R2023b/3P.instrset/cmsis.instrset/CMSIS/RTOS/RTX/LIB/GCC/libRTX_CM4.a(hal_cm4.o) (SVC_Table)
C:/ProgramData/MATLAB/SupportPackages/R2023b/3P.instrset/cmsis.instrset/CMSIS/RTOS/RTX/LIB/GCC/libRTX_CM4.a(rt_robin.o)
                              C:/ProgramData/MATLAB/SupportPackages/R2023b/3P.instrset/cmsis.instrset/CMSIS/RTOS/RTX/LIB/GCC/libRTX_CM4.a(rt_system.o) (os_robin)
C:/ProgramData/MATLAB/SupportPackages/R2023b/toolbox/target/supportpackages/freedomk64f/src/ksdk_armgcc_lib/bm/libksdk_platform.a(fsl_os_abstraction_bm.o)
                              hardware_init.o (OSA_Init)
C:/ProgramData/MATLAB/SupportPackages/R2023b/toolbox/target/supportpackages/freedomk64f/src/ksdk_armgcc_lib/bm/libksdk_platform.a(fsl_clock_manager.o)
                              board.o (CLOCK_SYS_OscInit)
C:/ProgramData/MATLAB/SupportPackages/R2023b/toolbox/target/supportpackages/freedomk64f/src/ksdk_armgcc_lib/bm/libksdk_platform.a(fsl_clock_manager_common.o)
                              C:/ProgramData/MATLAB/SupportPackages/R2023b/toolbox/target/supportpackages/freedomk64f/src/ksdk_armgcc_lib/bm/libksdk_platform.a(fsl_clock_manager.o) (g_oscBase)
[...]
Memory Configuration

Name             Origin             Length             Attributes
m_interrupts     0x00000000         0x00000400         xr
m_flash_config   0x00000400         0x00000010         xr
m_text           0x00000410         0x000ffbf0         xr
m_data_2         0x1fff0000         0x00010000         rw
m_data           0x20000000         0x00030000         rw
*default*        0x00000000         0xffffffff

Linker script and memory map

LOAD c:/programdata/matlab/supportpackages/r2023b/3p.instrset/gnuarm-armcortex.instrset/win/bin/../lib/gcc/arm-none-eabi/11.3.1/thumb/v7e-m+fp/hard/crti.o
LOAD c:/programdata/matlab/supportpackages/r2023b/3p.instrset/gnuarm-armcortex.instrset/win/bin/../lib/gcc/arm-none-eabi/11.3.1/thumb/v7e-m+fp/hard/crtbegin.o
LOAD c:/programdata/matlab/supportpackages/r2023b/3p.instrset/gnuarm-armcortex.instrset/win/bin/../lib/gcc/arm-none-eabi/11.3.1/thumb/v7e-m+fp/hard/crt0.o
LOAD MW_digitalIO.o
LOAD mw_sdk_interface.o
LOAD ert_main.o
LOAD VOO.o
LOAD VOO_data.o
LOAD startup.o
LOAD system_MK64F12.o
LOAD startup_MK64F12.o
LOAD board.o
LOAD hardware_init.o
LOAD pin_mux.o
LOAD fsl_misc_utilities.o
LOAD fsl_edma_irq.o
LOAD fsl_uart_irq.o
LOAD irq_stub.o
LOAD sbrk.o
LOAD cmsis_rtos_init.o
LOAD RTX_Conf_CM.o
LOAD mw_thread.o
LOAD mw_semaphore.o
LOAD mw_timer.o
LOAD mw_signal.o
LOAD C:/ProgramData/MATLAB/SupportPackages/R2023b/3P.instrset/cmsis_dsp.instrset/Lib/GCC/arm_cortexm4ldfsp_math/libCMSISDSP.a
LOAD C:/ProgramData/MATLAB/SupportPackages/R2023b/3P.instrset/cmsis.instrset/CMSIS/RTOS/RTX/LIB/GCC/libRTX_CM4.a
LOAD C:/ProgramData/MATLAB/SupportPackages/R2023b/toolbox/target/supportpackages/freedomk64f/src/ksdk_armgcc_lib/bm/libksdk_platform.a
LOAD c:/programdata/matlab/supportpackages/r2023b/3p.instrset/gnuarm-armcortex.instrset/win/bin/../lib/gcc/arm-none-eabi/11.3.1/thumb/v7e-m+fp/hard\libstdc++.a
LOAD c:/programdata/matlab/supportpackages/r2023b/3p.instrset/gnuarm-armcortex.instrset/win/bin/../lib/gcc/arm-none-eabi/11.3.1/thumb/v7e-m+fp/hard\libm.a
START GROUP
LOAD c:/programdata/matlab/supportpackages/r2023b/3p.instrset/gnuarm-armcortex.instrset/win/bin/../lib/gcc/arm-none-eabi/11.3.1/thumb/v7e-m+fp/hard\libgcc.a
LOAD c:/programdata/matlab/supportpackages/r2023b/3p.instrset/gnuarm-armcortex.instrset/win/bin/../lib/gcc/arm-none-eabi/11.3.1/thumb/v7e-m+fp/hard\libg.a
LOAD c:/programdata/matlab/supportpackages/r2023b/3p.instrset/gnuarm-armcortex.instrset/win/bin/../lib/gcc/arm-none-eabi/11.3.1/thumb/v7e-m+fp/hard\libc.a
END GROUP
START GROUP
LOAD c:/programdata/matlab/supportpackages/r2023b/3p.instrset/gnuarm-armcortex.instrset/win/bin/../lib/gcc/arm-none-eabi/11.3.1/thumb/v7e-m+fp/hard\libgcc.a
LOAD c:/programdata/matlab/supportpackages/r2023b/3p.instrset/gnuarm-armcortex.instrset/win/bin/../lib/gcc/arm-none-eabi/11.3.1/thumb/v7e-m+fp/hard\libc.a
LOAD c:/programdata/matlab/supportpackages/r2023b/3p.instrset/gnuarm-armcortex.instrset/win/bin/../lib/gcc/arm-none-eabi/11.3.1/thumb/v7e-m+fp/hard\libnosys.a
END GROUP
LOAD c:/programdata/matlab/supportpackages/r2023b/3p.instrset/gnuarm-armcortex.instrset/win/bin/../lib/gcc/arm-none-eabi/11.3.1/thumb/v7e-m+fp/hard/crtend.o
LOAD c:/programdata/matlab/supportpackages/r2023b/3p.instrset/gnuarm-armcortex.instrset/win/bin/../lib/gcc/arm-none-eabi/11.3.1/thumb/v7e-m+fp/hard/crtn.o
                0x00000400                HEAP_SIZE = DEFINED (__heap_size__)?__heap_size__:0x400
                0x00000400                STACK_SIZE = DEFINED (__stack_size__)?__stack_size__:0x400
                0x00000000                M_VECTOR_RAM_SIZE = DEFINED (__ram_vector_table__)?0x400:0x0

.interrupts     0x00000000      0x400
                0x00000000                __VECTOR_TABLE = .
                0x00000000                . = ALIGN (0x4)
 *(.isr_vector)
 .isr_vector    0x00000000      0x400 startup_MK64F12.o
                0x00000000                __isr_vector
                0x00000400                . = ALIGN (0x4)

.flash_config   0x00000400       0x10
                0x00000400                . = ALIGN (0x4)
 *(.FlashConfig)
 .FlashConfig   0x00000400       0x10 startup_MK64F12.o
                0x00000410                . = ALIGN (0x4)

.text           0x00000440     0x9520
                0x00000440                . = ALIGN (0x4)
 *(.text)
 .text          0x00000440       0x7c c:/programdata/matlab/supportpackages/r2023b/3p.instrset/gnuarm-armcortex.instrset/win/bin/../lib/gcc/arm-none-eabi/11.3.1/thumb/v7e-m+fp/hard/crt0.o
                0x00000440                _stack_init
                0x00000448                _start
                0x00000448                _mainCRTStartup
 .text          0x000004bc       0x14 startup_MK64F12.o
                0x000004bc                Reset_Handler
                0x000004cc                ENET_Receive_IRQHandler
                0x000004cc                ENET_1588_Timer_IRQHandler
                0x000004cc                DefaultISR
                0x000004cc                PIT2_IRQHandler
                0x000004cc                PIT0_IRQHandler
                0x000004cc                ENET_Error_IRQHandler
                0x000004cc                PIT3_IRQHandler
                0x000004cc                SDHC_IRQHandler
                0x000004cc                ENET_Transmit_IRQHandler
                0x000004cc                PIT1_IRQHandler
 .text          0x000004d0      0x198 C:/ProgramData/MATLAB/SupportPackages/R2023b/3P.instrset/cmsis.instrset/CMSIS/RTOS/RTX/LIB/GCC/libRTX_CM4.a(hal_cm4.o)
                0x000004d0                rt_set_PSP
                0x000004d6                rt_get_PSP
                0x000004dc                os_set_env
                0x000004f4                _alloc_box
                0x00000510                _free_box
                0x0000052c                SVC_Handler
                0x000005d2                PendSV_Handler
                0x000005d8                Sys_Switch
                0x00000632                SysTick_Handler
                0x0000063c                OS_Tick_Handler
 .text          0x00000668      0x378 c:/programdata/matlab/supportpackages/r2023b/3p.instrset/gnuarm-armcortex.instrset/win/bin/../lib/gcc/arm-none-eabi/11.3.1/thumb/v7e-m+fp/hard\libgcc.a(_arm_addsubdf3.o)
                0x00000668                __aeabi_drsub
                0x00000670                __aeabi_dsub
                0x00000670                __subdf3
                0x00000674                __aeabi_dadd
                0x00000674                __adddf3
                0x000008ec                __floatunsidf
                0x000008ec                __aeabi_ui2d
                0x0000090c                __floatsidf
                0x0000090c                __aeabi_i2d
                0x00000930                __aeabi_f2d
                0x00000930                __extendsfdf2
                0x00000974                __floatundidf
                0x00000974                __aeabi_ul2d
                0x00000984                __floatdidf
                0x00000984                __aeabi_l2d
 .text          0x000009e0      0x424 c:/programdata/matlab/supportpackages/r2023b/3p.instrset/gnuarm-armcortex.instrset/win/bin/../lib/gcc/arm-none-eabi/11.3.1/thumb/v7e-m+fp/hard\libgcc.a(_arm_muldivdf3.o)
                0x000009e0                __aeabi_dmul
                0x000009e0                __muldf3
                0x00000c34                __divdf3
                0x00000c34                __aeabi_ddiv
 .text          0x00000e04      0x110 c:/programdata/matlab/supportpackages/r2023b/3p.instrset/gnuarm-armcortex.instrset/win/bin/../lib/gcc/arm-none-eabi/11.3.1/thumb/v7e-m+fp/hard\libgcc.a(_arm_cmpdf2.o)
                0x00000e04                __gtdf2
                0x00000e04                __gedf2
                0x00000e0c                __ltdf2
                0x00000e0c                __ledf2
                0x00000e14                __nedf2
                0x00000e14                __eqdf2
                0x00000e14                __cmpdf2
                0x00000e90                __aeabi_cdrcmple
                0x00000ea0                __aeabi_cdcmpeq
                0x00000ea0                __aeabi_cdcmple
                0x00000eb0                __aeabi_dcmpeq
                0x00000ec4                __aeabi_dcmplt
                0x00000ed8                __aeabi_dcmple
                0x00000eec                __aeabi_dcmpge
                0x00000f00                __aeabi_dcmpgt
 .text          0x00000f14       0x40 c:/programdata/matlab/supportpackages/r2023b/3p.instrset/gnuarm-armcortex.instrset/win/bin/../lib/gcc/arm-none-eabi/11.3.1/thumb/v7e-m+fp/hard\libgcc.a(_arm_fixunsdfsi.o)
                0x00000f14                __aeabi_d2uiz
                0x00000f14                __fixunsdfsi
 .text          0x00000f54       0x30 c:/programdata/matlab/supportpackages/r2023b/3p.instrset/gnuarm-armcortex.instrset/win/bin/../lib/gcc/arm-none-eabi/11.3.1/thumb/v7e-m+fp/hard\libgcc.a(_aeabi_uldivmod.o)
                0x00000f54                __aeabi_uldivmod
 .text          0x00000f84      0x1ac c:/programdata/matlab/supportpackages/r2023b/3p.instrset/gnuarm-armcortex.instrset/win/bin/../lib/gcc/arm-none-eabi/11.3.1/thumb/v7e-m+fp/hard\libgcc.a(libunwind.o)
                0x00000f84                __restore_core_regs
                0x00000f84                restore_core_regs
                0x00000f9c                __gnu_Unwind_Restore_VFP
                0x00000fa4                __gnu_Unwind_Save_VFP
                0x00000fac                __gnu_Unwind_Restore_VFP_D
                0x00000fb4                __gnu_Unwind_Save_VFP_D
                0x00000fbc                __gnu_Unwind_Restore_VFP_D_16_to_31
                0x00000fc4                __gnu_Unwind_Save_VFP_D_16_to_31
                0x00000fcc                __gnu_Unwind_Restore_WMMXD
                0x00001010                __gnu_Unwind_Save_WMMXD
                0x00001054                __gnu_Unwind_Restore_WMMXC
                0x00001068                __gnu_Unwind_Save_WMMXC
                0x0000107c                ___Unwind_RaiseException
                0x0000107c                _Unwind_RaiseException
                0x000010a0                _Unwind_Resume
                0x000010a0                ___Unwind_Resume
                0x000010c4                _Unwind_Resume_or_Rethrow
                0x000010c4                ___Unwind_Resume_or_Rethrow
                0x000010e8                _Unwind_ForcedUnwind
                0x000010e8                ___Unwind_ForcedUnwind
                0x0000110c                ___Unwind_Backtrace
                0x0000110c                _Unwind_Backtrace
 .text          0x00001130        0x4 c:/programdata/matlab/supportpackages/r2023b/3p.instrset/gnuarm-armcortex.instrset/win/bin/../lib/gcc/arm-none-eabi/11.3.1/thumb/v7e-m+fp/hard\libgcc.a(_dvmd_tls.o)
                0x00001130                __aeabi_idiv0
                0x00001130                __aeabi_ldiv0
 *fill*         0x00001134        0xc 
 .text          0x00001140       0xa0 c:/programdata/matlab/supportpackages/r2023b/3p.instrset/gnuarm-armcortex.instrset/win/bin/../lib/gcc/arm-none-eabi/11.3.1/thumb/v7e-m+fp/hard\libg.a(libc_a-memchr.o)
                0x00001140                memchr
 .text          0x000011e0      0x134 c:/programdata/matlab/supportpackages/r2023b/3p.instrset/gnuarm-armcortex.instrset/win/bin/../lib/gcc/arm-none-eabi/11.3.1/thumb/v7e-m+fp/hard\libg.a(libc_a-memcpy.o)
                0x000011e0                memcpy
 *fill*         0x00001314       0x2c 
 .text          0x00001340       0xdc c:/programdata/matlab/supportpackages/r2023b/3p.instrset/gnuarm-armcortex.instrset/win/bin/../lib/gcc/arm-none-eabi/11.3.1/thumb/v7e-m+fp/hard\libg.a(libc_a-strlen.o)
                0x00001340                strlen
 *(.text*)
 .text.deregister_tm_clones
                0x0000141c       0x1c c:/programdata/matlab/supportpackages/r2023b/3p.instrset/gnuarm-armcortex.instrset/win/bin/../lib/gcc/arm-none-eabi/11.3.1/thumb/v7e-m+fp/hard/crtbegin.o
 .text.register_tm_clones
                0x00001438       0x24 c:/programdata/matlab/supportpackages/r2023b/3p.instrset/gnuarm-armcortex.instrset/win/bin/../lib/gcc/arm-none-eabi/11.3.1/thumb/v7e-m+fp/hard/crtbegin.o
 .text.__do_global_dtors_aux
                0x0000145c       0x28 c:/programdata/matlab/supportpackages/r2023b/3p.instrset/gnuarm-armcortex.instrset/win/bin/../lib/gcc/arm-none-eabi/11.3.1/thumb/v7e-m+fp/hard/crtbegin.o
 .text.frame_dummy
                0x00001484       0x24 c:/programdata/matlab/supportpackages/r2023b/3p.instrset/gnuarm-armcortex.instrset/win/bin/../lib/gcc/arm-none-eabi/11.3.1/thumb/v7e-m+fp/hard/crtbegin.o
 .text.MW_digitalIO_open
                0x000014a8       0xe0 MW_digitalIO.o
                0x000014a8                MW_digitalIO_open
 .text.MW_digitalIO_write
                0x00001588       0x7e MW_digitalIO.o
                0x00001588                MW_digitalIO_write
 .text.MW_digitalIO_close
                0x00001606       0x3c MW_digitalIO.o
                0x00001606                MW_digitalIO_close
 *fill*         0x00001642        0x2 
 .text.baseRateTask
                0x00001644       0x7c ert_main.o
                0x00001644                baseRateTask
 .text.terminateTask
                0x000016c0       0x34 ert_main.o
                0x000016c0                terminateTask
 .text.main     0x000016f4       0x48 ert_main.o
                0x000016f4                main
 .text.VOO_step
                0x0000173c      0x268 VOO.o
                0x0000173c                VOO_step
 .text.VOO_initialize
                0x000019a4      0x12c VOO.o
                0x000019a4                VOO_initialize
 .text.VOO_terminate
                0x00001ad0      0x178 VOO.o
                0x00001ad0                VOO_terminate
 .text.init_data_bss
                0x00001c48       0xd0 startup.o
                0x00001c48                init_data_bss
 .text.SystemInit
                0x00001d18      0x1d0 system_MK64F12.o
                0x00001d18                SystemInit
 .text.SystemCoreClockUpdate
                0x00001ee8      0x290 system_MK64F12.o
                0x00001ee8                SystemCoreClockUpdate
 .text.PORT_HAL_SetMuxMode
                0x00002178       0x58 board.o
 .text.SMC_HAL_SetProtection
                0x000021d0       0x1e board.o
 *fill*         0x000021ee        0x2 
 .text.BOARD_InitOsc0
                0x000021f0       0x30 board.o
                0x000021f0                BOARD_InitOsc0
 .text.BOARD_InitRtcOsc
                0x00002220       0x28 board.o
                0x00002220                BOARD_InitRtcOsc
 .text.BOARD_ClockInit
                0x00002248       0x34 board.o
                0x00002248                BOARD_ClockInit
 .text.hardware_init
                0x0000227c       0x30 hardware_init.o
                0x0000227c                hardware_init
 .text.DMA0_IRQHandler
                0x000022ac        0xe fsl_edma_irq.o
                0x000022ac                DMA0_IRQHandler
 .text.DMA1_IRQHandler
                0x000022ba        0xe fsl_edma_irq.o
                0x000022ba                DMA1_IRQHandler
 .text.DMA2_IRQHandler
                0x000022c8        0xe fsl_edma_irq.o
                0x000022c8                DMA2_IRQHandler
 .text.DMA3_IRQHandler
                0x000022d6        0xe fsl_edma_irq.o
                0x000022d6                DMA3_IRQHandler
 .text.DMA4_IRQHandler
                0x000022e4        0xe fsl_edma_irq.o
                0x000022e4                DMA4_IRQHandler
 .text.DMA5_IRQHandler
                0x000022f2        0xe fsl_edma_irq.o
                0x000022f2                DMA5_IRQHandler
 .text.DMA6_IRQHandler
                0x00002300        0xe fsl_edma_irq.o
                0x00002300                DMA6_IRQHandler
 .text.DMA7_IRQHandler
                0x0000230e        0xe fsl_edma_irq.o
                0x0000230e                DMA7_IRQHandler
 .text.DMA8_IRQHandler
                0x0000231c        0xe fsl_edma_irq.o
                0x0000231c                DMA8_IRQHandler
 .text.DMA9_IRQHandler
                0x0000232a        0xe fsl_edma_irq.o
                0x0000232a                DMA9_IRQHandler
 .text.DMA10_IRQHandler
                0x00002338        0xe fsl_edma_irq.o
                0x00002338                DMA10_IRQHandler
 .text.DMA11_IRQHandler
                0x00002346        0xe fsl_edma_irq.o
                0x00002346                DMA11_IRQHandler
 .text.DMA12_IRQHandler
                0x00002354        0xe fsl_edma_irq.o
                0x00002354                DMA12_IRQHandler
 .text.DMA13_IRQHandler
                0x00002362        0xe fsl_edma_irq.o
                0x00002362                DMA13_IRQHandler
 .text.DMA14_IRQHandler
                0x00002370        0xe fsl_edma_irq.o
                0x00002370                DMA14_IRQHandler
 .text.DMA15_IRQHandler
                0x0000237e        0xe fsl_edma_irq.o
                0x0000237e                DMA15_IRQHandler
 .text.DMA_Error_IRQHandler
                0x0000238c        0xe fsl_edma_irq.o
                0x0000238c                DMA_Error_IRQHandler
 .text.UART0_RX_TX_IRQHandler
                0x0000239a        0xe fsl_uart_irq.o
                0x0000239a                UART0_RX_TX_IRQHandler
 .text.UART1_RX_TX_IRQHandler
                0x000023a8        0xe fsl_uart_irq.o
                0x000023a8                UART1_RX_TX_IRQHandler
 .text.UART2_RX_TX_IRQHandler
                0x000023b6        0xe fsl_uart_irq.o
                0x000023b6                UART2_RX_TX_IRQHandler
 .text.UART3_RX_TX_IRQHandler
                0x000023c4        0xe fsl_uart_irq.o
                0x000023c4                UART3_RX_TX_IRQHandler
 .text.UART4_RX_TX_IRQHandler
                0x000023d2        0xe fsl_uart_irq.o
                0x000023d2                UART4_RX_TX_IRQHandler
 .text.UART5_RX_TX_IRQHandler
                0x000023e0        0xe fsl_uart_irq.o
                0x000023e0                UART5_RX_TX_IRQHandler
 .text.NMI_Handler
                0x000023ee        0x6 irq_stub.o
                0x000023ee                NMI_Handler
 .text.HardFault_Handler
                0x000023f4        0x6 irq_stub.o
                0x000023f4                HardFault_Handler
 .text.MemManage_Handler
                0x000023fa        0x6 irq_stub.o
                0x000023fa                MemManage_Handler
 .text.BusFault_Handler
                0x00002400        0x6 irq_stub.o
                0x00002400                BusFault_Handler
 .text.UsageFault_Handler
                0x00002406        0x6 irq_stub.o
                0x00002406                UsageFault_Handler
 .text.DebugMon_Handler
                0x0000240c        0x6 irq_stub.o
                0x0000240c                DebugMon_Handler
 .text.MCM_IRQHandler
                0x00002412        0x6 irq_stub.o
                0x00002412                MCM_IRQHandler
 .text.FTFE_IRQHandler
                0x00002418        0x6 irq_stub.o
                0x00002418                FTFE_IRQHandler
 .text.Read_Collision_IRQHandler
                0x0000241e        0x6 irq_stub.o
                0x0000241e                Read_Collision_IRQHandler
 .text.LVD_LVW_IRQHandler
                0x00002424        0x6 irq_stub.o
                0x00002424                LVD_LVW_IRQHandler
 .text.LLWU_IRQHandler
                0x0000242a        0x6 irq_stub.o
                0x0000242a                LLWU_IRQHandler
 .text.WDOG_EWM_IRQHandler
                0x00002430        0x6 irq_stub.o
                0x00002430                WDOG_EWM_IRQHandler
 .text.RNG_IRQHandler
                0x00002436        0x6 irq_stub.o
                0x00002436                RNG_IRQHandler
 .text.I2C0_IRQHandler
                0x0000243c        0x6 irq_stub.o
                0x0000243c                I2C0_IRQHandler
 .text.I2C1_IRQHandler
                0x00002442        0x6 irq_stub.o
                0x00002442                I2C1_IRQHandler
 .text.SPI0_IRQHandler
                0x00002448        0x6 irq_stub.o
                0x00002448                SPI0_IRQHandler
 .text.SPI1_IRQHandler
                0x0000244e        0x6 irq_stub.o
                0x0000244e                SPI1_IRQHandler
 .text.I2S0_Tx_IRQHandler
                0x00002454        0x6 irq_stub.o
                0x00002454                I2S0_Tx_IRQHandler
 .text.I2S0_Rx_IRQHandler
                0x0000245a        0x6 irq_stub.o
                0x0000245a                I2S0_Rx_IRQHandler
 .text.UART0_LON_IRQHandler
                0x00002460        0x6 irq_stub.o
                0x00002460                UART0_LON_IRQHandler
 .text.UART0_ERR_IRQHandler
                0x00002466        0x6 irq_stub.o
                0x00002466                UART0_ERR_IRQHandler
 .text.UART1_ERR_IRQHandler
                0x0000246c        0x6 irq_stub.o
                0x0000246c                UART1_ERR_IRQHandler
 .text.UART2_ERR_IRQHandler
                0x00002472        0x6 irq_stub.o
                0x00002472                UART2_ERR_IRQHandler
 .text.UART3_ERR_IRQHandler
                0x00002478        0x6 irq_stub.o
                0x00002478                UART3_ERR_IRQHandler
 .text.ADC0_IRQHandler
                0x0000247e        0x6 irq_stub.o
                0x0000247e                ADC0_IRQHandler
 .text.CMP0_IRQHandler
                0x00002484        0x6 irq_stub.o
                0x00002484                CMP0_IRQHandler
 .text.CMP1_IRQHandler
                0x0000248a        0x6 irq_stub.o
                0x0000248a                CMP1_IRQHandler
 .text.FTM0_IRQHandler
                0x00002490        0x6 irq_stub.o
                0x00002490                FTM0_IRQHandler
 .text.FTM1_IRQHandler
                0x00002496        0x6 irq_stub.o
                0x00002496                FTM1_IRQHandler
 .text.FTM2_IRQHandler
                0x0000249c        0x6 irq_stub.o
                0x0000249c                FTM2_IRQHandler
 .text.CMT_IRQHandler
                0x000024a2        0x6 irq_stub.o
                0x000024a2                CMT_IRQHandler
 .text.RTC_IRQHandler
                0x000024a8        0x6 irq_stub.o
                0x000024a8                RTC_IRQHandler
 .text.RTC_Seconds_IRQHandler
                0x000024ae        0x6 irq_stub.o
                0x000024ae                RTC_Seconds_IRQHandler
 .text.PDB0_IRQHandler
                0x000024b4        0x6 irq_stub.o
                0x000024b4                PDB0_IRQHandler
 .text.USB0_IRQHandler
                0x000024ba        0x6 irq_stub.o
                0x000024ba                USB0_IRQHandler
 .text.USBDCD_IRQHandler
                0x000024c0        0x6 irq_stub.o
                0x000024c0                USBDCD_IRQHandler
 .text.Reserved71_IRQHandler
                0x000024c6        0x6 irq_stub.o
                0x000024c6                Reserved71_IRQHandler
 .text.DAC0_IRQHandler
                0x000024cc        0x6 irq_stub.o
                0x000024cc                DAC0_IRQHandler
 .text.MCG_IRQHandler
                0x000024d2        0x6 irq_stub.o
                0x000024d2                MCG_IRQHandler
 .text.LPTMR0_IRQHandler
                0x000024d8        0x6 irq_stub.o
                0x000024d8                LPTMR0_IRQHandler
 .text.PORTA_IRQHandler
                0x000024de        0x6 irq_stub.o
                0x000024de                PORTA_IRQHandler
 .text.PORTB_IRQHandler
                0x000024e4        0x6 irq_stub.o
                0x000024e4                PORTB_IRQHandler
 .text.PORTC_IRQHandler
                0x000024ea        0x6 irq_stub.o
                0x000024ea                PORTC_IRQHandler
 .text.PORTD_IRQHandler
                0x000024f0        0x6 irq_stub.o
                0x000024f0                PORTD_IRQHandler
 .text.PORTE_IRQHandler
                0x000024f6        0x6 irq_stub.o
                0x000024f6                PORTE_IRQHandler
 .text.SWI_IRQHandler
                0x000024fc        0x6 irq_stub.o
                0x000024fc                SWI_IRQHandler
 .text.SPI2_IRQHandler
                0x00002502        0x6 irq_stub.o
                0x00002502                SPI2_IRQHandler
 .text.UART4_ERR_IRQHandler
                0x00002508        0x6 irq_stub.o
                0x00002508                UART4_ERR_IRQHandler
 .text.UART5_ERR_IRQHandler
                0x0000250e        0x6 irq_stub.o
                0x0000250e                UART5_ERR_IRQHandler
 .text.CMP2_IRQHandler
                0x00002514        0x6 irq_stub.o
                0x00002514                CMP2_IRQHandler
 .text.FTM3_IRQHandler
                0x0000251a        0x6 irq_stub.o
                0x0000251a                FTM3_IRQHandler
 .text.DAC1_IRQHandler
                0x00002520        0x6 irq_stub.o
                0x00002520                DAC1_IRQHandler
 .text.ADC1_IRQHandler
                0x00002526        0x6 irq_stub.o
                0x00002526                ADC1_IRQHandler
 .text.I2C2_IRQHandler
                0x0000252c        0x6 irq_stub.o
                0x0000252c                I2C2_IRQHandler
 .text.CAN0_ORed_Message_buffer_IRQHandler
                0x00002532        0x6 irq_stub.o
                0x00002532                CAN0_ORed_Message_buffer_IRQHandler
 .text.CAN0_Bus_Off_IRQHandler
                0x00002538        0x6 irq_stub.o
                0x00002538                CAN0_Bus_Off_IRQHandler
 .text.CAN0_Error_IRQHandler
                0x0000253e        0x6 irq_stub.o
                0x0000253e                CAN0_Error_IRQHandler
 .text.CAN0_Tx_Warning_IRQHandler
                0x00002544        0x6 irq_stub.o
                0x00002544                CAN0_Tx_Warning_IRQHandler
 .text.CAN0_Rx_Warning_IRQHandler
                0x0000254a        0x6 irq_stub.o
                0x0000254a                CAN0_Rx_Warning_IRQHandler
 .text.CAN0_Wake_Up_IRQHandler
                0x00002550        0x6 irq_stub.o
                0x00002550                CAN0_Wake_Up_IRQHandler
 *fill*         0x00002556        0x2 
 .text._sbrk    0x00002558       0x5c sbrk.o
                0x00002558                _sbrk
 .text.schedulerTask
                0x000025b4       0x1c cmsis_rtos_init.o
                0x000025b4                schedulerTask
 .text.mw_initSignalEvents
                0x000025d0       0x40 cmsis_rtos_init.o
                0x000025d0                mw_initSignalEvents
 .text.mw_RTOSInit
                0x00002610       0x8c cmsis_rtos_init.o
                0x00002610                mw_RTOSInit
 .text.os_idle_demon
                0x0000269c        0x8 RTX_Conf_CM.o
                0x0000269c                os_idle_demon
 .text.os_error
                0x000026a4       0x2c RTX_Conf_CM.o
                0x000026a4                os_error
 .text.rt_init_robin
                0x000026d0        0x4 RTX_Conf_CM.o
                0x000026d0                rt_init_robin
 .text.rt_chk_robin
                0x000026d4        0x4 RTX_Conf_CM.o
                0x000026d4                rt_chk_robin
 .text.software_init_hook
                0x000026d8       0x34 RTX_Conf_CM.o
                0x000026d8                software_init_hook
 .text.mw_osThreadCreate
                0x0000270c       0x52 mw_thread.o
                0x0000270c                mw_osThreadCreate
 .text.mw_osThreadGetId
                0x0000275e        0xe mw_thread.o
                0x0000275e                mw_osThreadGetId
 .text.mw_osThreadExit
                0x0000276c       0x22 mw_thread.o
                0x0000276c                mw_osThreadExit
 .text.mw_osTimerCreate
                0x0000278e       0x4e mw_timer.o
                0x0000278e                mw_osTimerCreate
 .text.mw_osTimerStart
                0x000027dc       0x24 mw_timer.o
                0x000027dc                mw_osTimerStart
 .text.mw_osSignalSet
                0x00002800       0x2e mw_signal.o
                0x00002800                mw_osSignalSet
 .text.mw_osSignalClear
                0x0000282e       0x26 mw_signal.o
                0x0000282e                mw_osSignalClear
 .text.mw_osSignalWaitEver
                0x00002854       0x20 mw_signal.o
                0x00002854                mw_osSignalWaitEver
 .text.mw_osSignalEventCreate
                0x00002874       0x20 mw_signal.o
                0x00002874                mw_osSignalEventCreate
 .text.mw_osSignalEventRelease
                0x00002894       0x26 mw_signal.o
                0x00002894                mw_osSignalEventRelease
 .text.mw_osSignalEventWaitEver
                0x000028ba       0x34 mw_signal.o
                0x000028ba                mw_osSignalEventWaitEver
 *fill*         0x000028ee        0x2 
 .text.osThreadExit
                0x000028f0       0x18 C:/ProgramData/MATLAB/SupportPackages/R2023b/3P.instrset/cmsis.instrset/CMSIS/RTOS/RTX/LIB/GCC/libRTX_CM4.a(rt_cmsis.o)
                0x000028f0                osThreadExit
 .text.svcKernelInitialize
                0x00002908      0x104 C:/ProgramData/MATLAB/SupportPackages/R2023b/3P.instrset/cmsis.instrset/CMSIS/RTOS/RTX/LIB/GCC/libRTX_CM4.a(rt_cmsis.o)
                0x00002908                svcKernelInitialize
 .text.svcKernelStart
                0x00002a0c       0x48 C:/ProgramData/MATLAB/SupportPackages/R2023b/3P.instrset/cmsis.instrset/CMSIS/RTOS/RTX/LIB/GCC/libRTX_CM4.a(rt_cmsis.o)
                0x00002a0c                svcKernelStart
 .text.osKernelInitialize
                0x00002a54       0x28 C:/ProgramData/MATLAB/SupportPackages/R2023b/3P.instrset/cmsis.instrset/CMSIS/RTOS/RTX/LIB/GCC/libRTX_CM4.a(rt_cmsis.o)
                0x00002a54                osKernelInitialize
 .text.osKernelStart
                0x00002a7c       0x74 C:/ProgramData/MATLAB/SupportPackages/R2023b/3P.instrset/cmsis.instrset/CMSIS/RTOS/RTX/LIB/GCC/libRTX_CM4.a(rt_cmsis.o)
                0x00002a7c                osKernelStart
 .text.svcThreadCreate
                0x00002af0       0x7c C:/ProgramData/MATLAB/SupportPackages/R2023b/3P.instrset/cmsis.instrset/CMSIS/RTOS/RTX/LIB/GCC/libRTX_CM4.a(rt_cmsis.o)
                0x00002af0                svcThreadCreate
 .text.svcThreadGetId
                0x00002b6c       0x18 C:/ProgramData/MATLAB/SupportPackages/R2023b/3P.instrset/cmsis.instrset/CMSIS/RTOS/RTX/LIB/GCC/libRTX_CM4.a(rt_cmsis.o)
                0x00002b6c                svcThreadGetId
 .text.svcThreadTerminate
                0x00002b84       0x48 C:/ProgramData/MATLAB/SupportPackages/R2023b/3P.instrset/cmsis.instrset/CMSIS/RTOS/RTX/LIB/GCC/libRTX_CM4.a(rt_cmsis.o)
                0x00002b84                svcThreadTerminate
 .text.osThreadCreate
                0x00002bcc       0xa4 C:/ProgramData/MATLAB/SupportPackages/R2023b/3P.instrset/cmsis.instrset/CMSIS/RTOS/RTX/LIB/GCC/libRTX_CM4.a(rt_cmsis.o)
                0x00002bcc                osThreadCreate
 .text.osThreadGetId
                0x00002c70       0x18 C:/ProgramData/MATLAB/SupportPackages/R2023b/3P.instrset/cmsis.instrset/CMSIS/RTOS/RTX/LIB/GCC/libRTX_CM4.a(rt_cmsis.o)
                0x00002c70                osThreadGetId
 .text.osThreadTerminate
                0x00002c88       0x18 C:/ProgramData/MATLAB/SupportPackages/R2023b/3P.instrset/cmsis.instrset/CMSIS/RTOS/RTX/LIB/GCC/libRTX_CM4.a(rt_cmsis.o)
                0x00002c88                osThreadTerminate
 .text.svcTimerCreate
                0x00002ca0       0x40 C:/ProgramData/MATLAB/SupportPackages/R2023b/3P.instrset/cmsis.instrset/CMSIS/RTOS/RTX/LIB/GCC/libRTX_CM4.a(rt_cmsis.o)
                0x00002ca0                svcTimerCreate
 .text.svcTimerStart
                0x00002ce0       0xdc C:/ProgramData/MATLAB/SupportPackages/R2023b/3P.instrset/cmsis.instrset/CMSIS/RTOS/RTX/LIB/GCC/libRTX_CM4.a(rt_cmsis.o)
                0x00002ce0                svcTimerStart
 .text.svcTimerCall
                0x00002dbc       0x18 C:/ProgramData/MATLAB/SupportPackages/R2023b/3P.instrset/cmsis.instrset/CMSIS/RTOS/RTX/LIB/GCC/libRTX_CM4.a(rt_cmsis.o)
                0x00002dbc                svcTimerCall
 .text.sysTimerTick
                0x00002dd4       0xc8 C:/ProgramData/MATLAB/SupportPackages/R2023b/3P.instrset/cmsis.instrset/CMSIS/RTOS/RTX/LIB/GCC/libRTX_CM4.a(rt_cmsis.o)
                0x00002dd4                sysTimerTick
 .text.osTimerCreate
                0x00002e9c       0x68 C:/ProgramData/MATLAB/SupportPackages/R2023b/3P.instrset/cmsis.instrset/CMSIS/RTOS/RTX/LIB/GCC/libRTX_CM4.a(rt_cmsis.o)
                0x00002e9c                osTimerCreate
 .text.osTimerStart
                0x00002f04       0x18 C:/ProgramData/MATLAB/SupportPackages/R2023b/3P.instrset/cmsis.instrset/CMSIS/RTOS/RTX/LIB/GCC/libRTX_CM4.a(rt_cmsis.o)
                0x00002f04                osTimerStart
 .text.osTimerThread
                0x00002f1c       0x3c C:/ProgramData/MATLAB/SupportPackages/R2023b/3P.instrset/cmsis.instrset/CMSIS/RTOS/RTX/LIB/GCC/libRTX_CM4.a(rt_cmsis.o)
                0x00002f1c                osTimerThread
 .text.svcSignalSet
                0x00002f58       0x2c C:/ProgramData/MATLAB/SupportPackages/R2023b/3P.instrset/cmsis.instrset/CMSIS/RTOS/RTX/LIB/GCC/libRTX_CM4.a(rt_cmsis.o)
                0x00002f58                svcSignalSet
 .text.svcSignalClear
                0x00002f84       0x2c C:/ProgramData/MATLAB/SupportPackages/R2023b/3P.instrset/cmsis.instrset/CMSIS/RTOS/RTX/LIB/GCC/libRTX_CM4.a(rt_cmsis.o)
                0x00002f84                svcSignalClear
 .text.svcSignalWait
                0x00002fb0      0x100 C:/ProgramData/MATLAB/SupportPackages/R2023b/3P.instrset/cmsis.instrset/CMSIS/RTOS/RTX/LIB/GCC/libRTX_CM4.a(rt_cmsis.o)
                0x00002fb0                svcSignalWait
 .text.osSignalSet
                0x000030b0       0x40 C:/ProgramData/MATLAB/SupportPackages/R2023b/3P.instrset/cmsis.instrset/CMSIS/RTOS/RTX/LIB/GCC/libRTX_CM4.a(rt_cmsis.o)
                0x000030b0                osSignalSet
 .text.osSignalClear
                0x000030f0       0x1c C:/ProgramData/MATLAB/SupportPackages/R2023b/3P.instrset/cmsis.instrset/CMSIS/RTOS/RTX/LIB/GCC/libRTX_CM4.a(rt_cmsis.o)
                0x000030f0                osSignalClear
 .text.osSignalWait
                0x0000310c       0x2c C:/ProgramData/MATLAB/SupportPackages/R2023b/3P.instrset/cmsis.instrset/CMSIS/RTOS/RTX/LIB/GCC/libRTX_CM4.a(rt_cmsis.o)
                0x0000310c                osSignalWait
 .text.svcMessageGet
                0x00003138       0xbc C:/ProgramData/MATLAB/SupportPackages/R2023b/3P.instrset/cmsis.instrset/CMSIS/RTOS/RTX/LIB/GCC/libRTX_CM4.a(rt_cmsis.o)
                0x00003138                svcMessageGet
 .text.rt_init_stack
                0x000031f4       0xa8 C:/ProgramData/MATLAB/SupportPackages/R2023b/3P.instrset/cmsis.instrset/CMSIS/RTOS/RTX/LIB/GCC/libRTX_CM4.a(hal_cm.o)
                0x000031f4                rt_init_stack
 .text.rt_ret_val
                0x0000329c       0x14 C:/ProgramData/MATLAB/SupportPackages/R2023b/3P.instrset/cmsis.instrset/CMSIS/RTOS/RTX/LIB/GCC/libRTX_CM4.a(hal_cm.o)
                0x0000329c                rt_ret_val
 .text.rt_ret_val2
                0x000032b0       0x24 C:/ProgramData/MATLAB/SupportPackages/R2023b/3P.instrset/cmsis.instrset/CMSIS/RTOS/RTX/LIB/GCC/libRTX_CM4.a(hal_cm.o)
                0x000032b0                rt_ret_val2
 .text.dbg_init
                0x000032d4       0x34 C:/ProgramData/MATLAB/SupportPackages/R2023b/3P.instrset/cmsis.instrset/CMSIS/RTOS/RTX/LIB/GCC/libRTX_CM4.a(hal_cm.o)
                0x000032d4                dbg_init
 .text.dbg_task_notify
                0x00003308       0x2c C:/ProgramData/MATLAB/SupportPackages/R2023b/3P.instrset/cmsis.instrset/CMSIS/RTOS/RTX/LIB/GCC/libRTX_CM4.a(hal_cm.o)
                0x00003308                dbg_task_notify
 .text.dbg_task_switch
                0x00003334       0x14 C:/ProgramData/MATLAB/SupportPackages/R2023b/3P.instrset/cmsis.instrset/CMSIS/RTOS/RTX/LIB/GCC/libRTX_CM4.a(hal_cm.o)
                0x00003334                dbg_task_switch
 .text.rt_init_mem
                0x00003348       0x1c C:/ProgramData/MATLAB/SupportPackages/R2023b/3P.instrset/cmsis.instrset/CMSIS/RTOS/RTX/LIB/GCC/libRTX_CM4.a(rt_memory.o)
                0x00003348                rt_init_mem
 .text.rt_alloc_mem
                0x00003364       0x48 C:/ProgramData/MATLAB/SupportPackages/R2023b/3P.instrset/cmsis.instrset/CMSIS/RTOS/RTX/LIB/GCC/libRTX_CM4.a(rt_memory.o)
                0x00003364                rt_alloc_mem
 .text.rt_free_mem
                0x000033ac       0x54 C:/ProgramData/MATLAB/SupportPackages/R2023b/3P.instrset/cmsis.instrset/CMSIS/RTOS/RTX/LIB/GCC/libRTX_CM4.a(rt_memory.o)
                0x000033ac                rt_free_mem
 .text._init_box
                0x00003400       0x58 C:/ProgramData/MATLAB/SupportPackages/R2023b/3P.instrset/cmsis.instrset/CMSIS/RTOS/RTX/LIB/GCC/libRTX_CM4.a(rt_membox.o)
                0x00003400                _init_box
 .text.rt_alloc_box
                0x00003458       0x1c C:/ProgramData/MATLAB/SupportPackages/R2023b/3P.instrset/cmsis.instrset/CMSIS/RTOS/RTX/LIB/GCC/libRTX_CM4.a(rt_membox.o)
                0x00003458                rt_alloc_box
 .text.rt_free_box
                0x00003474       0x28 C:/ProgramData/MATLAB/SupportPackages/R2023b/3P.instrset/cmsis.instrset/CMSIS/RTOS/RTX/LIB/GCC/libRTX_CM4.a(rt_membox.o)
                0x00003474                rt_free_box
 .text.rt_sem_psh
                0x0000349c       0x34 C:/ProgramData/MATLAB/SupportPackages/R2023b/3P.instrset/cmsis.instrset/CMSIS/RTOS/RTX/LIB/GCC/libRTX_CM4.a(rt_semaphore.o)
                0x0000349c                rt_sem_psh
 .text.rt_mbx_init
                0x000034d0       0x18 C:/ProgramData/MATLAB/SupportPackages/R2023b/3P.instrset/cmsis.instrset/CMSIS/RTOS/RTX/LIB/GCC/libRTX_CM4.a(rt_mailbox.o)
                0x000034d0                rt_mbx_init
 .text.rt_mbx_wait
                0x000034e8       0xa8 C:/ProgramData/MATLAB/SupportPackages/R2023b/3P.instrset/cmsis.instrset/CMSIS/RTOS/RTX/LIB/GCC/libRTX_CM4.a(rt_mailbox.o)
                0x000034e8                rt_mbx_wait
 .text.rt_mbx_check
                0x00003590        0x8 C:/ProgramData/MATLAB/SupportPackages/R2023b/3P.instrset/cmsis.instrset/CMSIS/RTOS/RTX/LIB/GCC/libRTX_CM4.a(rt_mailbox.o)
                0x00003590                rt_mbx_check
 .text.isr_mbx_send
                0x00003598       0x10 C:/ProgramData/MATLAB/SupportPackages/R2023b/3P.instrset/cmsis.instrset/CMSIS/RTOS/RTX/LIB/GCC/libRTX_CM4.a(rt_mailbox.o)
                0x00003598                isr_mbx_send
 .text.rt_mbx_psh
                0x000035a8       0xe8 C:/ProgramData/MATLAB/SupportPackages/R2023b/3P.instrset/cmsis.instrset/CMSIS/RTOS/RTX/LIB/GCC/libRTX_CM4.a(rt_mailbox.o)
                0x000035a8                rt_mbx_psh
 .text.rt_put_prio
                0x00003690       0x50 C:/ProgramData/MATLAB/SupportPackages/R2023b/3P.instrset/cmsis.instrset/CMSIS/RTOS/RTX/LIB/GCC/libRTX_CM4.a(rt_list.o)
                0x00003690                rt_put_prio
 .text.rt_get_first
                0x000036e0       0x28 C:/ProgramData/MATLAB/SupportPackages/R2023b/3P.instrset/cmsis.instrset/CMSIS/RTOS/RTX/LIB/GCC/libRTX_CM4.a(rt_list.o)
                0x000036e0                rt_get_first
 .text.rt_put_rdy_first
                0x00003708       0x14 C:/ProgramData/MATLAB/SupportPackages/R2023b/3P.instrset/cmsis.instrset/CMSIS/RTOS/RTX/LIB/GCC/libRTX_CM4.a(rt_list.o)
                0x00003708                rt_put_rdy_first
 .text.rt_resort_prio
                0x0000371c       0xac C:/ProgramData/MATLAB/SupportPackages/R2023b/3P.instrset/cmsis.instrset/CMSIS/RTOS/RTX/LIB/GCC/libRTX_CM4.a(rt_list.o)
                0x0000371c                rt_resort_prio
 .text.rt_put_dly
                0x000037c8       0x60 C:/ProgramData/MATLAB/SupportPackages/R2023b/3P.instrset/cmsis.instrset/CMSIS/RTOS/RTX/LIB/GCC/libRTX_CM4.a(rt_list.o)
                0x000037c8                rt_put_dly
 .text.rt_dec_dly
                0x00003828       0xbc C:/ProgramData/MATLAB/SupportPackages/R2023b/3P.instrset/cmsis.instrset/CMSIS/RTOS/RTX/LIB/GCC/libRTX_CM4.a(rt_list.o)
                0x00003828                rt_dec_dly
 .text.rt_rmv_list
                0x000038e4       0x2c C:/ProgramData/MATLAB/SupportPackages/R2023b/3P.instrset/cmsis.instrset/CMSIS/RTOS/RTX/LIB/GCC/libRTX_CM4.a(rt_list.o)
                0x000038e4                rt_rmv_list
 .text.rt_rmv_dly
                0x00003910       0x30 C:/ProgramData/MATLAB/SupportPackages/R2023b/3P.instrset/cmsis.instrset/CMSIS/RTOS/RTX/LIB/GCC/libRTX_CM4.a(rt_list.o)
                0x00003910                rt_rmv_dly
 .text.rt_psq_enq
                0x00003940       0x44 C:/ProgramData/MATLAB/SupportPackages/R2023b/3P.instrset/cmsis.instrset/CMSIS/RTOS/RTX/LIB/GCC/libRTX_CM4.a(rt_list.o)
                0x00003940                rt_psq_enq
 .text.rt_evt_wait
                0x00003984       0x44 C:/ProgramData/MATLAB/SupportPackages/R2023b/3P.instrset/cmsis.instrset/CMSIS/RTOS/RTX/LIB/GCC/libRTX_CM4.a(rt_event.o)
                0x00003984                rt_evt_wait
 .text.rt_evt_set
                0x000039c8       0x58 C:/ProgramData/MATLAB/SupportPackages/R2023b/3P.instrset/cmsis.instrset/CMSIS/RTOS/RTX/LIB/GCC/libRTX_CM4.a(rt_event.o)
                0x000039c8                rt_evt_set
 .text.rt_evt_clr
                0x00003a20       0x18 C:/ProgramData/MATLAB/SupportPackages/R2023b/3P.instrset/cmsis.instrset/CMSIS/RTOS/RTX/LIB/GCC/libRTX_CM4.a(rt_event.o)
                0x00003a20                rt_evt_clr
 .text.isr_evt_set
                0x00003a38       0x24 C:/ProgramData/MATLAB/SupportPackages/R2023b/3P.instrset/cmsis.instrset/CMSIS/RTOS/RTX/LIB/GCC/libRTX_CM4.a(rt_event.o)
                0x00003a38                isr_evt_set
 .text.rt_evt_psh
                0x00003a5c       0x50 C:/ProgramData/MATLAB/SupportPackages/R2023b/3P.instrset/cmsis.instrset/CMSIS/RTOS/RTX/LIB/GCC/libRTX_CM4.a(rt_event.o)
                0x00003a5c                rt_evt_psh
 .text.rt_psh_req
                0x00003aac       0x20 C:/ProgramData/MATLAB/SupportPackages/R2023b/3P.instrset/cmsis.instrset/CMSIS/RTOS/RTX/LIB/GCC/libRTX_CM4.a(rt_system.o)
                0x00003aac                rt_psh_req
 .text.rt_pop_req
                0x00003acc       0x9c C:/ProgramData/MATLAB/SupportPackages/R2023b/3P.instrset/cmsis.instrset/CMSIS/RTOS/RTX/LIB/GCC/libRTX_CM4.a(rt_system.o)
                0x00003acc                rt_pop_req
 .text.os_tick_init
                0x00003b68       0x40 C:/ProgramData/MATLAB/SupportPackages/R2023b/3P.instrset/cmsis.instrset/CMSIS/RTOS/RTX/LIB/GCC/libRTX_CM4.a(rt_system.o)
                0x00003b68                os_tick_init
 .text.os_tick_irqack
                0x00003ba8        0x4 C:/ProgramData/MATLAB/SupportPackages/R2023b/3P.instrset/cmsis.instrset/CMSIS/RTOS/RTX/LIB/GCC/libRTX_CM4.a(rt_system.o)
                0x00003ba8                os_tick_irqack
 .text.rt_systick
                0x00003bac       0x3c C:/ProgramData/MATLAB/SupportPackages/R2023b/3P.instrset/cmsis.instrset/CMSIS/RTOS/RTX/LIB/GCC/libRTX_CM4.a(rt_system.o)
                0x00003bac                rt_systick
 .text.rt_stk_check
                0x00003be8       0x24 C:/ProgramData/MATLAB/SupportPackages/R2023b/3P.instrset/cmsis.instrset/CMSIS/RTOS/RTX/LIB/GCC/libRTX_CM4.a(rt_system.o)
                0x00003be8                rt_stk_check
 .text.rt_switch_req
                0x00003c0c       0x24 C:/ProgramData/MATLAB/SupportPackages/R2023b/3P.instrset/cmsis.instrset/CMSIS/RTOS/RTX/LIB/GCC/libRTX_CM4.a(rt_task.o)
                0x00003c0c                rt_switch_req
 .text.rt_dispatch
                0x00003c30       0x78 C:/ProgramData/MATLAB/SupportPackages/R2023b/3P.instrset/cmsis.instrset/CMSIS/RTOS/RTX/LIB/GCC/libRTX_CM4.a(rt_task.o)
                0x00003c30                rt_dispatch
 .text.rt_block
                0x00003ca8       0x50 C:/ProgramData/MATLAB/SupportPackages/R2023b/3P.instrset/cmsis.instrset/CMSIS/RTOS/RTX/LIB/GCC/libRTX_CM4.a(rt_task.o)
                0x00003ca8                rt_block
 .text.rt_tsk_self
                0x00003cf8       0x10 C:/ProgramData/MATLAB/SupportPackages/R2023b/3P.instrset/cmsis.instrset/CMSIS/RTOS/RTX/LIB/GCC/libRTX_CM4.a(rt_task.o)
                0x00003cf8                rt_tsk_self
 .text.rt_tsk_prio
                0x00003d08       0xa0 C:/ProgramData/MATLAB/SupportPackages/R2023b/3P.instrset/cmsis.instrset/CMSIS/RTOS/RTX/LIB/GCC/libRTX_CM4.a(rt_task.o)
                0x00003d08                rt_tsk_prio
 .text.rt_tsk_create
                0x00003da8       0xc8 C:/ProgramData/MATLAB/SupportPackages/R2023b/3P.instrset/cmsis.instrset/CMSIS/RTOS/RTX/LIB/GCC/libRTX_CM4.a(rt_task.o)
                0x00003da8                rt_tsk_create
 .text.rt_tsk_delete
                0x00003e70      0x1bc C:/ProgramData/MATLAB/SupportPackages/R2023b/3P.instrset/cmsis.instrset/CMSIS/RTOS/RTX/LIB/GCC/libRTX_CM4.a(rt_task.o)
                0x00003e70                rt_tsk_delete
 .text.rt_sys_init
                0x0000402c       0xdc C:/ProgramData/MATLAB/SupportPackages/R2023b/3P.instrset/cmsis.instrset/CMSIS/RTOS/RTX/LIB/GCC/libRTX_CM4.a(rt_task.o)
                0x0000402c                rt_sys_init
 .text.rt_sys_start
                0x00004108       0x8c C:/ProgramData/MATLAB/SupportPackages/R2023b/3P.instrset/cmsis.instrset/CMSIS/RTOS/RTX/LIB/GCC/libRTX_CM4.a(rt_task.o)
                0x00004108                rt_sys_start
 .text.OSA_TimeInit
                0x00004194       0x44 C:/ProgramData/MATLAB/SupportPackages/R2023b/toolbox/target/supportpackages/freedomk64f/src/ksdk_armgcc_lib/bm/libksdk_platform.a(fsl_os_abstraction_bm.o)
                0x00004194                OSA_TimeInit
 .text.OSA_SemaPost
                0x000041d8       0x3c C:/ProgramData/MATLAB/SupportPackages/R2023b/toolbox/target/supportpackages/freedomk64f/src/ksdk_armgcc_lib/bm/libksdk_platform.a(fsl_os_abstraction_bm.o)
                0x000041d8                OSA_SemaPost
 .text.task_init
                0x00004214       0x38 C:/ProgramData/MATLAB/SupportPackages/R2023b/toolbox/target/supportpackages/freedomk64f/src/ksdk_armgcc_lib/bm/libksdk_platform.a(fsl_os_abstraction_bm.o)
                0x00004214                task_init
 .text.OSA_Init
                0x0000424c        0xe C:/ProgramData/MATLAB/SupportPackages/R2023b/toolbox/target/supportpackages/freedomk64f/src/ksdk_armgcc_lib/bm/libksdk_platform.a(fsl_os_abstraction_bm.o)
                0x0000424c                OSA_Init
 *fill*         0x0000425a        0x2 
 .text.CLOCK_SYS_SetMcgPeeToFbe
                0x0000425c       0x34 C:/ProgramData/MATLAB/SupportPackages/R2023b/toolbox/target/supportpackages/freedomk64f/src/ksdk_armgcc_lib/bm/libksdk_platform.a(fsl_clock_manager.o)
 .text.CLOCK_SYS_SetMcgMode
                0x00004290      0x11c C:/ProgramData/MATLAB/SupportPackages/R2023b/toolbox/target/supportpackages/freedomk64f/src/ksdk_armgcc_lib/bm/libksdk_platform.a(fsl_clock_manager.o)
                0x00004290                CLOCK_SYS_SetMcgMode
 .text.CLOCK_SYS_SetOscerConfigration
                0x000043ac       0x20 C:/ProgramData/MATLAB/SupportPackages/R2023b/toolbox/target/supportpackages/freedomk64f/src/ksdk_armgcc_lib/bm/libksdk_platform.a(fsl_clock_manager.o)
                0x000043ac                CLOCK_SYS_SetOscerConfigration
 .text.CLOCK_SYS_OscInit
                0x000043cc       0x88 C:/ProgramData/MATLAB/SupportPackages/R2023b/toolbox/target/supportpackages/freedomk64f/src/ksdk_armgcc_lib/bm/libksdk_platform.a(fsl_clock_manager.o)
                0x000043cc                CLOCK_SYS_OscInit
 .text.CLOCK_SYS_RtcOscInit
                0x00004454       0x6c C:/ProgramData/MATLAB/SupportPackages/R2023b/toolbox/target/supportpackages/freedomk64f/src/ksdk_armgcc_lib/bm/libksdk_platform.a(fsl_clock_manager.o)
                0x00004454                CLOCK_SYS_RtcOscInit
 .text.SIM_HAL_EnableClock.constprop.0
                0x000044c0       0x1c C:/ProgramData/MATLAB/SupportPackages/R2023b/toolbox/target/supportpackages/freedomk64f/src/ksdk_armgcc_lib/bm/libksdk_platform.a(fsl_clock_MK64F12.o)
 .text.CLOCK_SYS_GetCoreClockFreq
                0x000044dc       0x20 C:/ProgramData/MATLAB/SupportPackages/R2023b/toolbox/target/supportpackages/freedomk64f/src/ksdk_armgcc_lib/bm/libksdk_platform.a(fsl_clock_MK64F12.o)
                0x000044dc                CLOCK_SYS_GetCoreClockFreq
 .text.CLOCK_SYS_SetConfiguration
                0x000044fc       0x98 C:/ProgramData/MATLAB/SupportPackages/R2023b/toolbox/target/supportpackages/freedomk64f/src/ksdk_armgcc_lib/bm/libksdk_platform.a(fsl_clock_MK64F12.o)
                0x000044fc                CLOCK_SYS_SetConfiguration
 .text.CLOCK_SYS_FllStableDelay
                0x00004594       0x18 C:/ProgramData/MATLAB/SupportPackages/R2023b/toolbox/target/supportpackages/freedomk64f/src/ksdk_armgcc_lib/bm/libksdk_platform.a(fsl_clock_MK64F12.o)
 .text.CLOCK_SYS_EnablePortClock
                0x000045ac       0x30 C:/ProgramData/MATLAB/SupportPackages/R2023b/toolbox/target/supportpackages/freedomk64f/src/ksdk_armgcc_lib/bm/libksdk_platform.a(fsl_clock_MK64F12.o)
                0x000045ac                CLOCK_SYS_EnablePortClock
 .text.INT_SYS_EnableIRQGlobal
                0x000045dc       0x14 C:/ProgramData/MATLAB/SupportPackages/R2023b/toolbox/target/supportpackages/freedomk64f/src/ksdk_armgcc_lib/bm/libksdk_platform.a(fsl_interrupt_manager.o)
                0x000045dc                INT_SYS_EnableIRQGlobal
 .text.INT_SYS_DisableIRQGlobal
                0x000045f0       0x10 C:/ProgramData/MATLAB/SupportPackages/R2023b/toolbox/target/supportpackages/freedomk64f/src/ksdk_armgcc_lib/bm/libksdk_platform.a(fsl_interrupt_manager.o)
                0x000045f0                INT_SYS_DisableIRQGlobal
 .text.EDMA_DRV_IRQHandler
                0x00004600       0x30 C:/ProgramData/MATLAB/SupportPackages/R2023b/toolbox/target/supportpackages/freedomk64f/src/ksdk_armgcc_lib/bm/libksdk_platform.a(fsl_edma_driver.o)
                0x00004600                EDMA_DRV_IRQHandler
 .text.EDMA_DRV_ErrorIRQHandler
                0x00004630       0x8c C:/ProgramData/MATLAB/SupportPackages/R2023b/toolbox/target/supportpackages/freedomk64f/src/ksdk_armgcc_lib/bm/libksdk_platform.a(fsl_edma_driver.o)
                0x00004630                EDMA_DRV_ErrorIRQHandler
 .text.PORT_HAL_SetMuxMode.part.0
                0x000046bc       0x1c C:/ProgramData/MATLAB/SupportPackages/R2023b/toolbox/target/supportpackages/freedomk64f/src/ksdk_armgcc_lib/bm/libksdk_platform.a(fsl_gpio_driver.o)
 .text.GPIO_DRV_InputPinInit
                0x000046d8       0xe4 C:/ProgramData/MATLAB/SupportPackages/R2023b/toolbox/target/supportpackages/freedomk64f/src/ksdk_armgcc_lib/bm/libksdk_platform.a(fsl_gpio_driver.o)
                0x000046d8                GPIO_DRV_InputPinInit
 .text.GPIO_DRV_OutputPinInit
                0x000047bc       0x78 C:/ProgramData/MATLAB/SupportPackages/R2023b/toolbox/target/supportpackages/freedomk64f/src/ksdk_armgcc_lib/bm/libksdk_platform.a(fsl_gpio_driver.o)
                0x000047bc                GPIO_DRV_OutputPinInit
 .text.GPIO_DRV_WritePinOutput
                0x00004834       0x1c C:/ProgramData/MATLAB/SupportPackages/R2023b/toolbox/target/supportpackages/freedomk64f/src/ksdk_armgcc_lib/bm/libksdk_platform.a(fsl_gpio_driver.o)
                0x00004834                GPIO_DRV_WritePinOutput
 .text.LPTMR_HAL_SetTimerWorkingMode
                0x00004850       0x3c C:/ProgramData/MATLAB/SupportPackages/R2023b/toolbox/target/supportpackages/freedomk64f/src/ksdk_armgcc_lib/bm/libksdk_platform.a(fsl_lptmr_hal.o)
                0x00004850                LPTMR_HAL_SetTimerWorkingMode
 .text.LPTMR_HAL_SetPrescalerMode
                0x0000488c       0x1c C:/ProgramData/MATLAB/SupportPackages/R2023b/toolbox/target/supportpackages/freedomk64f/src/ksdk_armgcc_lib/bm/libksdk_platform.a(fsl_lptmr_hal.o)
                0x0000488c                LPTMR_HAL_SetPrescalerMode
 .text.CLOCK_HAL_TestOscFreq
                0x000048a8       0x28 C:/ProgramData/MATLAB/SupportPackages/R2023b/toolbox/target/supportpackages/freedomk64f/src/ksdk_armgcc_lib/bm/libksdk_platform.a(fsl_mcg_hal.o)
                0x000048a8                CLOCK_HAL_TestOscFreq
 .text.CLOCK_HAL_GetMcgExternalClkFreq
                0x000048d0        0xa C:/ProgramData/MATLAB/SupportPackages/R2023b/toolbox/target/supportpackages/freedomk64f/src/ksdk_armgcc_lib/bm/libksdk_platform.a(fsl_mcg_hal.o)
 .text.CLOCK_HAL_TestFllExternalRefFreq
                0x000048da       0x2c C:/ProgramData/MATLAB/SupportPackages/R2023b/toolbox/target/supportpackages/freedomk64f/src/ksdk_armgcc_lib/bm/libksdk_platform.a(fsl_mcg_hal.o)
                0x000048da                CLOCK_HAL_TestFllExternalRefFreq
 *fill*         0x00004906        0x2 
 .text.CLOCK_HAL_GetFllRefClk
                0x00004908       0x40 C:/ProgramData/MATLAB/SupportPackages/R2023b/toolbox/target/supportpackages/freedomk64f/src/ksdk_armgcc_lib/bm/libksdk_platform.a(fsl_mcg_hal.o)
                0x00004908                CLOCK_HAL_GetFllRefClk
 .text.CLOCK_HAL_TestFllFreq
                0x00004948       0x34 C:/ProgramData/MATLAB/SupportPackages/R2023b/toolbox/target/supportpackages/freedomk64f/src/ksdk_armgcc_lib/bm/libksdk_platform.a(fsl_mcg_hal.o)
                0x00004948                CLOCK_HAL_TestFllFreq
 .text.CLOCK_HAL_GetFllClk
                0x0000497c       0x3c C:/ProgramData/MATLAB/SupportPackages/R2023b/toolbox/target/supportpackages/freedomk64f/src/ksdk_armgcc_lib/bm/libksdk_platform.a(fsl_mcg_hal.o)
                0x0000497c                CLOCK_HAL_GetFllClk
 .text.CLOCK_HAL_UpdateFastClkInternalRefDiv
                0x000049b8       0x58 C:/ProgramData/MATLAB/SupportPackages/R2023b/toolbox/target/supportpackages/freedomk64f/src/ksdk_armgcc_lib/bm/libksdk_platform.a(fsl_mcg_hal.o)
                0x000049b8                CLOCK_HAL_UpdateFastClkInternalRefDiv
 .text.CLOCK_HAL_GetPll0Clk
                0x00004a10       0x48 C:/ProgramData/MATLAB/SupportPackages/R2023b/toolbox/target/supportpackages/freedomk64f/src/ksdk_armgcc_lib/bm/libksdk_platform.a(fsl_mcg_hal.o)
                0x00004a10                CLOCK_HAL_GetPll0Clk
 .text.CLOCK_HAL_EnablePll0InFllMode
                0x00004a58       0x38 C:/ProgramData/MATLAB/SupportPackages/R2023b/toolbox/target/supportpackages/freedomk64f/src/ksdk_armgcc_lib/bm/libksdk_platform.a(fsl_mcg_hal.o)
                0x00004a58                CLOCK_HAL_EnablePll0InFllMode
 .text.CLOCK_HAL_GetInternalRefClk
                0x00004a90       0x40 C:/ProgramData/MATLAB/SupportPackages/R2023b/toolbox/target/supportpackages/freedomk64f/src/ksdk_armgcc_lib/bm/libksdk_platform.a(fsl_mcg_hal.o)
                0x00004a90                CLOCK_HAL_GetInternalRefClk
 .text.CLOCK_HAL_GetOutClk
                0x00004ad0       0x22 C:/ProgramData/MATLAB/SupportPackages/R2023b/toolbox/target/supportpackages/freedomk64f/src/ksdk_armgcc_lib/bm/libksdk_platform.a(fsl_mcg_hal.o)
                0x00004ad0                CLOCK_HAL_GetOutClk
 .text.CLOCK_HAL_SetOsc0Mode
                0x00004af2       0x24 C:/ProgramData/MATLAB/SupportPackages/R2023b/toolbox/target/supportpackages/freedomk64f/src/ksdk_armgcc_lib/bm/libksdk_platform.a(fsl_mcg_hal.o)
                0x00004af2                CLOCK_HAL_SetOsc0Mode
 *fill*         0x00004b16        0x2 
 .text.CLOCK_HAL_PrepareOsc
                0x00004b18       0x30 C:/ProgramData/MATLAB/SupportPackages/R2023b/toolbox/target/supportpackages/freedomk64f/src/ksdk_armgcc_lib/bm/libksdk_platform.a(fsl_mcg_hal_modes.o)
 .text.CLOCK_HAL_GetMcgMode
                0x00004b48       0x7c C:/ProgramData/MATLAB/SupportPackages/R2023b/toolbox/target/supportpackages/freedomk64f/src/ksdk_armgcc_lib/bm/libksdk_platform.a(fsl_mcg_hal_modes.o)
                0x00004b48                CLOCK_HAL_GetMcgMode
 .text.CLOCK_HAL_SetFbiMode
                0x00004bc4       0xbc C:/ProgramData/MATLAB/SupportPackages/R2023b/toolbox/target/supportpackages/freedomk64f/src/ksdk_armgcc_lib/bm/libksdk_platform.a(fsl_mcg_hal_modes.o)
                0x00004bc4                CLOCK_HAL_SetFbiMode
 .text.CLOCK_HAL_SetFbeMode
                0x00004c80       0xf0 C:/ProgramData/MATLAB/SupportPackages/R2023b/toolbox/target/supportpackages/freedomk64f/src/ksdk_armgcc_lib/bm/libksdk_platform.a(fsl_mcg_hal_modes.o)
                0x00004c80                CLOCK_HAL_SetFbeMode
 .text.CLOCK_HAL_SetPbeMode
                0x00004d70       0xd8 C:/ProgramData/MATLAB/SupportPackages/R2023b/toolbox/target/supportpackages/freedomk64f/src/ksdk_armgcc_lib/bm/libksdk_platform.a(fsl_mcg_hal_modes.o)
                0x00004d70                CLOCK_HAL_SetPbeMode
 .text.OSC_HAL_SetCapacitor
                0x00004e48        0xe C:/ProgramData/MATLAB/SupportPackages/R2023b/toolbox/target/supportpackages/freedomk64f/src/ksdk_armgcc_lib/bm/libksdk_platform.a(fsl_osc_hal.o)
                0x00004e48                OSC_HAL_SetCapacitor
 .text.CLOCK_HAL_SetOutDiv
                0x00004e56       0x28 C:/ProgramData/MATLAB/SupportPackages/R2023b/toolbox/target/supportpackages/freedomk64f/src/ksdk_armgcc_lib/bm/libksdk_platform.a(fsl_sim_hal_MK64F12.o)
                0x00004e56                CLOCK_HAL_SetOutDiv
 *fill*         0x00004e7e        0x2 
 .text.UART_DRV_CompleteSendData
                0x00004e80       0x54 C:/ProgramData/MATLAB/SupportPackages/R2023b/toolbox/target/supportpackages/freedomk64f/src/ksdk_armgcc_lib/bm/libksdk_platform.a(fsl_uart_driver.o)
 .text.UART_DRV_CompleteReceiveData
                0x00004ed4       0x5c C:/ProgramData/MATLAB/SupportPackages/R2023b/toolbox/target/supportpackages/freedomk64f/src/ksdk_armgcc_lib/bm/libksdk_platform.a(fsl_uart_driver.o)
 .text.UART_DRV_IRQHandler
                0x00004f30       0xdc C:/ProgramData/MATLAB/SupportPackages/R2023b/toolbox/target/supportpackages/freedomk64f/src/ksdk_armgcc_lib/bm/libksdk_platform.a(fsl_uart_driver.o)
                0x00004f30                UART_DRV_IRQHandler
 .text.EDMA_HAL_SetDmaRequestCmd
                0x0000500c        0xa C:/ProgramData/MATLAB/SupportPackages/R2023b/toolbox/target/supportpackages/freedomk64f/src/ksdk_armgcc_lib/bm/libksdk_platform.a(fsl_edma_hal.o)
                0x0000500c                EDMA_HAL_SetDmaRequestCmd
 *fill*         0x00005016        0x2 
 .text.GPIO_HAL_SetPinDir
                0x00005018       0x34 C:/ProgramData/MATLAB/SupportPackages/R2023b/toolbox/target/supportpackages/freedomk64f/src/ksdk_armgcc_lib/bm/libksdk_platform.a(fsl_gpio_hal.o)
                0x00005018                GPIO_HAL_SetPinDir
 .text.GPIO_HAL_WritePinOutput
                0x0000504c       0x30 C:/ProgramData/MATLAB/SupportPackages/R2023b/toolbox/target/supportpackages/freedomk64f/src/ksdk_armgcc_lib/bm/libksdk_platform.a(fsl_gpio_hal.o)
                0x0000504c                GPIO_HAL_WritePinOutput
 .text.UART_HAL_Putchar
                0x0000507c        0x6 C:/ProgramData/MATLAB/SupportPackages/R2023b/toolbox/target/supportpackages/freedomk64f/src/ksdk_armgcc_lib/bm/libksdk_platform.a(fsl_uart_hal.o)
                0x0000507c                UART_HAL_Putchar
 .text.UART_HAL_Getchar
                0x00005082        0x8 C:/ProgramData/MATLAB/SupportPackages/R2023b/toolbox/target/supportpackages/freedomk64f/src/ksdk_armgcc_lib/bm/libksdk_platform.a(fsl_uart_hal.o)
                0x00005082                UART_HAL_Getchar
 .text.UART_HAL_SetIntMode
                0x0000508a       0x66 C:/ProgramData/MATLAB/SupportPackages/R2023b/toolbox/target/supportpackages/freedomk64f/src/ksdk_armgcc_lib/bm/libksdk_platform.a(fsl_uart_hal.o)
                0x0000508a                UART_HAL_SetIntMode
 .text.UART_HAL_GetStatusFlag
                0x000050f0       0x2a C:/ProgramData/MATLAB/SupportPackages/R2023b/toolbox/target/supportpackages/freedomk64f/src/ksdk_armgcc_lib/bm/libksdk_platform.a(fsl_uart_hal.o)
                0x000050f0                UART_HAL_GetStatusFlag
 .text.UART_HAL_ClearStatusFlag
                0x0000511a       0x7c C:/ProgramData/MATLAB/SupportPackages/R2023b/toolbox/target/supportpackages/freedomk64f/src/ksdk_armgcc_lib/bm/libksdk_platform.a(fsl_uart_hal.o)
                0x0000511a                UART_HAL_ClearStatusFlag
 *fill*         0x00005196        0x2 
 .text.ceil     0x00005198      0x110 c:/programdata/matlab/supportpackages/r2023b/3p.instrset/gnuarm-armcortex.instrset/win/bin/../lib/gcc/arm-none-eabi/11.3.1/thumb/v7e-m+fp/hard\libm.a(libm_a-s_ceil.o)
                0x00005198                ceil
 .text.__udivmoddi4
                0x000052a8      0x2c8 c:/programdata/matlab/supportpackages/r2023b/3p.instrset/gnuarm-armcortex.instrset/win/bin/../lib/gcc/arm-none-eabi/11.3.1/thumb/v7e-m+fp/hard\libgcc.a(_udivmoddi4.o)
                0x000052a8                __udivmoddi4
 .text.selfrel_offset31
                0x00005570       0x14 c:/programdata/matlab/supportpackages/r2023b/3p.instrset/gnuarm-armcortex.instrset/win/bin/../lib/gcc/arm-none-eabi/11.3.1/thumb/v7e-m+fp/hard\libgcc.a(unwind-arm.o)
 .text.search_EIT_table
                0x00005584       0x5c c:/programdata/matlab/supportpackages/r2023b/3p.instrset/gnuarm-armcortex.instrset/win/bin/../lib/gcc/arm-none-eabi/11.3.1/thumb/v7e-m+fp/hard\libgcc.a(unwind-arm.o)
 .text.__gnu_unwind_get_pr_addr
                0x000055e0       0x28 c:/programdata/matlab/supportpackages/r2023b/3p.instrset/gnuarm-armcortex.instrset/win/bin/../lib/gcc/arm-none-eabi/11.3.1/thumb/v7e-m+fp/hard\libgcc.a(unwind-arm.o)
 .text.get_eit_entry
                0x00005608       0x98 c:/programdata/matlab/supportpackages/r2023b/3p.instrset/gnuarm-armcortex.instrset/win/bin/../lib/gcc/arm-none-eabi/11.3.1/thumb/v7e-m+fp/hard\libgcc.a(unwind-arm.o)
 .text.restore_non_core_regs
                0x000056a0       0x58 c:/programdata/matlab/supportpackages/r2023b/3p.instrset/gnuarm-armcortex.instrset/win/bin/../lib/gcc/arm-none-eabi/11.3.1/thumb/v7e-m+fp/hard\libgcc.a(unwind-arm.o)
 .text._Unwind_decode_typeinfo_ptr.constprop.0
                0x000056f8        0xc c:/programdata/matlab/supportpackages/r2023b/3p.instrset/gnuarm-armcortex.instrset/win/bin/../lib/gcc/arm-none-eabi/11.3.1/thumb/v7e-m+fp/hard\libgcc.a(unwind-arm.o)
 .text._Unwind_DebugHook
                0x00005704        0x4 c:/programdata/matlab/supportpackages/r2023b/3p.instrset/gnuarm-armcortex.instrset/win/bin/../lib/gcc/arm-none-eabi/11.3.1/thumb/v7e-m+fp/hard\libgcc.a(unwind-arm.o)
 .text.unwind_phase2
                0x00005708       0x3c c:/programdata/matlab/supportpackages/r2023b/3p.instrset/gnuarm-armcortex.instrset/win/bin/../lib/gcc/arm-none-eabi/11.3.1/thumb/v7e-m+fp/hard\libgcc.a(unwind-arm.o)
 .text.unwind_phase2_forced
                0x00005744       0xcc c:/programdata/matlab/supportpackages/r2023b/3p.instrset/gnuarm-armcortex.instrset/win/bin/../lib/gcc/arm-none-eabi/11.3.1/thumb/v7e-m+fp/hard\libgcc.a(unwind-arm.o)
 .text.__gnu_Unwind_RaiseException
                0x00005810       0x68 c:/programdata/matlab/supportpackages/r2023b/3p.instrset/gnuarm-armcortex.instrset/win/bin/../lib/gcc/arm-none-eabi/11.3.1/thumb/v7e-m+fp/hard\libgcc.a(unwind-arm.o)
                0x00005810                __gnu_Unwind_RaiseException
 .text.__gnu_Unwind_ForcedUnwind
                0x00005878       0x10 c:/programdata/matlab/supportpackages/r2023b/3p.instrset/gnuarm-armcortex.instrset/win/bin/../lib/gcc/arm-none-eabi/11.3.1/thumb/v7e-m+fp/hard\libgcc.a(unwind-arm.o)
                0x00005878                __gnu_Unwind_ForcedUnwind
 .text.__gnu_Unwind_Resume
                0x00005888       0x44 c:/programdata/matlab/supportpackages/r2023b/3p.instrset/gnuarm-armcortex.instrset/win/bin/../lib/gcc/arm-none-eabi/11.3.1/thumb/v7e-m+fp/hard\libgcc.a(unwind-arm.o)
                0x00005888                __gnu_Unwind_Resume
 .text.__gnu_Unwind_Resume_or_Rethrow
                0x000058cc       0x14 c:/programdata/matlab/supportpackages/r2023b/3p.instrset/gnuarm-armcortex.instrset/win/bin/../lib/gcc/arm-none-eabi/11.3.1/thumb/v7e-m+fp/hard\libgcc.a(unwind-arm.o)
                0x000058cc                __gnu_Unwind_Resume_or_Rethrow
 .text._Unwind_VRS_Get
                0x000058e0       0x30 c:/programdata/matlab/supportpackages/r2023b/3p.instrset/gnuarm-armcortex.instrset/win/bin/../lib/gcc/arm-none-eabi/11.3.1/thumb/v7e-m+fp/hard\libgcc.a(unwind-arm.o)
                0x000058e0                _Unwind_VRS_Get
 .text._Unwind_GetGR
                0x00005910       0x1c c:/programdata/matlab/supportpackages/r2023b/3p.instrset/gnuarm-armcortex.instrset/win/bin/../lib/gcc/arm-none-eabi/11.3.1/thumb/v7e-m+fp/hard\libgcc.a(unwind-arm.o)
 .text._Unwind_VRS_Set
                0x0000592c       0x30 c:/programdata/matlab/supportpackages/r2023b/3p.instrset/gnuarm-armcortex.instrset/win/bin/../lib/gcc/arm-none-eabi/11.3.1/thumb/v7e-m+fp/hard\libgcc.a(unwind-arm.o)
                0x0000592c                _Unwind_VRS_Set
 .text._Unwind_SetGR
                0x0000595c       0x18 c:/programdata/matlab/supportpackages/r2023b/3p.instrset/gnuarm-armcortex.instrset/win/bin/../lib/gcc/arm-none-eabi/11.3.1/thumb/v7e-m+fp/hard\libgcc.a(unwind-arm.o)
 .text.__gnu_Unwind_Backtrace
                0x00005974       0x84 c:/programdata/matlab/supportpackages/r2023b/3p.instrset/gnuarm-armcortex.instrset/win/bin/../lib/gcc/arm-none-eabi/11.3.1/thumb/v7e-m+fp/hard\libgcc.a(unwind-arm.o)
                0x00005974                __gnu_Unwind_Backtrace
 .text.__gnu_unwind_pr_common
                0x000059f8      0x2a8 c:/programdata/matlab/supportpackages/r2023b/3p.instrset/gnuarm-armcortex.instrset/win/bin/../lib/gcc/arm-none-eabi/11.3.1/thumb/v7e-m+fp/hard\libgcc.a(unwind-arm.o)
 .text.__aeabi_unwind_cpp_pr0
                0x00005ca0        0x8 c:/programdata/matlab/supportpackages/r2023b/3p.instrset/gnuarm-armcortex.instrset/win/bin/../lib/gcc/arm-none-eabi/11.3.1/thumb/v7e-m+fp/hard\libgcc.a(unwind-arm.o)
                0x00005ca0                __aeabi_unwind_cpp_pr0
 .text.__aeabi_unwind_cpp_pr1
                0x00005ca8        0x8 c:/programdata/matlab/supportpackages/r2023b/3p.instrset/gnuarm-armcortex.instrset/win/bin/../lib/gcc/arm-none-eabi/11.3.1/thumb/v7e-m+fp/hard\libgcc.a(unwind-arm.o)
                0x00005ca8                __aeabi_unwind_cpp_pr1
 .text.__aeabi_unwind_cpp_pr2
                0x00005cb0        0x8 c:/programdata/matlab/supportpackages/r2023b/3p.instrset/gnuarm-armcortex.instrset/win/bin/../lib/gcc/arm-none-eabi/11.3.1/thumb/v7e-m+fp/hard\libgcc.a(unwind-arm.o)
                0x00005cb0                __aeabi_unwind_cpp_pr2
 .text._Unwind_VRS_Pop
                0x00005cb8      0x2b0 c:/programdata/matlab/supportpackages/r2023b/3p.instrset/gnuarm-armcortex.instrset/win/bin/../lib/gcc/arm-none-eabi/11.3.1/thumb/v7e-m+fp/hard\libgcc.a(unwind-arm.o)
                0x00005cb8                _Unwind_VRS_Pop
 .text.next_unwind_byte
                0x00005f68       0x38 c:/programdata/matlab/supportpackages/r2023b/3p.instrset/gnuarm-armcortex.instrset/win/bin/../lib/gcc/arm-none-eabi/11.3.1/thumb/v7e-m+fp/hard\libgcc.a(pr-support.o)
 .text.__gnu_unwind_execute
                0x00005fa0      0x28c c:/programdata/matlab/supportpackages/r2023b/3p.instrset/gnuarm-armcortex.instrset/win/bin/../lib/gcc/arm-none-eabi/11.3.1/thumb/v7e-m+fp/hard\libgcc.a(pr-support.o)
                0x00005fa0                __gnu_unwind_execute
 .text.abort    0x0000622c       0x10 c:/programdata/matlab/supportpackages/r2023b/3p.instrset/gnuarm-armcortex.instrset/win/bin/../lib/gcc/arm-none-eabi/11.3.1/thumb/v7e-m+fp/hard\libg.a(libc_a-abort.o)
                0x0000622c                abort
 .text.__assert_func
                0x0000623c       0x40 c:/programdata/matlab/supportpackages/r2023b/3p.instrset/gnuarm-armcortex.instrset/win/bin/../lib/gcc/arm-none-eabi/11.3.1/thumb/v7e-m+fp/hard\libg.a(libc_a-assert.o)
                0x0000623c                __assert_func
 .text.atexit   0x0000627c        0xc c:/programdata/matlab/supportpackages/r2023b/3p.instrset/gnuarm-armcortex.instrset/win/bin/../lib/gcc/arm-none-eabi/11.3.1/thumb/v7e-m+fp/hard\libg.a(libc_a-atexit.o)
                0x0000627c                atexit
 .text.exit     0x00006288       0x1c c:/programdata/matlab/supportpackages/r2023b/3p.instrset/gnuarm-armcortex.instrset/win/bin/../lib/gcc/arm-none-eabi/11.3.1/thumb/v7e-m+fp/hard\libg.a(libc_a-exit.o)
                0x00006288                exit
 .text._malloc_r
                0x000062a4      0x560 c:/programdata/matlab/supportpackages/r2023b/3p.instrset/gnuarm-armcortex.instrset/win/bin/../lib/gcc/arm-none-eabi/11.3.1/thumb/v7e-m+fp/hard\libg.a(libc_a-mallocr.o)
                0x000062a4                _malloc_r
 .text.__malloc_lock
                0x00006804        0xc c:/programdata/matlab/supportpackages/r2023b/3p.instrset/gnuarm-armcortex.instrset/win/bin/../lib/gcc/arm-none-eabi/11.3.1/thumb/v7e-m+fp/hard\libg.a(libc_a-mlock.o)
                0x00006804                __malloc_lock
 .text.__malloc_unlock
                0x00006810        0xc c:/programdata/matlab/supportpackages/r2023b/3p.instrset/gnuarm-armcortex.instrset/win/bin/../lib/gcc/arm-none-eabi/11.3.1/thumb/v7e-m+fp/hard\libg.a(libc_a-mlock.o)
                0x00006810                __malloc_unlock
 .text.fiprintf
                0x0000681c       0x28 c:/programdata/matlab/supportpackages/r2023b/3p.instrset/gnuarm-armcortex.instrset/win/bin/../lib/gcc/arm-none-eabi/11.3.1/thumb/v7e-m+fp/hard\libg.a(libc_a-fiprintf.o)
                0x0000681c                fiprintf
 .text.__sprint_r.part.0
                0x00006844       0x78 c:/programdata/matlab/supportpackages/r2023b/3p.instrset/gnuarm-armcortex.instrset/win/bin/../lib/gcc/arm-none-eabi/11.3.1/thumb/v7e-m+fp/hard\libg.a(libc_a-vfiprintf.o)
 .text._vfiprintf_r
                0x000068bc      0xf8c c:/programdata/matlab/supportpackages/r2023b/3p.instrset/gnuarm-armcortex.instrset/win/bin/../lib/gcc/arm-none-eabi/11.3.1/thumb/v7e-m+fp/hard\libg.a(libc_a-vfiprintf.o)
                0x000068bc                _vfiprintf_r
 .text.__sbprintf
                0x00007848       0x80 c:/programdata/matlab/supportpackages/r2023b/3p.instrset/gnuarm-armcortex.instrset/win/bin/../lib/gcc/arm-none-eabi/11.3.1/thumb/v7e-m+fp/hard\libg.a(libc_a-vfiprintf.o)
 .text.__sflush_r
                0x000078c8      0x130 c:/programdata/matlab/supportpackages/r2023b/3p.instrset/gnuarm-armcortex.instrset/win/bin/../lib/gcc/arm-none-eabi/11.3.1/thumb/v7e-m+fp/hard\libg.a(libc_a-fflush.o)
                0x000078c8                __sflush_r
 .text._fflush_r
                0x000079f8       0x54 c:/programdata/matlab/supportpackages/r2023b/3p.instrset/gnuarm-armcortex.instrset/win/bin/../lib/gcc/arm-none-eabi/11.3.1/thumb/v7e-m+fp/hard\libg.a(libc_a-fflush.o)
                0x000079f8                _fflush_r
 .text.stdio_exit_handler
                0x00007a4c       0x18 c:/programdata/matlab/supportpackages/r2023b/3p.instrset/gnuarm-armcortex.instrset/win/bin/../lib/gcc/arm-none-eabi/11.3.1/thumb/v7e-m+fp/hard\libg.a(libc_a-findfp.o)
 .text.cleanup_stdio
                0x00007a64       0x40 c:/programdata/matlab/supportpackages/r2023b/3p.instrset/gnuarm-armcortex.instrset/win/bin/../lib/gcc/arm-none-eabi/11.3.1/thumb/v7e-m+fp/hard\libg.a(libc_a-findfp.o)
 .text.global_stdio_init.part.0
                0x00007aa4       0xd4 c:/programdata/matlab/supportpackages/r2023b/3p.instrset/gnuarm-armcortex.instrset/win/bin/../lib/gcc/arm-none-eabi/11.3.1/thumb/v7e-m+fp/hard\libg.a(libc_a-findfp.o)
 .text.__sinit  0x00007b78       0x3c c:/programdata/matlab/supportpackages/r2023b/3p.instrset/gnuarm-armcortex.instrset/win/bin/../lib/gcc/arm-none-eabi/11.3.1/thumb/v7e-m+fp/hard\libg.a(libc_a-findfp.o)
                0x00007b78                __sinit
 .text.__sfp_lock_acquire
                0x00007bb4        0xc c:/programdata/matlab/supportpackages/r2023b/3p.instrset/gnuarm-armcortex.instrset/win/bin/../lib/gcc/arm-none-eabi/11.3.1/thumb/v7e-m+fp/hard\libg.a(libc_a-findfp.o)
                0x00007bb4                __sfp_lock_acquire
 .text.__sfp_lock_release
                0x00007bc0        0xc c:/programdata/matlab/supportpackages/r2023b/3p.instrset/gnuarm-armcortex.instrset/win/bin/../lib/gcc/arm-none-eabi/11.3.1/thumb/v7e-m+fp/hard\libg.a(libc_a-findfp.o)
                0x00007bc0                __sfp_lock_release
 .text.__sfvwrite_r
                0x00007bcc      0x2f4 c:/programdata/matlab/supportpackages/r2023b/3p.instrset/gnuarm-armcortex.instrset/win/bin/../lib/gcc/arm-none-eabi/11.3.1/thumb/v7e-m+fp/hard\libg.a(libc_a-fvwrite.o)
                0x00007bcc                __sfvwrite_r
 .text._fwalk_sglue
                0x00007ec0       0x48 c:/programdata/matlab/supportpackages/r2023b/3p.instrset/gnuarm-armcortex.instrset/win/bin/../lib/gcc/arm-none-eabi/11.3.1/thumb/v7e-m+fp/hard\libg.a(libc_a-fwalk.o)
                0x00007ec0                _fwalk_sglue
 .text.__sread  0x00007f08       0x24 c:/programdata/matlab/supportpackages/r2023b/3p.instrset/gnuarm-armcortex.instrset/win/bin/../lib/gcc/arm-none-eabi/11.3.1/thumb/v7e-m+fp/hard\libg.a(libc_a-stdio.o)
                0x00007f08                __sread
 .text.__swrite
                0x00007f2c       0x40 c:/programdata/matlab/supportpackages/r2023b/3p.instrset/gnuarm-armcortex.instrset/win/bin/../lib/gcc/arm-none-eabi/11.3.1/thumb/v7e-m+fp/hard\libg.a(libc_a-stdio.o)
                0x00007f2c                __swrite
 .text.__sseek  0x00007f6c       0x20 c:/programdata/matlab/supportpackages/r2023b/3p.instrset/gnuarm-armcortex.instrset/win/bin/../lib/gcc/arm-none-eabi/11.3.1/thumb/v7e-m+fp/hard\libg.a(libc_a-stdio.o)
                0x00007f6c                __sseek
 .text.__sclose
                0x00007f8c        0x8 c:/programdata/matlab/supportpackages/r2023b/3p.instrset/gnuarm-armcortex.instrset/win/bin/../lib/gcc/arm-none-eabi/11.3.1/thumb/v7e-m+fp/hard\libg.a(libc_a-stdio.o)
                0x00007f8c                __sclose
 .text.__swsetup_r
                0x00007f94       0xcc c:/programdata/matlab/supportpackages/r2023b/3p.instrset/gnuarm-armcortex.instrset/win/bin/../lib/gcc/arm-none-eabi/11.3.1/thumb/v7e-m+fp/hard\libg.a(libc_a-wsetup.o)
                0x00007f94                __swsetup_r
 .text.__fputwc
                0x00008060       0xac c:/programdata/matlab/supportpackages/r2023b/3p.instrset/gnuarm-armcortex.instrset/win/bin/../lib/gcc/arm-none-eabi/11.3.1/thumb/v7e-m+fp/hard\libg.a(libc_a-fputwc.o)
                0x00008060                __fputwc
 .text._fputwc_r
                0x0000810c       0x68 c:/programdata/matlab/supportpackages/r2023b/3p.instrset/gnuarm-armcortex.instrset/win/bin/../lib/gcc/arm-none-eabi/11.3.1/thumb/v7e-m+fp/hard\libg.a(libc_a-fputwc.o)
                0x0000810c                _fputwc_r
 .text.memmove  0x00008174       0xf8 c:/programdata/matlab/supportpackages/r2023b/3p.instrset/gnuarm-armcortex.instrset/win/bin/../lib/gcc/arm-none-eabi/11.3.1/thumb/v7e-m+fp/hard\libg.a(libc_a-memmove.o)
                0x00008174                memmove
 .text.memset   0x0000826c       0xa4 c:/programdata/matlab/supportpackages/r2023b/3p.instrset/gnuarm-armcortex.instrset/win/bin/../lib/gcc/arm-none-eabi/11.3.1/thumb/v7e-m+fp/hard\libg.a(libc_a-memset.o)
                0x0000826c                memset
 .text.strncpy  0x00008310       0x64 c:/programdata/matlab/supportpackages/r2023b/3p.instrset/gnuarm-armcortex.instrset/win/bin/../lib/gcc/arm-none-eabi/11.3.1/thumb/v7e-m+fp/hard\libg.a(libc_a-strncpy.o)
                0x00008310                strncpy
 .text.raise    0x00008374       0x5c c:/programdata/matlab/supportpackages/r2023b/3p.instrset/gnuarm-armcortex.instrset/win/bin/../lib/gcc/arm-none-eabi/11.3.1/thumb/v7e-m+fp/hard\libg.a(libc_a-signal.o)
                0x00008374                raise
 .text.__locale_mb_cur_max
                0x000083d0        0xc c:/programdata/matlab/supportpackages/r2023b/3p.instrset/gnuarm-armcortex.instrset/win/bin/../lib/gcc/arm-none-eabi/11.3.1/thumb/v7e-m+fp/hard\libg.a(libc_a-locale.o)
                0x000083d0                __locale_mb_cur_max
 .text._localeconv_r
                0x000083dc        0x8 c:/programdata/matlab/supportpackages/r2023b/3p.instrset/gnuarm-armcortex.instrset/win/bin/../lib/gcc/arm-none-eabi/11.3.1/thumb/v7e-m+fp/hard\libg.a(libc_a-localeconv.o)
                0x000083dc                _localeconv_r
 .text._close_r
                0x000083e4       0x24 c:/programdata/matlab/supportpackages/r2023b/3p.instrset/gnuarm-armcortex.instrset/win/bin/../lib/gcc/arm-none-eabi/11.3.1/thumb/v7e-m+fp/hard\libg.a(libc_a-closer.o)
                0x000083e4                _close_r
 .text._lseek_r
                0x00008408       0x2c c:/programdata/matlab/supportpackages/r2023b/3p.instrset/gnuarm-armcortex.instrset/win/bin/../lib/gcc/arm-none-eabi/11.3.1/thumb/v7e-m+fp/hard\libg.a(libc_a-lseekr.o)
                0x00008408                _lseek_r
 .text._read_r  0x00008434       0x2c c:/programdata/matlab/supportpackages/r2023b/3p.instrset/gnuarm-armcortex.instrset/win/bin/../lib/gcc/arm-none-eabi/11.3.1/thumb/v7e-m+fp/hard\libg.a(libc_a-readr.o)
                0x00008434                _read_r
 .text._kill_r  0x00008460       0x2c c:/programdata/matlab/supportpackages/r2023b/3p.instrset/gnuarm-armcortex.instrset/win/bin/../lib/gcc/arm-none-eabi/11.3.1/thumb/v7e-m+fp/hard\libg.a(libc_a-signalr.o)
                0x00008460                _kill_r
 .text._getpid_r
                0x0000848c        0x4 c:/programdata/matlab/supportpackages/r2023b/3p.instrset/gnuarm-armcortex.instrset/win/bin/../lib/gcc/arm-none-eabi/11.3.1/thumb/v7e-m+fp/hard\libg.a(libc_a-signalr.o)
                0x0000848c                _getpid_r
 .text._sbrk_r  0x00008490       0x24 c:/programdata/matlab/supportpackages/r2023b/3p.instrset/gnuarm-armcortex.instrset/win/bin/../lib/gcc/arm-none-eabi/11.3.1/thumb/v7e-m+fp/hard\libg.a(libc_a-sbrkr.o)
                0x00008490                _sbrk_r
 .text._write_r
                0x000084b4       0x2c c:/programdata/matlab/supportpackages/r2023b/3p.instrset/gnuarm-armcortex.instrset/win/bin/../lib/gcc/arm-none-eabi/11.3.1/thumb/v7e-m+fp/hard\libg.a(libc_a-writer.o)
                0x000084b4                _write_r
 .text.__errno  0x000084e0        0xc c:/programdata/matlab/supportpackages/r2023b/3p.instrset/gnuarm-armcortex.instrset/win/bin/../lib/gcc/arm-none-eabi/11.3.1/thumb/v7e-m+fp/hard\libg.a(libc_a-errno.o)
                0x000084e0                __errno
 .text.__libc_init_array
                0x000084ec       0x48 c:/programdata/matlab/supportpackages/r2023b/3p.instrset/gnuarm-armcortex.instrset/win/bin/../lib/gcc/arm-none-eabi/11.3.1/thumb/v7e-m+fp/hard\libg.a(libc_a-init.o)
                0x000084ec                __libc_init_array
 .text.__libc_fini_array
                0x00008534       0x28 c:/programdata/matlab/supportpackages/r2023b/3p.instrset/gnuarm-armcortex.instrset/win/bin/../lib/gcc/arm-none-eabi/11.3.1/thumb/v7e-m+fp/hard\libg.a(libc_a-fini.o)
                0x00008534                __libc_fini_array
 .text.__retarget_lock_init_recursive
                0x0000855c        0x4 c:/programdata/matlab/supportpackages/r2023b/3p.instrset/gnuarm-armcortex.instrset/win/bin/../lib/gcc/arm-none-eabi/11.3.1/thumb/v7e-m+fp/hard\libg.a(libc_a-lock.o)
                0x0000855c                __retarget_lock_init_recursive
 .text.__retarget_lock_close_recursive
                0x00008560        0x4 c:/programdata/matlab/supportpackages/r2023b/3p.instrset/gnuarm-armcortex.instrset/win/bin/../lib/gcc/arm-none-eabi/11.3.1/thumb/v7e-m+fp/hard\libg.a(libc_a-lock.o)
                0x00008560                __retarget_lock_close_recursive
 .text.__retarget_lock_acquire_recursive
                0x00008564        0x4 c:/programdata/matlab/supportpackages/r2023b/3p.instrset/gnuarm-armcortex.instrset/win/bin/../lib/gcc/arm-none-eabi/11.3.1/thumb/v7e-m+fp/hard\libg.a(libc_a-lock.o)
                0x00008564                __retarget_lock_acquire_recursive
 .text.__retarget_lock_release_recursive
                0x00008568        0x4 c:/programdata/matlab/supportpackages/r2023b/3p.instrset/gnuarm-armcortex.instrset/win/bin/../lib/gcc/arm-none-eabi/11.3.1/thumb/v7e-m+fp/hard\libg.a(libc_a-lock.o)
                0x00008568                __retarget_lock_release_recursive
 .text.__register_exitproc
                0x0000856c       0x88 c:/programdata/matlab/supportpackages/r2023b/3p.instrset/gnuarm-armcortex.instrset/win/bin/../lib/gcc/arm-none-eabi/11.3.1/thumb/v7e-m+fp/hard\libg.a(libc_a-__atexit.o)
                0x0000856c                __register_exitproc
 .text.startup.register_fini
                0x000085f4       0x14 c:/programdata/matlab/supportpackages/r2023b/3p.instrset/gnuarm-armcortex.instrset/win/bin/../lib/gcc/arm-none-eabi/11.3.1/thumb/v7e-m+fp/hard\libg.a(libc_a-__call_atexit.o)
 .text.__call_exitprocs
                0x00008608       0xc8 c:/programdata/matlab/supportpackages/r2023b/3p.instrset/gnuarm-armcortex.instrset/win/bin/../lib/gcc/arm-none-eabi/11.3.1/thumb/v7e-m+fp/hard\libg.a(libc_a-__call_atexit.o)
                0x00008608                __call_exitprocs
 .text._malloc_trim_r
                0x000086d0       0xa0 c:/programdata/matlab/supportpackages/r2023b/3p.instrset/gnuarm-armcortex.instrset/win/bin/../lib/gcc/arm-none-eabi/11.3.1/thumb/v7e-m+fp/hard\libg.a(libc_a-freer.o)
                0x000086d0                _malloc_trim_r
 .text._free_r  0x00008770      0x20c c:/programdata/matlab/supportpackages/r2023b/3p.instrset/gnuarm-armcortex.instrset/win/bin/../lib/gcc/arm-none-eabi/11.3.1/thumb/v7e-m+fp/hard\libg.a(libc_a-freer.o)
                0x00008770                _free_r
 .text.__ascii_mbtowc
                0x0000897c       0x2c c:/programdata/matlab/supportpackages/r2023b/3p.instrset/gnuarm-armcortex.instrset/win/bin/../lib/gcc/arm-none-eabi/11.3.1/thumb/v7e-m+fp/hard\libg.a(libc_a-mbtowc_r.o)
                0x0000897c                __ascii_mbtowc
 .text._realloc_r
                0x000089a8      0x3d8 c:/programdata/matlab/supportpackages/r2023b/3p.instrset/gnuarm-armcortex.instrset/win/bin/../lib/gcc/arm-none-eabi/11.3.1/thumb/v7e-m+fp/hard\libg.a(libc_a-reallocr.o)
                0x000089a8                _realloc_r
 .text.__ascii_wctomb
                0x00008d80       0x1c c:/programdata/matlab/supportpackages/r2023b/3p.instrset/gnuarm-armcortex.instrset/win/bin/../lib/gcc/arm-none-eabi/11.3.1/thumb/v7e-m+fp/hard\libg.a(libc_a-wctomb_r.o)
                0x00008d80                __ascii_wctomb
 .text._wcrtomb_r
                0x00008d9c       0x4c c:/programdata/matlab/supportpackages/r2023b/3p.instrset/gnuarm-armcortex.instrset/win/bin/../lib/gcc/arm-none-eabi/11.3.1/thumb/v7e-m+fp/hard\libg.a(libc_a-wcrtomb.o)
                0x00008d9c                _wcrtomb_r
 .text._wcsrtombs_r
                0x00008de8       0x18 c:/programdata/matlab/supportpackages/r2023b/3p.instrset/gnuarm-armcortex.instrset/win/bin/../lib/gcc/arm-none-eabi/11.3.1/thumb/v7e-m+fp/hard\libg.a(libc_a-wcsrtombs.o)
                0x00008de8                _wcsrtombs_r
 .text._fclose_r
                0x00008e00       0xc8 c:/programdata/matlab/supportpackages/r2023b/3p.instrset/gnuarm-armcortex.instrset/win/bin/../lib/gcc/arm-none-eabi/11.3.1/thumb/v7e-m+fp/hard\libg.a(libc_a-fclose.o)
                0x00008e00                _fclose_r
 .text.__smakebuf_r
                0x00008ec8       0xd8 c:/programdata/matlab/supportpackages/r2023b/3p.instrset/gnuarm-armcortex.instrset/win/bin/../lib/gcc/arm-none-eabi/11.3.1/thumb/v7e-m+fp/hard\libg.a(libc_a-makebuf.o)
                0x00008ec8                __smakebuf_r
 .text.__swbuf_r
                0x00008fa0       0xb0 c:/programdata/matlab/supportpackages/r2023b/3p.instrset/gnuarm-armcortex.instrset/win/bin/../lib/gcc/arm-none-eabi/11.3.1/thumb/v7e-m+fp/hard\libg.a(libc_a-wbuf.o)
                0x00008fa0                __swbuf_r
 .text._fstat_r
                0x00009050       0x2c c:/programdata/matlab/supportpackages/r2023b/3p.instrset/gnuarm-armcortex.instrset/win/bin/../lib/gcc/arm-none-eabi/11.3.1/thumb/v7e-m+fp/hard\libg.a(libc_a-fstatr.o)
                0x00009050                _fstat_r
 .text._isatty_r
                0x0000907c       0x24 c:/programdata/matlab/supportpackages/r2023b/3p.instrset/gnuarm-armcortex.instrset/win/bin/../lib/gcc/arm-none-eabi/11.3.1/thumb/v7e-m+fp/hard\libg.a(libc_a-isattyr.o)
                0x0000907c                _isatty_r
 .text._wcsnrtombs_l
                0x000090a0      0x108 c:/programdata/matlab/supportpackages/r2023b/3p.instrset/gnuarm-armcortex.instrset/win/bin/../lib/gcc/arm-none-eabi/11.3.1/thumb/v7e-m+fp/hard\libg.a(libc_a-wcsnrtombs.o)
                0x000090a0                _wcsnrtombs_l
 .text._wcsnrtombs_r
                0x000091a8       0x24 c:/programdata/matlab/supportpackages/r2023b/3p.instrset/gnuarm-armcortex.instrset/win/bin/../lib/gcc/arm-none-eabi/11.3.1/thumb/v7e-m+fp/hard\libg.a(libc_a-wcsnrtombs.o)
                0x000091a8                _wcsnrtombs_r
 .text._close   0x000091cc       0x10 c:/programdata/matlab/supportpackages/r2023b/3p.instrset/gnuarm-armcortex.instrset/win/bin/../lib/gcc/arm-none-eabi/11.3.1/thumb/v7e-m+fp/hard\libnosys.a(close.o)
                0x000091cc                _close
 .text._fstat   0x000091dc       0x10 c:/programdata/matlab/supportpackages/r2023b/3p.instrset/gnuarm-armcortex.instrset/win/bin/../lib/gcc/arm-none-eabi/11.3.1/thumb/v7e-m+fp/hard\libnosys.a(fstat.o)
                0x000091dc                _fstat
 .text._getpid  0x000091ec       0x10 c:/programdata/matlab/supportpackages/r2023b/3p.instrset/gnuarm-armcortex.instrset/win/bin/../lib/gcc/arm-none-eabi/11.3.1/thumb/v7e-m+fp/hard\libnosys.a(getpid.o)
                0x000091ec                _getpid
 .text._isatty  0x000091fc       0x10 c:/programdata/matlab/supportpackages/r2023b/3p.instrset/gnuarm-armcortex.instrset/win/bin/../lib/gcc/arm-none-eabi/11.3.1/thumb/v7e-m+fp/hard\libnosys.a(isatty.o)
                0x000091fc                _isatty
 .text._kill    0x0000920c       0x10 c:/programdata/matlab/supportpackages/r2023b/3p.instrset/gnuarm-armcortex.instrset/win/bin/../lib/gcc/arm-none-eabi/11.3.1/thumb/v7e-m+fp/hard\libnosys.a(kill.o)
                0x0000920c                _kill
 .text._lseek   0x0000921c       0x10 c:/programdata/matlab/supportpackages/r2023b/3p.instrset/gnuarm-armcortex.instrset/win/bin/../lib/gcc/arm-none-eabi/11.3.1/thumb/v7e-m+fp/hard\libnosys.a(lseek.o)
                0x0000921c                _lseek
 .text._read    0x0000922c       0x10 c:/programdata/matlab/supportpackages/r2023b/3p.instrset/gnuarm-armcortex.instrset/win/bin/../lib/gcc/arm-none-eabi/11.3.1/thumb/v7e-m+fp/hard\libnosys.a(read.o)
                0x0000922c                _read
 .text._write   0x0000923c       0x10 c:/programdata/matlab/supportpackages/r2023b/3p.instrset/gnuarm-armcortex.instrset/win/bin/../lib/gcc/arm-none-eabi/11.3.1/thumb/v7e-m+fp/hard\libnosys.a(write.o)
                0x0000923c                _write
 .text._exit    0x0000924c        0x4 c:/programdata/matlab/supportpackages/r2023b/3p.instrset/gnuarm-armcortex.instrset/win/bin/../lib/gcc/arm-none-eabi/11.3.1/thumb/v7e-m+fp/hard\libnosys.a(_exit.o)
                0x0000924c                _exit
 *(.rodata)
 .rodata        0x00009250       0x50 board.o
 *(.rodata*)
 .rodata.VOO_M  0x000092a0        0x4 VOO.o
                0x000092a0                VOO_M
 .rodata.g_defaultClockConfigRun
                0x000092a4       0x16 board.o
                0x000092a4                g_defaultClockConfigRun
 *fill*         0x000092ba        0x2 
 .rodata.__func__.0
                0x000092bc       0x14 board.o
 .rodata.os_maxtaskrun
                0x000092d0        0x2 RTX_Conf_CM.o
                0x000092d0                os_maxtaskrun
 *fill*         0x000092d2        0x2 
 .rodata.os_stackinfo
                0x000092d4        0x4 RTX_Conf_CM.o
                0x000092d4                os_stackinfo
 .rodata.os_trv
                0x000092d8        0x4 RTX_Conf_CM.o
                0x000092d8                os_trv
 .rodata.os_flags
                0x000092dc        0x1 RTX_Conf_CM.o
                0x000092dc                os_flags
 *fill*         0x000092dd        0x3 
 .rodata.os_clockrate
                0x000092e0        0x4 RTX_Conf_CM.o
                0x000092e0                os_clockrate
 .rodata.mp_tcb_size
                0x000092e4        0x2 RTX_Conf_CM.o
                0x000092e4                mp_tcb_size
 *fill*         0x000092e6        0x2 
 .rodata.mp_stk_size
                0x000092e8        0x4 RTX_Conf_CM.o
                0x000092e8                mp_stk_size
 .rodata.os_stack_sz
                0x000092ec        0x4 RTX_Conf_CM.o
                0x000092ec                os_stack_sz
 .rodata.os_fifo_size
                0x000092f0        0x1 RTX_Conf_CM.o
                0x000092f0                os_fifo_size
 *fill*         0x000092f1        0x3 
 .rodata.os_thread_def_osTimerThread
                0x000092f4       0x10 RTX_Conf_CM.o
                0x000092f4                os_thread_def_osTimerThread
 .rodata.os_messageQ_def_osTimerMessageQ
                0x00009304        0x8 RTX_Conf_CM.o
                0x00009304                os_messageQ_def_osTimerMessageQ
 .rodata.mp_tmr_size
                0x0000930c        0x2 RTX_Conf_CM.o
                0x0000930c                mp_tmr_size
 *fill*         0x0000930e        0x2 
 .rodata.os_thread_def_main
                0x00009310       0x10 RTX_Conf_CM.o
                0x00009310                os_thread_def_main
 .rodata.OSA_SemaCreate.str1.1
                0x00009320       0x45 C:/ProgramData/MATLAB/SupportPackages/R2023b/toolbox/target/supportpackages/freedomk64f/src/ksdk_armgcc_lib/bm/libksdk_platform.a(fsl_os_abstraction_bm.o)
 .rodata.__func__.16
                0x00009365        0xd C:/ProgramData/MATLAB/SupportPackages/R2023b/toolbox/target/supportpackages/freedomk64f/src/ksdk_armgcc_lib/bm/libksdk_platform.a(fsl_os_abstraction_bm.o)
 .rodata.CLOCK_SYS_Init.str1.1
                0x00009372       0x72 C:/ProgramData/MATLAB/SupportPackages/R2023b/toolbox/target/supportpackages/freedomk64f/src/ksdk_armgcc_lib/bm/libksdk_platform.a(fsl_clock_manager.o)
 .rodata.CLOCK_SYS_OscDeinit.str1.1
                0x000093e4       0x1e C:/ProgramData/MATLAB/SupportPackages/R2023b/toolbox/target/supportpackages/freedomk64f/src/ksdk_armgcc_lib/bm/libksdk_platform.a(fsl_clock_manager.o)
 .rodata.CLOCK_SYS_RtcOscInit.str1.1
                0x00009402       0x1e C:/ProgramData/MATLAB/SupportPackages/R2023b/toolbox/target/supportpackages/freedomk64f/src/ksdk_armgcc_lib/bm/libksdk_platform.a(fsl_clock_manager.o)
 .rodata.__func__.1
                0x00009420       0x15 C:/ProgramData/MATLAB/SupportPackages/R2023b/toolbox/target/supportpackages/freedomk64f/src/ksdk_armgcc_lib/bm/libksdk_platform.a(fsl_clock_manager.o)
 .rodata.__func__.3
                0x00009435       0x12 C:/ProgramData/MATLAB/SupportPackages/R2023b/toolbox/target/supportpackages/freedomk64f/src/ksdk_armgcc_lib/bm/libksdk_platform.a(fsl_clock_manager.o)
 *fill*         0x00009447        0x1 
 .rodata.g_oscBase
                0x00009448        0x4 C:/ProgramData/MATLAB/SupportPackages/R2023b/toolbox/target/supportpackages/freedomk64f/src/ksdk_armgcc_lib/bm/libksdk_platform.a(fsl_clock_manager_common.o)
                0x00009448                g_oscBase
 .rodata.CLOCK_SYS_SetConfiguration.str1.1
                0x0000944c       0x5c C:/ProgramData/MATLAB/SupportPackages/R2023b/toolbox/target/supportpackages/freedomk64f/src/ksdk_armgcc_lib/bm/libksdk_platform.a(fsl_clock_MK64F12.o)
 .rodata.CLOCK_SYS_EnablePortClock.str1.1
                0x000094a8       0x3a C:/ProgramData/MATLAB/SupportPackages/R2023b/toolbox/target/supportpackages/freedomk64f/src/ksdk_armgcc_lib/bm/libksdk_platform.a(fsl_clock_MK64F12.o)
 .rodata.__func__.20
                0x000094e2       0x1a C:/ProgramData/MATLAB/SupportPackages/R2023b/toolbox/target/supportpackages/freedomk64f/src/ksdk_armgcc_lib/bm/libksdk_platform.a(fsl_clock_MK64F12.o)
 .rodata.__func__.21
                0x000094fc       0x1b C:/ProgramData/MATLAB/SupportPackages/R2023b/toolbox/target/supportpackages/freedomk64f/src/ksdk_armgcc_lib/bm/libksdk_platform.a(fsl_clock_MK64F12.o)
 .rodata.portGateTable
                0x00009517        0x5 C:/ProgramData/MATLAB/SupportPackages/R2023b/toolbox/target/supportpackages/freedomk64f/src/ksdk_armgcc_lib/bm/libksdk_platform.a(fsl_clock_MK64F12.o)
 .rodata.g_edmaBase
                0x0000951c        0x4 C:/ProgramData/MATLAB/SupportPackages/R2023b/toolbox/target/supportpackages/freedomk64f/src/ksdk_armgcc_lib/bm/libksdk_platform.a(fsl_edma_common.o)
                0x0000951c                g_edmaBase
 .rodata.PORT_HAL_SetMuxMode.part.0.str1.1
                0x00009520       0x41 C:/ProgramData/MATLAB/SupportPackages/R2023b/toolbox/target/supportpackages/freedomk64f/src/ksdk_armgcc_lib/bm/libksdk_platform.a(fsl_gpio_driver.o)
 .rodata.GPIO_DRV_InputPinInit.str1.1
                0x00009561       0x7d C:/ProgramData/MATLAB/SupportPackages/R2023b/toolbox/target/supportpackages/freedomk64f/src/ksdk_armgcc_lib/bm/libksdk_platform.a(fsl_gpio_driver.o)
 .rodata.__func__.10
                0x000095de       0x12 C:/ProgramData/MATLAB/SupportPackages/R2023b/toolbox/target/supportpackages/freedomk64f/src/ksdk_armgcc_lib/bm/libksdk_platform.a(fsl_gpio_driver.o)
 .rodata.__func__.16
                0x000095f0       0x14 C:/ProgramData/MATLAB/SupportPackages/R2023b/toolbox/target/supportpackages/freedomk64f/src/ksdk_armgcc_lib/bm/libksdk_platform.a(fsl_gpio_driver.o)
 .rodata.fllFactorTable.2
                0x00009604       0x10 C:/ProgramData/MATLAB/SupportPackages/R2023b/toolbox/target/supportpackages/freedomk64f/src/ksdk_armgcc_lib/bm/libksdk_platform.a(fsl_mcg_hal.o)
 .rodata.g_rtcBase
                0x00009614        0x4 C:/ProgramData/MATLAB/SupportPackages/R2023b/toolbox/target/supportpackages/freedomk64f/src/ksdk_armgcc_lib/bm/libksdk_platform.a(fsl_rtc_common.o)
                0x00009614                g_rtcBase
 .rodata.UART_DRV_StartReceiveData.str1.1
                0x00009618       0x62 C:/ProgramData/MATLAB/SupportPackages/R2023b/toolbox/target/supportpackages/freedomk64f/src/ksdk_armgcc_lib/bm/libksdk_platform.a(fsl_uart_driver.o)
 .rodata.__func__.0