Archive member included to satisfy reference by file (symbol)

C:/ProgramData/MATLAB/SupportPackages/R2023b/3P.instrset/cmsis.instrset/CMSIS/RTOS/RTX/LIB/GCC/libRTX_CM4.a(rt_cmsis.o)
                              RTX_Conf_CM.o (osKernelInitialize)
C:/ProgramData/MATLAB/SupportPackages/R2023b/3P.instrset/cmsis.instrset/CMSIS/RTOS/RTX/LIB/GCC/libRTX_CM4.a(hal_cm.o)
                              C:/ProgramData/MATLAB/SupportPackages/R2023b/3P.instrset/cmsis.instrset/CMSIS/RTOS/RTX/LIB/GCC/libRTX_CM4.a(rt_cmsis.o) (rt_ret_val)
C:/ProgramData/MATLAB/SupportPackages/R2023b/3P.instrset/cmsis.instrset/CMSIS/RTOS/RTX/LIB/GCC/libRTX_CM4.a(rt_memory.o)
                              C:/ProgramData/MATLAB/SupportPackages/R2023b/3P.instrset/cmsis.instrset/CMSIS/RTOS/RTX/LIB/GCC/libRTX_CM4.a(rt_cmsis.o) (rt_init_mem)
C:/ProgramData/MATLAB/SupportPackages/R2023b/3P.instrset/cmsis.instrset/CMSIS/RTOS/RTX/LIB/GCC/libRTX_CM4.a(rt_membox.o)
                              C:/ProgramData/MATLAB/SupportPackages/R2023b/3P.instrset/cmsis.instrset/CMSIS/RTOS/RTX/LIB/GCC/libRTX_CM4.a(rt_cmsis.o) (_init_box)
C:/ProgramData/MATLAB/SupportPackages/R2023b/3P.instrset/cmsis.instrset/CMSIS/RTOS/RTX/LIB/GCC/libRTX_CM4.a(rt_mutex.o)
                              C:/ProgramData/MATLAB/SupportPackages/R2023b/3P.instrset/cmsis.instrset/CMSIS/RTOS/RTX/LIB/GCC/libRTX_CM4.a(rt_cmsis.o) (rt_mut_init)
C:/ProgramData/MATLAB/SupportPackages/R2023b/3P.instrset/cmsis.instrset/CMSIS/RTOS/RTX/LIB/GCC/libRTX_CM4.a(rt_time.o)
                              C:/ProgramData/MATLAB/SupportPackages/R2023b/3P.instrset/cmsis.instrset/CMSIS/RTOS/RTX/LIB/GCC/libRTX_CM4.a(rt_cmsis.o) (os_time)
C:/ProgramData/MATLAB/SupportPackages/R2023b/3P.instrset/cmsis.instrset/CMSIS/RTOS/RTX/LIB/GCC/libRTX_CM4.a(rt_semaphore.o)
                              C:/ProgramData/MATLAB/SupportPackages/R2023b/3P.instrset/cmsis.instrset/CMSIS/RTOS/RTX/LIB/GCC/libRTX_CM4.a(rt_cmsis.o) (rt_sem_init)
C:/ProgramData/MATLAB/SupportPackages/R2023b/3P.instrset/cmsis.instrset/CMSIS/RTOS/RTX/LIB/GCC/libRTX_CM4.a(rt_mailbox.o)
                              C:/ProgramData/MATLAB/SupportPackages/R2023b/3P.instrset/cmsis.instrset/CMSIS/RTOS/RTX/LIB/GCC/libRTX_CM4.a(rt_cmsis.o) (rt_mbx_init)
C:/ProgramData/MATLAB/SupportPackages/R2023b/3P.instrset/cmsis.instrset/CMSIS/RTOS/RTX/LIB/GCC/libRTX_CM4.a(rt_list.o)
                              C:/ProgramData/MATLAB/SupportPackages/R2023b/3P.instrset/cmsis.instrset/CMSIS/RTOS/RTX/LIB/GCC/libRTX_CM4.a(rt_cmsis.o) (rt_put_prio)
C:/ProgramData/MATLAB/SupportPackages/R2023b/3P.instrset/cmsis.instrset/CMSIS/RTOS/RTX/LIB/GCC/libRTX_CM4.a(rt_event.o)
                              C:/ProgramData/MATLAB/SupportPackages/R2023b/3P.instrset/cmsis.instrset/CMSIS/RTOS/RTX/LIB/GCC/libRTX_CM4.a(rt_cmsis.o) (rt_evt_wait)
C:/ProgramData/MATLAB/SupportPackages/R2023b/3P.instrset/cmsis.instrset/CMSIS/RTOS/RTX/LIB/GCC/libRTX_CM4.a(rt_system.o)
                              C:/ProgramData/MATLAB/SupportPackages/R2023b/3P.instrset/cmsis.instrset/CMSIS/RTOS/RTX/LIB/GCC/libRTX_CM4.a(rt_cmsis.o) (rt_suspend)
C:/ProgramData/MATLAB/SupportPackages/R2023b/3P.instrset/cmsis.instrset/CMSIS/RTOS/RTX/LIB/GCC/libRTX_CM4.a(rt_task.o)
                              C:/ProgramData/MATLAB/SupportPackages/R2023b/3P.instrset/cmsis.instrset/CMSIS/RTOS/RTX/LIB/GCC/libRTX_CM4.a(rt_system.o) (rt_switch_req)
C:/ProgramData/MATLAB/SupportPackages/R2023b/3P.instrset/cmsis.instrset/CMSIS/RTOS/RTX/LIB/GCC/libRTX_CM4.a(hal_cm4.o)
                              C:/ProgramData/MATLAB/SupportPackages/R2023b/3P.instrset/cmsis.instrset/CMSIS/RTOS/RTX/LIB/GCC/libRTX_CM4.a(rt_task.o) (rt_get_PSP)
C:/ProgramData/MATLAB/SupportPackages/R2023b/3P.instrset/cmsis.instrset/CMSIS/RTOS/RTX/LIB/GCC/libRTX_CM4.a(svc_table.o)
                              C:/ProgramData/MATLAB/SupportPackages/R2023b/3P.instrset/cmsis.instrset/CMSIS/RTOS/RTX/LIB/GCC/libRTX_CM4.a(hal_cm4.o) (SVC_Table)
C:/ProgramData/MATLAB/SupportPackages/R2023b/3P.instrset/cmsis.instrset/CMSIS/RTOS/RTX/LIB/GCC/libRTX_CM4.a(rt_robin.o)
                              C:/ProgramData/MATLAB/SupportPackages/R2023b/3P.instrset/cmsis.instrset/CMSIS/RTOS/RTX/LIB/GCC/libRTX_CM4.a(rt_system.o) (os_robin)
C:/ProgramData/MATLAB/SupportPackages/R2023b/toolbox/target/supportpackages/freedomk64f/src/ksdk_armgcc_lib/bm/libksdk_platform.a(fsl_os_abstraction_bm.o)
                              hardware_init.o (OSA_Init)
C:/ProgramData/MATLAB/SupportPackages/R2023b/toolbox/target/supportpackages/freedomk64f/src/ksdk_armgcc_lib/bm/libksdk_platform.a(fsl_clock_manager.o)
                              board.o (CLOCK_SYS_OscInit)
C:/ProgramData/MATLAB/SupportPackages/R2023b/toolbox/target/supportpackages/freedomk64f/src/ksdk_armgcc_lib/bm/libksdk_platform.a(fsl_clock_manager_common.o)
                              C:/ProgramData/MATLAB/SupportPackages/R2023b/toolbox/target/supportpackages/freedomk64f/src/ksdk_armgcc_lib/bm/libksdk_platform.a(fsl_clock_manager.o) (g_oscBase)
[...]
Memory Configuration

Name             Origin             Length             Attributes
m_interrupts     0x00000000         0x00000400         xr
m_flash_config   0x00000400         0x00000010         xr
m_text           0x00000410         0x000ffbf0         xr
m_data_2         0x1fff0000         0x00010000         rw
m_data           0x20000000         0x00030000         rw
*default*        0x00000000         0xffffffff

Linker script and memory map

LOAD c:/programdata/matlab/supportpackages/r2023b/3p.instrset/gnuarm-armcortex.instrset/win/bin/../lib/gcc/arm-none-eabi/11.3.1/thumb/v7e-m+fp/hard/crti.o
LOAD c:/programdata/matlab/supportpackages/r2023b/3p.instrset/gnuarm-armcortex.instrset/win/bin/../lib/gcc/arm-none-eabi/11.3.1/thumb/v7e-m+fp/hard/crtbegin.o
LOAD c:/programdata/matlab/supportpackages/r2023b/3p.instrset/gnuarm-armcortex.instrset/win/bin/../lib/gcc/arm-none-eabi/11.3.1/thumb/v7e-m+fp/hard/crt0.o
LOAD MW_digitalIO.o
LOAD mw_sdk_interface.o
LOAD ert_main.o
LOAD untitled.o
LOAD untitled_data.o
LOAD startup.o
LOAD system_MK64F12.o
LOAD startup_MK64F12.o
LOAD board.o
LOAD hardware_init.o
LOAD pin_mux.o
LOAD fsl_misc_utilities.o
LOAD fsl_edma_irq.o
LOAD fsl_uart_irq.o
LOAD irq_stub.o
LOAD sbrk.o
LOAD cmsis_rtos_init.o
LOAD RTX_Conf_CM.o
LOAD mw_thread.o
LOAD mw_semaphore.o
LOAD mw_timer.o
LOAD mw_signal.o
LOAD C:/ProgramData/MATLAB/SupportPackages/R2023b/3P.instrset/cmsis_dsp.instrset/Lib/GCC/arm_cortexm4ldfsp_math/libCMSISDSP.a
LOAD C:/ProgramData/MATLAB/SupportPackages/R2023b/3P.instrset/cmsis.instrset/CMSIS/RTOS/RTX/LIB/GCC/libRTX_CM4.a
LOAD C:/ProgramData/MATLAB/SupportPackages/R2023b/toolbox/target/supportpackages/freedomk64f/src/ksdk_armgcc_lib/bm/libksdk_platform.a
LOAD c:/programdata/matlab/supportpackages/r2023b/3p.instrset/gnuarm-armcortex.instrset/win/bin/../lib/gcc/arm-none-eabi/11.3.1/thumb/v7e-m+fp/hard\libstdc++.a
LOAD c:/programdata/matlab/supportpackages/r2023b/3p.instrset/gnuarm-armcortex.instrset/win/bin/../lib/gcc/arm-none-eabi/11.3.1/thumb/v7e-m+fp/hard\libm.a
START GROUP
LOAD c:/programdata/matlab/supportpackages/r2023b/3p.instrset/gnuarm-armcortex.instrset/win/bin/../lib/gcc/arm-none-eabi/11.3.1/thumb/v7e-m+fp/hard\libgcc.a
LOAD c:/programdata/matlab/supportpackages/r2023b/3p.instrset/gnuarm-armcortex.instrset/win/bin/../lib/gcc/arm-none-eabi/11.3.1/thumb/v7e-m+fp/hard\libg.a
LOAD c:/programdata/matlab/supportpackages/r2023b/3p.instrset/gnuarm-armcortex.instrset/win/bin/../lib/gcc/arm-none-eabi/11.3.1/thumb/v7e-m+fp/hard\libc.a
END GROUP
START GROUP
LOAD c:/programdata/matlab/supportpackages/r2023b/3p.instrset/gnuarm-armcortex.instrset/win/bin/../lib/gcc/arm-none-eabi/11.3.1/thumb/v7e-m+fp/hard\libgcc.a
LOAD c:/programdata/matlab/supportpackages/r2023b/3p.instrset/gnuarm-armcortex.instrset/win/bin/../lib/gcc/arm-none-eabi/11.3.1/thumb/v7e-m+fp/hard\libc.a
LOAD c:/programdata/matlab/supportpackages/r2023b/3p.instrset/gnuarm-armcortex.instrset/win/bin/../lib/gcc/arm-none-eabi/11.3.1/thumb/v7e-m+fp/hard\libnosys.a
END GROUP
LOAD c:/programdata/matlab/supportpackages/r2023b/3p.instrset/gnuarm-armcortex.instrset/win/bin/../lib/gcc/arm-none-eabi/11.3.1/thumb/v7e-m+fp/hard/crtend.o
LOAD c:/programdata/matlab/supportpackages/r2023b/3p.instrset/gnuarm-armcortex.instrset/win/bin/../lib/gcc/arm-none-eabi/11.3.1/thumb/v7e-m+fp/hard/crtn.o
                0x00000400                HEAP_SIZE = DEFINED (__heap_size__)?__heap_size__:0x400
                0x00000400                STACK_SIZE = DEFINED (__stack_size__)?__stack_size__:0x400
                0x00000000                M_VECTOR_RAM_SIZE = DEFINED (__ram_vector_table__)?0x400:0x0

.interrupts     0x00000000      0x400
                0x00000000                __VECTOR_TABLE = .
                0x00000000                . = ALIGN (0x4)
 *(.isr_vector)
 .isr_vector    0x00000000      0x400 startup_MK64F12.o
                0x00000000                __isr_vector
                0x00000400                . = ALIGN (0x4)

.flash_config   0x00000400       0x10
                0x00000400                . = ALIGN (0x4)
 *(.FlashConfig)
 .FlashConfig   0x00000400       0x10 startup_MK64F12.o
                0x00000410                . = ALIGN (0x4)

.text           0x00000440     0x8a84
                0x00000440                . = ALIGN (0x4)
 *(.text)
 .text          0x00000440       0x7c c:/programdata/matlab/supportpackages/r2023b/3p.instrset/gnuarm-armcortex.instrset/win/bin/../lib/gcc/arm-none-eabi/11.3.1/thumb/v7e-m+fp/hard/crt0.o
                0x00000440                _stack_init
                0x00000448                _start
                0x00000448                _mainCRTStartup
 .text          0x000004bc       0x14 startup_MK64F12.o
                0x000004bc                Reset_Handler
                0x000004cc                ENET_Receive_IRQHandler
                0x000004cc                ENET_1588_Timer_IRQHandler
                0x000004cc                DefaultISR
                0x000004cc                PIT2_IRQHandler
                0x000004cc                PIT0_IRQHandler
                0x000004cc                ENET_Error_IRQHandler
                0x000004cc                PIT3_IRQHandler
                0x000004cc                SDHC_IRQHandler
                0x000004cc                ENET_Transmit_IRQHandler
                0x000004cc                PIT1_IRQHandler
 .text          0x000004d0      0x198 C:/ProgramData/MATLAB/SupportPackages/R2023b/3P.instrset/cmsis.instrset/CMSIS/RTOS/RTX/LIB/GCC/libRTX_CM4.a(hal_cm4.o)
                0x000004d0                rt_set_PSP
                0x000004d6                rt_get_PSP
                0x000004dc                os_set_env
                0x000004f4                _alloc_box
                0x00000510                _free_box
                0x0000052c                SVC_Handler
                0x000005d2                PendSV_Handler
                0x000005d8                Sys_Switch
                0x00000632                SysTick_Handler
                0x0000063c                OS_Tick_Handler
 .text          0x00000668      0x110 c:/programdata/matlab/supportpackages/r2023b/3p.instrset/gnuarm-armcortex.instrset/win/bin/../lib/gcc/arm-none-eabi/11.3.1/thumb/v7e-m+fp/hard\libgcc.a(_arm_cmpdf2.o)
                0x00000668                __gtdf2
                0x00000668                __gedf2
                0x00000670                __ltdf2
                0x00000670                __ledf2
                0x00000678                __nedf2
                0x00000678                __eqdf2
                0x00000678                __cmpdf2
                0x000006f4                __aeabi_cdrcmple
                0x00000704                __aeabi_cdcmpeq
                0x00000704                __aeabi_cdcmple
                0x00000714                __aeabi_dcmpeq
                0x00000728                __aeabi_dcmplt
                0x0000073c                __aeabi_dcmple
                0x00000750                __aeabi_dcmpge
                0x00000764                __aeabi_dcmpgt
 .text          0x00000778       0x30 c:/programdata/matlab/supportpackages/r2023b/3p.instrset/gnuarm-armcortex.instrset/win/bin/../lib/gcc/arm-none-eabi/11.3.1/thumb/v7e-m+fp/hard\libgcc.a(_aeabi_uldivmod.o)
                0x00000778                __aeabi_uldivmod
 .text          0x000007a8      0x1ac c:/programdata/matlab/supportpackages/r2023b/3p.instrset/gnuarm-armcortex.instrset/win/bin/../lib/gcc/arm-none-eabi/11.3.1/thumb/v7e-m+fp/hard\libgcc.a(libunwind.o)
                0x000007a8                __restore_core_regs
                0x000007a8                restore_core_regs
                0x000007c0                __gnu_Unwind_Restore_VFP
                0x000007c8                __gnu_Unwind_Save_VFP
                0x000007d0                __gnu_Unwind_Restore_VFP_D
                0x000007d8                __gnu_Unwind_Save_VFP_D
                0x000007e0                __gnu_Unwind_Restore_VFP_D_16_to_31
                0x000007e8                __gnu_Unwind_Save_VFP_D_16_to_31
                0x000007f0                __gnu_Unwind_Restore_WMMXD
                0x00000834                __gnu_Unwind_Save_WMMXD
                0x00000878                __gnu_Unwind_Restore_WMMXC
                0x0000088c                __gnu_Unwind_Save_WMMXC
                0x000008a0                ___Unwind_RaiseException
                0x000008a0                _Unwind_RaiseException
                0x000008c4                _Unwind_Resume
                0x000008c4                ___Unwind_Resume
                0x000008e8                _Unwind_Resume_or_Rethrow
                0x000008e8                ___Unwind_Resume_or_Rethrow
                0x0000090c                _Unwind_ForcedUnwind
                0x0000090c                ___Unwind_ForcedUnwind
                0x00000930                ___Unwind_Backtrace
                0x00000930                _Unwind_Backtrace
 .text          0x00000954        0x4 c:/programdata/matlab/supportpackages/r2023b/3p.instrset/gnuarm-armcortex.instrset/win/bin/../lib/gcc/arm-none-eabi/11.3.1/thumb/v7e-m+fp/hard\libgcc.a(_dvmd_tls.o)
                0x00000954                __aeabi_idiv0
                0x00000954                __aeabi_ldiv0
 *fill*         0x00000958        0x8 
 .text          0x00000960       0xa0 c:/programdata/matlab/supportpackages/r2023b/3p.instrset/gnuarm-armcortex.instrset/win/bin/../lib/gcc/arm-none-eabi/11.3.1/thumb/v7e-m+fp/hard\libg.a(libc_a-memchr.o)
                0x00000960                memchr
 .text          0x00000a00      0x134 c:/programdata/matlab/supportpackages/r2023b/3p.instrset/gnuarm-armcortex.instrset/win/bin/../lib/gcc/arm-none-eabi/11.3.1/thumb/v7e-m+fp/hard\libg.a(libc_a-memcpy.o)
                0x00000a00                memcpy
 *fill*         0x00000b34        0xc 
 .text          0x00000b40       0xdc c:/programdata/matlab/supportpackages/r2023b/3p.instrset/gnuarm-armcortex.instrset/win/bin/../lib/gcc/arm-none-eabi/11.3.1/thumb/v7e-m+fp/hard\libg.a(libc_a-strlen.o)
                0x00000b40                strlen
 *(.text*)
 .text.deregister_tm_clones
                0x00000c1c       0x1c c:/programdata/matlab/supportpackages/r2023b/3p.instrset/gnuarm-armcortex.instrset/win/bin/../lib/gcc/arm-none-eabi/11.3.1/thumb/v7e-m+fp/hard/crtbegin.o
 .text.register_tm_clones
                0x00000c38       0x24 c:/programdata/matlab/supportpackages/r2023b/3p.instrset/gnuarm-armcortex.instrset/win/bin/../lib/gcc/arm-none-eabi/11.3.1/thumb/v7e-m+fp/hard/crtbegin.o
 .text.__do_global_dtors_aux
                0x00000c5c       0x28 c:/programdata/matlab/supportpackages/r2023b/3p.instrset/gnuarm-armcortex.instrset/win/bin/../lib/gcc/arm-none-eabi/11.3.1/thumb/v7e-m+fp/hard/crtbegin.o
 .text.frame_dummy
                0x00000c84       0x24 c:/programdata/matlab/supportpackages/r2023b/3p.instrset/gnuarm-armcortex.instrset/win/bin/../lib/gcc/arm-none-eabi/11.3.1/thumb/v7e-m+fp/hard/crtbegin.o
 .text.MW_digitalIO_open
                0x00000ca8       0xe0 MW_digitalIO.o
                0x00000ca8                MW_digitalIO_open
 .text.MW_digitalIO_read
                0x00000d88       0x70 MW_digitalIO.o
                0x00000d88                MW_digitalIO_read
 .text.MW_digitalIO_write
                0x00000df8       0x7e MW_digitalIO.o
                0x00000df8                MW_digitalIO_write
 .text.MW_digitalIO_close
                0x00000e76       0x3c MW_digitalIO.o
                0x00000e76                MW_digitalIO_close
 *fill*         0x00000eb2        0x2 
 .text.baseRateTask
                0x00000eb4       0x7c ert_main.o
                0x00000eb4                baseRateTask
 .text.terminateTask
                0x00000f30       0x34 ert_main.o
                0x00000f30                terminateTask
 .text.main     0x00000f64       0x48 ert_main.o
                0x00000f64                main
 .text.untitled_step
                0x00000fac      0x120 untitled.o
                0x00000fac                untitled_step
 .text.untitled_initialize
                0x000010cc       0xa8 untitled.o
                0x000010cc                untitled_initialize
 .text.untitled_terminate
                0x00001174       0xc0 untitled.o
                0x00001174                untitled_terminate
 .text.init_data_bss
                0x00001234       0xd0 startup.o
                0x00001234                init_data_bss
 .text.SystemInit
                0x00001304      0x1d0 system_MK64F12.o
                0x00001304                SystemInit
 .text.SystemCoreClockUpdate
                0x000014d4      0x290 system_MK64F12.o
                0x000014d4                SystemCoreClockUpdate
 .text.PORT_HAL_SetMuxMode
                0x00001764       0x58 board.o
 .text.SMC_HAL_SetProtection
                0x000017bc       0x1e board.o
 *fill*         0x000017da        0x2 
 .text.BOARD_InitOsc0
                0x000017dc       0x30 board.o
                0x000017dc                BOARD_InitOsc0
 .text.BOARD_InitRtcOsc
                0x0000180c       0x28 board.o
                0x0000180c                BOARD_InitRtcOsc
 .text.BOARD_ClockInit
                0x00001834       0x34 board.o
                0x00001834                BOARD_ClockInit
 .text.hardware_init
                0x00001868       0x30 hardware_init.o
                0x00001868                hardware_init
 .text.DMA0_IRQHandler
                0x00001898        0xe fsl_edma_irq.o
                0x00001898                DMA0_IRQHandler
 .text.DMA1_IRQHandler
                0x000018a6        0xe fsl_edma_irq.o
                0x000018a6                DMA1_IRQHandler
 .text.DMA2_IRQHandler
                0x000018b4        0xe fsl_edma_irq.o
                0x000018b4                DMA2_IRQHandler
 .text.DMA3_IRQHandler
                0x000018c2        0xe fsl_edma_irq.o
                0x000018c2                DMA3_IRQHandler
 .text.DMA4_IRQHandler
                0x000018d0        0xe fsl_edma_irq.o
                0x000018d0                DMA4_IRQHandler
 .text.DMA5_IRQHandler
                0x000018de        0xe fsl_edma_irq.o
                0x000018de                DMA5_IRQHandler
 .text.DMA6_IRQHandler
                0x000018ec        0xe fsl_edma_irq.o
                0x000018ec                DMA6_IRQHandler
 .text.DMA7_IRQHandler
                0x000018fa        0xe fsl_edma_irq.o
                0x000018fa                DMA7_IRQHandler
 .text.DMA8_IRQHandler
                0x00001908        0xe fsl_edma_irq.o
                0x00001908                DMA8_IRQHandler
 .text.DMA9_IRQHandler
                0x00001916        0xe fsl_edma_irq.o
                0x00001916                DMA9_IRQHandler
 .text.DMA10_IRQHandler
                0x00001924        0xe fsl_edma_irq.o
                0x00001924                DMA10_IRQHandler
 .text.DMA11_IRQHandler
                0x00001932        0xe fsl_edma_irq.o
                0x00001932                DMA11_IRQHandler
 .text.DMA12_IRQHandler
                0x00001940        0xe fsl_edma_irq.o
                0x00001940                DMA12_IRQHandler
 .text.DMA13_IRQHandler
                0x0000194e        0xe fsl_edma_irq.o
                0x0000194e                DMA13_IRQHandler
 .text.DMA14_IRQHandler
                0x0000195c        0xe fsl_edma_irq.o
                0x0000195c                DMA14_IRQHandler
 .text.DMA15_IRQHandler
                0x0000196a        0xe fsl_edma_irq.o
                0x0000196a                DMA15_IRQHandler
 .text.DMA_Error_IRQHandler
                0x00001978        0xe fsl_edma_irq.o
                0x00001978                DMA_Error_IRQHandler
 .text.UART0_RX_TX_IRQHandler
                0x00001986        0xe fsl_uart_irq.o
                0x00001986                UART0_RX_TX_IRQHandler
 .text.UART1_RX_TX_IRQHandler
                0x00001994        0xe fsl_uart_irq.o
                0x00001994                UART1_RX_TX_IRQHandler
 .text.UART2_RX_TX_IRQHandler
                0x000019a2        0xe fsl_uart_irq.o
                0x000019a2                UART2_RX_TX_IRQHandler
 .text.UART3_RX_TX_IRQHandler
                0x000019b0        0xe fsl_uart_irq.o
                0x000019b0                UART3_RX_TX_IRQHandler
 .text.UART4_RX_TX_IRQHandler
                0x000019be        0xe fsl_uart_irq.o
                0x000019be                UART4_RX_TX_IRQHandler
 .text.UART5_RX_TX_IRQHandler
                0x000019cc        0xe fsl_uart_irq.o
                0x000019cc                UART5_RX_TX_IRQHandler
 .text.NMI_Handler
                0x000019da        0x6 irq_stub.o
                0x000019da                NMI_Handler
 .text.HardFault_Handler
                0x000019e0        0x6 irq_stub.o
                0x000019e0                HardFault_Handler
 .text.MemManage_Handler
                0x000019e6        0x6 irq_stub.o
                0x000019e6                MemManage_Handler
 .text.BusFault_Handler
                0x000019ec        0x6 irq_stub.o
                0x000019ec                BusFault_Handler
 .text.UsageFault_Handler
                0x000019f2        0x6 irq_stub.o
                0x000019f2                UsageFault_Handler
 .text.DebugMon_Handler
                0x000019f8        0x6 irq_stub.o
                0x000019f8                DebugMon_Handler
 .text.MCM_IRQHandler
                0x000019fe        0x6 irq_stub.o
                0x000019fe                MCM_IRQHandler
 .text.FTFE_IRQHandler
                0x00001a04        0x6 irq_stub.o
                0x00001a04                FTFE_IRQHandler
 .text.Read_Collision_IRQHandler
                0x00001a0a        0x6 irq_stub.o
                0x00001a0a                Read_Collision_IRQHandler
 .text.LVD_LVW_IRQHandler
                0x00001a10        0x6 irq_stub.o
                0x00001a10                LVD_LVW_IRQHandler
 .text.LLWU_IRQHandler
                0x00001a16        0x6 irq_stub.o
                0x00001a16                LLWU_IRQHandler
 .text.WDOG_EWM_IRQHandler
                0x00001a1c        0x6 irq_stub.o
                0x00001a1c                WDOG_EWM_IRQHandler
 .text.RNG_IRQHandler
                0x00001a22        0x6 irq_stub.o
                0x00001a22                RNG_IRQHandler
 .text.I2C0_IRQHandler
                0x00001a28        0x6 irq_stub.o
                0x00001a28                I2C0_IRQHandler
 .text.I2C1_IRQHandler
                0x00001a2e        0x6 irq_stub.o
                0x00001a2e                I2C1_IRQHandler
 .text.SPI0_IRQHandler
                0x00001a34        0x6 irq_stub.o
                0x00001a34                SPI0_IRQHandler
 .text.SPI1_IRQHandler
                0x00001a3a        0x6 irq_stub.o
                0x00001a3a                SPI1_IRQHandler
 .text.I2S0_Tx_IRQHandler
                0x00001a40        0x6 irq_stub.o
                0x00001a40                I2S0_Tx_IRQHandler
 .text.I2S0_Rx_IRQHandler
                0x00001a46        0x6 irq_stub.o
                0x00001a46                I2S0_Rx_IRQHandler
 .text.UART0_LON_IRQHandler
                0x00001a4c        0x6 irq_stub.o
                0x00001a4c                UART0_LON_IRQHandler
 .text.UART0_ERR_IRQHandler
                0x00001a52        0x6 irq_stub.o
                0x00001a52                UART0_ERR_IRQHandler
 .text.UART1_ERR_IRQHandler
                0x00001a58        0x6 irq_stub.o
                0x00001a58                UART1_ERR_IRQHandler
 .text.UART2_ERR_IRQHandler
                0x00001a5e        0x6 irq_stub.o
                0x00001a5e                UART2_ERR_IRQHandler
 .text.UART3_ERR_IRQHandler
                0x00001a64        0x6 irq_stub.o
                0x00001a64                UART3_ERR_IRQHandler
 .text.ADC0_IRQHandler
                0x00001a6a        0x6 irq_stub.o
                0x00001a6a                ADC0_IRQHandler
 .text.CMP0_IRQHandler
                0x00001a70        0x6 irq_stub.o
                0x00001a70                CMP0_IRQHandler
 .text.CMP1_IRQHandler
                0x00001a76        0x6 irq_stub.o
                0x00001a76                CMP1_IRQHandler
 .text.FTM0_IRQHandler
                0x00001a7c        0x6 irq_stub.o
                0x00001a7c                FTM0_IRQHandler
 .text.FTM1_IRQHandler
                0x00001a82        0x6 irq_stub.o
                0x00001a82                FTM1_IRQHandler
 .text.FTM2_IRQHandler
                0x00001a88        0x6 irq_stub.o
                0x00001a88                FTM2_IRQHandler
 .text.CMT_IRQHandler
                0x00001a8e        0x6 irq_stub.o
                0x00001a8e                CMT_IRQHandler
 .text.RTC_IRQHandler
                0x00001a94        0x6 irq_stub.o
                0x00001a94                RTC_IRQHandler
 .text.RTC_Seconds_IRQHandler
                0x00001a9a        0x6 irq_stub.o
                0x00001a9a                RTC_Seconds_IRQHandler
 .text.PDB0_IRQHandler
                0x00001aa0        0x6 irq_stub.o
                0x00001aa0                PDB0_IRQHandler
 .text.USB0_IRQHandler
                0x00001aa6        0x6 irq_stub.o
                0x00001aa6                USB0_IRQHandler
 .text.USBDCD_IRQHandler
                0x00001aac        0x6 irq_stub.o
                0x00001aac                USBDCD_IRQHandler
 .text.Reserved71_IRQHandler
                0x00001ab2        0x6 irq_stub.o
                0x00001ab2                Reserved71_IRQHandler
 .text.DAC0_IRQHandler
                0x00001ab8        0x6 irq_stub.o
                0x00001ab8                DAC0_IRQHandler
 .text.MCG_IRQHandler
                0x00001abe        0x6 irq_stub.o
                0x00001abe                MCG_IRQHandler
 .text.LPTMR0_IRQHandler
                0x00001ac4        0x6 irq_stub.o
                0x00001ac4                LPTMR0_IRQHandler
 .text.PORTA_IRQHandler
                0x00001aca        0x6 irq_stub.o
                0x00001aca                PORTA_IRQHandler
 .text.PORTB_IRQHandler
                0x00001ad0        0x6 irq_stub.o
                0x00001ad0                PORTB_IRQHandler
 .text.PORTC_IRQHandler
                0x00001ad6        0x6 irq_stub.o
                0x00001ad6                PORTC_IRQHandler
 .text.PORTD_IRQHandler
                0x00001adc        0x6 irq_stub.o
                0x00001adc                PORTD_IRQHandler
 .text.PORTE_IRQHandler
                0x00001ae2        0x6 irq_stub.o
                0x00001ae2                PORTE_IRQHandler
 .text.SWI_IRQHandler
                0x00001ae8        0x6 irq_stub.o
                0x00001ae8                SWI_IRQHandler
 .text.SPI2_IRQHandler
                0x00001aee        0x6 irq_stub.o
                0x00001aee                SPI2_IRQHandler
 .text.UART4_ERR_IRQHandler
                0x00001af4        0x6 irq_stub.o
                0x00001af4                UART4_ERR_IRQHandler
 .text.UART5_ERR_IRQHandler
                0x00001afa        0x6 irq_stub.o
                0x00001afa                UART5_ERR_IRQHandler
 .text.CMP2_IRQHandler
                0x00001b00        0x6 irq_stub.o
                0x00001b00                CMP2_IRQHandler
 .text.FTM3_IRQHandler
                0x00001b06        0x6 irq_stub.o
                0x00001b06                FTM3_IRQHandler
 .text.DAC1_IRQHandler
                0x00001b0c        0x6 irq_stub.o
                0x00001b0c                DAC1_IRQHandler
 .text.ADC1_IRQHandler
                0x00001b12        0x6 irq_stub.o
                0x00001b12                ADC1_IRQHandler
 .text.I2C2_IRQHandler
                0x00001b18        0x6 irq_stub.o
                0x00001b18                I2C2_IRQHandler
 .text.CAN0_ORed_Message_buffer_IRQHandler
                0x00001b1e        0x6 irq_stub.o
                0x00001b1e                CAN0_ORed_Message_buffer_IRQHandler
 .text.CAN0_Bus_Off_IRQHandler
                0x00001b24        0x6 irq_stub.o
                0x00001b24                CAN0_Bus_Off_IRQHandler
 .text.CAN0_Error_IRQHandler
                0x00001b2a        0x6 irq_stub.o
                0x00001b2a                CAN0_Error_IRQHandler
 .text.CAN0_Tx_Warning_IRQHandler
                0x00001b30        0x6 irq_stub.o
                0x00001b30                CAN0_Tx_Warning_IRQHandler
 .text.CAN0_Rx_Warning_IRQHandler
                0x00001b36        0x6 irq_stub.o
                0x00001b36                CAN0_Rx_Warning_IRQHandler
 .text.CAN0_Wake_Up_IRQHandler
                0x00001b3c        0x6 irq_stub.o
                0x00001b3c                CAN0_Wake_Up_IRQHandler
 *fill*         0x00001b42        0x2 
 .text._sbrk    0x00001b44       0x5c sbrk.o
                0x00001b44                _sbrk
 .text.schedulerTask
                0x00001ba0       0x1c cmsis_rtos_init.o
                0x00001ba0                schedulerTask
 .text.mw_initSignalEvents
                0x00001bbc       0x40 cmsis_rtos_init.o
                0x00001bbc                mw_initSignalEvents
 .text.mw_RTOSInit
                0x00001bfc       0x8c cmsis_rtos_init.o
                0x00001bfc                mw_RTOSInit
 .text.os_idle_demon
                0x00001c88        0x8 RTX_Conf_CM.o
                0x00001c88                os_idle_demon
 .text.os_error
                0x00001c90       0x2c RTX_Conf_CM.o
                0x00001c90                os_error
 .text.rt_init_robin
                0x00001cbc        0x4 RTX_Conf_CM.o
                0x00001cbc                rt_init_robin
 .text.rt_chk_robin
                0x00001cc0        0x4 RTX_Conf_CM.o
                0x00001cc0                rt_chk_robin
 .text.software_init_hook
                0x00001cc4       0x34 RTX_Conf_CM.o
                0x00001cc4                software_init_hook
 .text.mw_osThreadCreate
                0x00001cf8       0x52 mw_thread.o
                0x00001cf8                mw_osThreadCreate
 .text.mw_osThreadGetId
                0x00001d4a        0xe mw_thread.o
                0x00001d4a                mw_osThreadGetId
 .text.mw_osThreadExit
                0x00001d58       0x22 mw_thread.o
                0x00001d58                mw_osThreadExit
 .text.mw_osTimerCreate
                0x00001d7a       0x4e mw_timer.o
                0x00001d7a                mw_osTimerCreate
 .text.mw_osTimerStart
                0x00001dc8       0x24 mw_timer.o
                0x00001dc8                mw_osTimerStart
 .text.mw_osSignalSet
                0x00001dec       0x2e mw_signal.o
                0x00001dec                mw_osSignalSet
 .text.mw_osSignalClear
                0x00001e1a       0x26 mw_signal.o
                0x00001e1a                mw_osSignalClear
 .text.mw_osSignalWaitEver
                0x00001e40       0x20 mw_signal.o
                0x00001e40                mw_osSignalWaitEver
 .text.mw_osSignalEventCreate
                0x00001e60       0x20 mw_signal.o
                0x00001e60                mw_osSignalEventCreate
 .text.mw_osSignalEventRelease
                0x00001e80       0x26 mw_signal.o
                0x00001e80                mw_osSignalEventRelease
 .text.mw_osSignalEventWaitEver
                0x00001ea6       0x34 mw_signal.o
                0x00001ea6                mw_osSignalEventWaitEver
 *fill*         0x00001eda        0x2 
 .text.osThreadExit
                0x00001edc       0x18 C:/ProgramData/MATLAB/SupportPackages/R2023b/3P.instrset/cmsis.instrset/CMSIS/RTOS/RTX/LIB/GCC/libRTX_CM4.a(rt_cmsis.o)
                0x00001edc                osThreadExit
 .text.svcKernelInitialize
                0x00001ef4      0x104 C:/ProgramData/MATLAB/SupportPackages/R2023b/3P.instrset/cmsis.instrset/CMSIS/RTOS/RTX/LIB/GCC/libRTX_CM4.a(rt_cmsis.o)
                0x00001ef4                svcKernelInitialize
 .text.svcKernelStart
                0x00001ff8       0x48 C:/ProgramData/MATLAB/SupportPackages/R2023b/3P.instrset/cmsis.instrset/CMSIS/RTOS/RTX/LIB/GCC/libRTX_CM4.a(rt_cmsis.o)
                0x00001ff8                svcKernelStart
 .text.osKernelInitialize
                0x00002040       0x28 C:/ProgramData/MATLAB/SupportPackages/R2023b/3P.instrset/cmsis.instrset/CMSIS/RTOS/RTX/LIB/GCC/libRTX_CM4.a(rt_cmsis.o)
                0x00002040                osKernelInitialize
 .text.osKernelStart
                0x00002068       0x74 C:/ProgramData/MATLAB/SupportPackages/R2023b/3P.instrset/cmsis.instrset/CMSIS/RTOS/RTX/LIB/GCC/libRTX_CM4.a(rt_cmsis.o)
                0x00002068                osKernelStart
 .text.svcThreadCreate
                0x000020dc       0x7c C:/ProgramData/MATLAB/SupportPackages/R2023b/3P.instrset/cmsis.instrset/CMSIS/RTOS/RTX/LIB/GCC/libRTX_CM4.a(rt_cmsis.o)
                0x000020dc                svcThreadCreate
 .text.svcThreadGetId
                0x00002158       0x18 C:/ProgramData/MATLAB/SupportPackages/R2023b/3P.instrset/cmsis.instrset/CMSIS/RTOS/RTX/LIB/GCC/libRTX_CM4.a(rt_cmsis.o)
                0x00002158                svcThreadGetId
 .text.svcThreadTerminate
                0x00002170       0x48 C:/ProgramData/MATLAB/SupportPackages/R2023b/3P.instrset/cmsis.instrset/CMSIS/RTOS/RTX/LIB/GCC/libRTX_CM4.a(rt_cmsis.o)
                0x00002170                svcThreadTerminate
 .text.osThreadCreate
                0x000021b8       0xa4 C:/ProgramData/MATLAB/SupportPackages/R2023b/3P.instrset/cmsis.instrset/CMSIS/RTOS/RTX/LIB/GCC/libRTX_CM4.a(rt_cmsis.o)
                0x000021b8                osThreadCreate
 .text.osThreadGetId
                0x0000225c       0x18 C:/ProgramData/MATLAB/SupportPackages/R2023b/3P.instrset/cmsis.instrset/CMSIS/RTOS/RTX/LIB/GCC/libRTX_CM4.a(rt_cmsis.o)
                0x0000225c                osThreadGetId
 .text.osThreadTerminate
                0x00002274       0x18 C:/ProgramData/MATLAB/SupportPackages/R2023b/3P.instrset/cmsis.instrset/CMSIS/RTOS/RTX/LIB/GCC/libRTX_CM4.a(rt_cmsis.o)
                0x00002274                osThreadTerminate
 .text.svcTimerCreate
                0x0000228c       0x40 C:/ProgramData/MATLAB/SupportPackages/R2023b/3P.instrset/cmsis.instrset/CMSIS/RTOS/RTX/LIB/GCC/libRTX_CM4.a(rt_cmsis.o)
                0x0000228c                svcTimerCreate
 .text.svcTimerStart
                0x000022cc       0xdc C:/ProgramData/MATLAB/SupportPackages/R2023b/3P.instrset/cmsis.instrset/CMSIS/RTOS/RTX/LIB/GCC/libRTX_CM4.a(rt_cmsis.o)
                0x000022cc                svcTimerStart
 .text.svcTimerCall
                0x000023a8       0x18 C:/ProgramData/MATLAB/SupportPackages/R2023b/3P.instrset/cmsis.instrset/CMSIS/RTOS/RTX/LIB/GCC/libRTX_CM4.a(rt_cmsis.o)
                0x000023a8                svcTimerCall
 .text.sysTimerTick
                0x000023c0       0xc8 C:/ProgramData/MATLAB/SupportPackages/R2023b/3P.instrset/cmsis.instrset/CMSIS/RTOS/RTX/LIB/GCC/libRTX_CM4.a(rt_cmsis.o)
                0x000023c0                sysTimerTick
 .text.osTimerCreate
                0x00002488       0x68 C:/ProgramData/MATLAB/SupportPackages/R2023b/3P.instrset/cmsis.instrset/CMSIS/RTOS/RTX/LIB/GCC/libRTX_CM4.a(rt_cmsis.o)
                0x00002488                osTimerCreate
 .text.osTimerStart
                0x000024f0       0x18 C:/ProgramData/MATLAB/SupportPackages/R2023b/3P.instrset/cmsis.instrset/CMSIS/RTOS/RTX/LIB/GCC/libRTX_CM4.a(rt_cmsis.o)
                0x000024f0                osTimerStart
 .text.osTimerThread
                0x00002508       0x3c C:/ProgramData/MATLAB/SupportPackages/R2023b/3P.instrset/cmsis.instrset/CMSIS/RTOS/RTX/LIB/GCC/libRTX_CM4.a(rt_cmsis.o)
                0x00002508                osTimerThread
 .text.svcSignalSet
                0x00002544       0x2c C:/ProgramData/MATLAB/SupportPackages/R2023b/3P.instrset/cmsis.instrset/CMSIS/RTOS/RTX/LIB/GCC/libRTX_CM4.a(rt_cmsis.o)
                0x00002544                svcSignalSet
 .text.svcSignalClear
                0x00002570       0x2c C:/ProgramData/MATLAB/SupportPackages/R2023b/3P.instrset/cmsis.instrset/CMSIS/RTOS/RTX/LIB/GCC/libRTX_CM4.a(rt_cmsis.o)
                0x00002570                svcSignalClear
 .text.svcSignalWait
                0x0000259c      0x100 C:/ProgramData/MATLAB/SupportPackages/R2023b/3P.instrset/cmsis.instrset/CMSIS/RTOS/RTX/LIB/GCC/libRTX_CM4.a(rt_cmsis.o)
                0x0000259c                svcSignalWait
 .text.osSignalSet
                0x0000269c       0x40 C:/ProgramData/MATLAB/SupportPackages/R2023b/3P.instrset/cmsis.instrset/CMSIS/RTOS/RTX/LIB/GCC/libRTX_CM4.a(rt_cmsis.o)
                0x0000269c                osSignalSet
 .text.osSignalClear
                0x000026dc       0x1c C:/ProgramData/MATLAB/SupportPackages/R2023b/3P.instrset/cmsis.instrset/CMSIS/RTOS/RTX/LIB/GCC/libRTX_CM4.a(rt_cmsis.o)
                0x000026dc                osSignalClear
 .text.osSignalWait
                0x000026f8       0x2c C:/ProgramData/MATLAB/SupportPackages/R2023b/3P.instrset/cmsis.instrset/CMSIS/RTOS/RTX/LIB/GCC/libRTX_CM4.a(rt_cmsis.o)
                0x000026f8                osSignalWait
 .text.svcMessageGet
                0x00002724       0xbc C:/ProgramData/MATLAB/SupportPackages/R2023b/3P.instrset/cmsis.instrset/CMSIS/RTOS/RTX/LIB/GCC/libRTX_CM4.a(rt_cmsis.o)
                0x00002724                svcMessageGet
 .text.rt_init_stack
                0x000027e0       0xa8 C:/ProgramData/MATLAB/SupportPackages/R2023b/3P.instrset/cmsis.instrset/CMSIS/RTOS/RTX/LIB/GCC/libRTX_CM4.a(hal_cm.o)
                0x000027e0                rt_init_stack
 .text.rt_ret_val
                0x00002888       0x14 C:/ProgramData/MATLAB/SupportPackages/R2023b/3P.instrset/cmsis.instrset/CMSIS/RTOS/RTX/LIB/GCC/libRTX_CM4.a(hal_cm.o)
                0x00002888                rt_ret_val
 .text.rt_ret_val2
                0x0000289c       0x24 C:/ProgramData/MATLAB/SupportPackages/R2023b/3P.instrset/cmsis.instrset/CMSIS/RTOS/RTX/LIB/GCC/libRTX_CM4.a(hal_cm.o)
                0x0000289c                rt_ret_val2
 .text.dbg_init
                0x000028c0       0x34 C:/ProgramData/MATLAB/SupportPackages/R2023b/3P.instrset/cmsis.instrset/CMSIS/RTOS/RTX/LIB/GCC/libRTX_CM4.a(hal_cm.o)
                0x000028c0                dbg_init
 .text.dbg_task_notify
                0x000028f4       0x2c C:/ProgramData/MATLAB/SupportPackages/R2023b/3P.instrset/cmsis.instrset/CMSIS/RTOS/RTX/LIB/GCC/libRTX_CM4.a(hal_cm.o)
                0x000028f4                dbg_task_notify
 .text.dbg_task_switch
                0x00002920       0x14 C:/ProgramData/MATLAB/SupportPackages/R2023b/3P.instrset/cmsis.instrset/CMSIS/RTOS/RTX/LIB/GCC/libRTX_CM4.a(hal_cm.o)
                0x00002920                dbg_task_switch
 .text.rt_init_mem
                0x00002934       0x1c C:/ProgramData/MATLAB/SupportPackages/R2023b/3P.instrset/cmsis.instrset/CMSIS/RTOS/RTX/LIB/GCC/libRTX_CM4.a(rt_memory.o)
                0x00002934                rt_init_mem
 .text.rt_alloc_mem
                0x00002950       0x48 C:/ProgramData/MATLAB/SupportPackages/R2023b/3P.instrset/cmsis.instrset/CMSIS/RTOS/RTX/LIB/GCC/libRTX_CM4.a(rt_memory.o)
                0x00002950                rt_alloc_mem
 .text.rt_free_mem
                0x00002998       0x54 C:/ProgramData/MATLAB/SupportPackages/R2023b/3P.instrset/cmsis.instrset/CMSIS/RTOS/RTX/LIB/GCC/libRTX_CM4.a(rt_memory.o)
                0x00002998                rt_free_mem
 .text._init_box
                0x000029ec       0x58 C:/ProgramData/MATLAB/SupportPackages/R2023b/3P.instrset/cmsis.instrset/CMSIS/RTOS/RTX/LIB/GCC/libRTX_CM4.a(rt_membox.o)
                0x000029ec                _init_box
 .text.rt_alloc_box
                0x00002a44       0x1c C:/ProgramData/MATLAB/SupportPackages/R2023b/3P.instrset/cmsis.instrset/CMSIS/RTOS/RTX/LIB/GCC/libRTX_CM4.a(rt_membox.o)
                0x00002a44                rt_alloc_box
 .text.rt_free_box
                0x00002a60       0x28 C:/ProgramData/MATLAB/SupportPackages/R2023b/3P.instrset/cmsis.instrset/CMSIS/RTOS/RTX/LIB/GCC/libRTX_CM4.a(rt_membox.o)
                0x00002a60                rt_free_box
 .text.rt_sem_psh
                0x00002a88       0x34 C:/ProgramData/MATLAB/SupportPackages/R2023b/3P.instrset/cmsis.instrset/CMSIS/RTOS/RTX/LIB/GCC/libRTX_CM4.a(rt_semaphore.o)
                0x00002a88                rt_sem_psh
 .text.rt_mbx_init
                0x00002abc       0x18 C:/ProgramData/MATLAB/SupportPackages/R2023b/3P.instrset/cmsis.instrset/CMSIS/RTOS/RTX/LIB/GCC/libRTX_CM4.a(rt_mailbox.o)
                0x00002abc                rt_mbx_init
 .text.rt_mbx_wait
                0x00002ad4       0xa8 C:/ProgramData/MATLAB/SupportPackages/R2023b/3P.instrset/cmsis.instrset/CMSIS/RTOS/RTX/LIB/GCC/libRTX_CM4.a(rt_mailbox.o)
                0x00002ad4                rt_mbx_wait
 .text.rt_mbx_check
                0x00002b7c        0x8 C:/ProgramData/MATLAB/SupportPackages/R2023b/3P.instrset/cmsis.instrset/CMSIS/RTOS/RTX/LIB/GCC/libRTX_CM4.a(rt_mailbox.o)
                0x00002b7c                rt_mbx_check
 .text.isr_mbx_send
                0x00002b84       0x10 C:/ProgramData/MATLAB/SupportPackages/R2023b/3P.instrset/cmsis.instrset/CMSIS/RTOS/RTX/LIB/GCC/libRTX_CM4.a(rt_mailbox.o)
                0x00002b84                isr_mbx_send
 .text.rt_mbx_psh
                0x00002b94       0xe8 C:/ProgramData/MATLAB/SupportPackages/R2023b/3P.instrset/cmsis.instrset/CMSIS/RTOS/RTX/LIB/GCC/libRTX_CM4.a(rt_mailbox.o)
                0x00002b94                rt_mbx_psh
 .text.rt_put_prio
                0x00002c7c       0x50 C:/ProgramData/MATLAB/SupportPackages/R2023b/3P.instrset/cmsis.instrset/CMSIS/RTOS/RTX/LIB/GCC/libRTX_CM4.a(rt_list.o)
                0x00002c7c                rt_put_prio
 .text.rt_get_first
                0x00002ccc       0x28 C:/ProgramData/MATLAB/SupportPackages/R2023b/3P.instrset/cmsis.instrset/CMSIS/RTOS/RTX/LIB/GCC/libRTX_CM4.a(rt_list.o)
                0x00002ccc                rt_get_first
 .text.rt_put_rdy_first
                0x00002cf4       0x14 C:/ProgramData/MATLAB/SupportPackages/R2023b/3P.instrset/cmsis.instrset/CMSIS/RTOS/RTX/LIB/GCC/libRTX_CM4.a(rt_list.o)
                0x00002cf4                rt_put_rdy_first
 .text.rt_resort_prio
                0x00002d08       0xac C:/ProgramData/MATLAB/SupportPackages/R2023b/3P.instrset/cmsis.instrset/CMSIS/RTOS/RTX/LIB/GCC/libRTX_CM4.a(rt_list.o)
                0x00002d08                rt_resort_prio
 .text.rt_put_dly
                0x00002db4       0x60 C:/ProgramData/MATLAB/SupportPackages/R2023b/3P.instrset/cmsis.instrset/CMSIS/RTOS/RTX/LIB/GCC/libRTX_CM4.a(rt_list.o)
                0x00002db4                rt_put_dly
 .text.rt_dec_dly
                0x00002e14       0xbc C:/ProgramData/MATLAB/SupportPackages/R2023b/3P.instrset/cmsis.instrset/CMSIS/RTOS/RTX/LIB/GCC/libRTX_CM4.a(rt_list.o)
                0x00002e14                rt_dec_dly
 .text.rt_rmv_list
                0x00002ed0       0x2c C:/ProgramData/MATLAB/SupportPackages/R2023b/3P.instrset/cmsis.instrset/CMSIS/RTOS/RTX/LIB/GCC/libRTX_CM4.a(rt_list.o)
                0x00002ed0                rt_rmv_list
 .text.rt_rmv_dly
                0x00002efc       0x30 C:/ProgramData/MATLAB/SupportPackages/R2023b/3P.instrset/cmsis.instrset/CMSIS/RTOS/RTX/LIB/GCC/libRTX_CM4.a(rt_list.o)
                0x00002efc                rt_rmv_dly
 .text.rt_psq_enq
                0x00002f2c       0x44 C:/ProgramData/MATLAB/SupportPackages/R2023b/3P.instrset/cmsis.instrset/CMSIS/RTOS/RTX/LIB/GCC/libRTX_CM4.a(rt_list.o)
                0x00002f2c                rt_psq_enq
 .text.rt_evt_wait
                0x00002f70       0x44 C:/ProgramData/MATLAB/SupportPackages/R2023b/3P.instrset/cmsis.instrset/CMSIS/RTOS/RTX/LIB/GCC/libRTX_CM4.a(rt_event.o)
                0x00002f70                rt_evt_wait
 .text.rt_evt_set
                0x00002fb4       0x58 C:/ProgramData/MATLAB/SupportPackages/R2023b/3P.instrset/cmsis.instrset/CMSIS/RTOS/RTX/LIB/GCC/libRTX_CM4.a(rt_event.o)
                0x00002fb4                rt_evt_set
 .text.rt_evt_clr
                0x0000300c       0x18 C:/ProgramData/MATLAB/SupportPackages/R2023b/3P.instrset/cmsis.instrset/CMSIS/RTOS/RTX/LIB/GCC/libRTX_CM4.a(rt_event.o)
                0x0000300c                rt_evt_clr
 .text.isr_evt_set
                0x00003024       0x24 C:/ProgramData/MATLAB/SupportPackages/R2023b/3P.instrset/cmsis.instrset/CMSIS/RTOS/RTX/LIB/GCC/libRTX_CM4.a(rt_event.o)
                0x00003024                isr_evt_set
 .text.rt_evt_psh
                0x00003048       0x50 C:/ProgramData/MATLAB/SupportPackages/R2023b/3P.instrset/cmsis.instrset/CMSIS/RTOS/RTX/LIB/GCC/libRTX_CM4.a(rt_event.o)
                0x00003048                rt_evt_psh
 .text.rt_psh_req
                0x00003098       0x20 C:/ProgramData/MATLAB/SupportPackages/R2023b/3P.instrset/cmsis.instrset/CMSIS/RTOS/RTX/LIB/GCC/libRTX_CM4.a(rt_system.o)
                0x00003098                rt_psh_req
 .text.rt_pop_req
                0x000030b8       0x9c C:/ProgramData/MATLAB/SupportPackages/R2023b/3P.instrset/cmsis.instrset/CMSIS/RTOS/RTX/LIB/GCC/libRTX_CM4.a(rt_system.o)
                0x000030b8                rt_pop_req
 .text.os_tick_init
                0x00003154       0x40 C:/ProgramData/MATLAB/SupportPackages/R2023b/3P.instrset/cmsis.instrset/CMSIS/RTOS/RTX/LIB/GCC/libRTX_CM4.a(rt_system.o)
                0x00003154                os_tick_init
 .text.os_tick_irqack
                0x00003194        0x4 C:/ProgramData/MATLAB/SupportPackages/R2023b/3P.instrset/cmsis.instrset/CMSIS/RTOS/RTX/LIB/GCC/libRTX_CM4.a(rt_system.o)
                0x00003194                os_tick_irqack
 .text.rt_systick
                0x00003198       0x3c C:/ProgramData/MATLAB/SupportPackages/R2023b/3P.instrset/cmsis.instrset/CMSIS/RTOS/RTX/LIB/GCC/libRTX_CM4.a(rt_system.o)
                0x00003198                rt_systick
 .text.rt_stk_check
                0x000031d4       0x24 C:/ProgramData/MATLAB/SupportPackages/R2023b/3P.instrset/cmsis.instrset/CMSIS/RTOS/RTX/LIB/GCC/libRTX_CM4.a(rt_system.o)
                0x000031d4                rt_stk_check
 .text.rt_switch_req
                0x000031f8       0x24 C:/ProgramData/MATLAB/SupportPackages/R2023b/3P.instrset/cmsis.instrset/CMSIS/RTOS/RTX/LIB/GCC/libRTX_CM4.a(rt_task.o)
                0x000031f8                rt_switch_req
 .text.rt_dispatch
                0x0000321c       0x78 C:/ProgramData/MATLAB/SupportPackages/R2023b/3P.instrset/cmsis.instrset/CMSIS/RTOS/RTX/LIB/GCC/libRTX_CM4.a(rt_task.o)
                0x0000321c                rt_dispatch
 .text.rt_block
                0x00003294       0x50 C:/ProgramData/MATLAB/SupportPackages/R2023b/3P.instrset/cmsis.instrset/CMSIS/RTOS/RTX/LIB/GCC/libRTX_CM4.a(rt_task.o)
                0x00003294                rt_block
 .text.rt_tsk_self
                0x000032e4       0x10 C:/ProgramData/MATLAB/SupportPackages/R2023b/3P.instrset/cmsis.instrset/CMSIS/RTOS/RTX/LIB/GCC/libRTX_CM4.a(rt_task.o)
                0x000032e4                rt_tsk_self
 .text.rt_tsk_prio
                0x000032f4       0xa0 C:/ProgramData/MATLAB/SupportPackages/R2023b/3P.instrset/cmsis.instrset/CMSIS/RTOS/RTX/LIB/GCC/libRTX_CM4.a(rt_task.o)
                0x000032f4                rt_tsk_prio
 .text.rt_tsk_create
                0x00003394       0xc8 C:/ProgramData/MATLAB/SupportPackages/R2023b/3P.instrset/cmsis.instrset/CMSIS/RTOS/RTX/LIB/GCC/libRTX_CM4.a(rt_task.o)
                0x00003394                rt_tsk_create
 .text.rt_tsk_delete
                0x0000345c      0x1bc C:/ProgramData/MATLAB/SupportPackages/R2023b/3P.instrset/cmsis.instrset/CMSIS/RTOS/RTX/LIB/GCC/libRTX_CM4.a(rt_task.o)
                0x0000345c                rt_tsk_delete
 .text.rt_sys_init
                0x00003618       0xdc C:/ProgramData/MATLAB/SupportPackages/R2023b/3P.instrset/cmsis.instrset/CMSIS/RTOS/RTX/LIB/GCC/libRTX_CM4.a(rt_task.o)
                0x00003618                rt_sys_init
 .text.rt_sys_start
                0x000036f4       0x8c C:/ProgramData/MATLAB/SupportPackages/R2023b/3P.instrset/cmsis.instrset/CMSIS/RTOS/RTX/LIB/GCC/libRTX_CM4.a(rt_task.o)
                0x000036f4                rt_sys_start
 .text.OSA_TimeInit
                0x00003780       0x44 C:/ProgramData/MATLAB/SupportPackages/R2023b/toolbox/target/supportpackages/freedomk64f/src/ksdk_armgcc_lib/bm/libksdk_platform.a(fsl_os_abstraction_bm.o)
                0x00003780                OSA_TimeInit
 .text.OSA_SemaPost
                0x000037c4       0x3c C:/ProgramData/MATLAB/SupportPackages/R2023b/toolbox/target/supportpackages/freedomk64f/src/ksdk_armgcc_lib/bm/libksdk_platform.a(fsl_os_abstraction_bm.o)
                0x000037c4                OSA_SemaPost
 .text.task_init
                0x00003800       0x38 C:/ProgramData/MATLAB/SupportPackages/R2023b/toolbox/target/supportpackages/freedomk64f/src/ksdk_armgcc_lib/bm/libksdk_platform.a(fsl_os_abstraction_bm.o)
                0x00003800                task_init
 .text.OSA_Init
                0x00003838        0xe C:/ProgramData/MATLAB/SupportPackages/R2023b/toolbox/target/supportpackages/freedomk64f/src/ksdk_armgcc_lib/bm/libksdk_platform.a(fsl_os_abstraction_bm.o)
                0x00003838                OSA_Init
 *fill*         0x00003846        0x2 
 .text.CLOCK_SYS_SetMcgPeeToFbe
                0x00003848       0x34 C:/ProgramData/MATLAB/SupportPackages/R2023b/toolbox/target/supportpackages/freedomk64f/src/ksdk_armgcc_lib/bm/libksdk_platform.a(fsl_clock_manager.o)
 .text.CLOCK_SYS_SetMcgMode
                0x0000387c      0x11c C:/ProgramData/MATLAB/SupportPackages/R2023b/toolbox/target/supportpackages/freedomk64f/src/ksdk_armgcc_lib/bm/libksdk_platform.a(fsl_clock_manager.o)
                0x0000387c                CLOCK_SYS_SetMcgMode
 .text.CLOCK_SYS_SetOscerConfigration
                0x00003998       0x20 C:/ProgramData/MATLAB/SupportPackages/R2023b/toolbox/target/supportpackages/freedomk64f/src/ksdk_armgcc_lib/bm/libksdk_platform.a(fsl_clock_manager.o)
                0x00003998                CLOCK_SYS_SetOscerConfigration
 .text.CLOCK_SYS_OscInit
                0x000039b8       0x88 C:/ProgramData/MATLAB/SupportPackages/R2023b/toolbox/target/supportpackages/freedomk64f/src/ksdk_armgcc_lib/bm/libksdk_platform.a(fsl_clock_manager.o)
                0x000039b8                CLOCK_SYS_OscInit
 .text.CLOCK_SYS_RtcOscInit
                0x00003a40       0x6c C:/ProgramData/MATLAB/SupportPackages/R2023b/toolbox/target/supportpackages/freedomk64f/src/ksdk_armgcc_lib/bm/libksdk_platform.a(fsl_clock_manager.o)
                0x00003a40                CLOCK_SYS_RtcOscInit
 .text.SIM_HAL_EnableClock.constprop.0
                0x00003aac       0x1c C:/ProgramData/MATLAB/SupportPackages/R2023b/toolbox/target/supportpackages/freedomk64f/src/ksdk_armgcc_lib/bm/libksdk_platform.a(fsl_clock_MK64F12.o)
 .text.CLOCK_SYS_GetCoreClockFreq
                0x00003ac8       0x20 C:/ProgramData/MATLAB/SupportPackages/R2023b/toolbox/target/supportpackages/freedomk64f/src/ksdk_armgcc_lib/bm/libksdk_platform.a(fsl_clock_MK64F12.o)
                0x00003ac8                CLOCK_SYS_GetCoreClockFreq
 .text.CLOCK_SYS_SetConfiguration
                0x00003ae8       0x98 C:/ProgramData/MATLAB/SupportPackages/R2023b/toolbox/target/supportpackages/freedomk64f/src/ksdk_armgcc_lib/bm/libksdk_platform.a(fsl_clock_MK64F12.o)
                0x00003ae8                CLOCK_SYS_SetConfiguration
 .text.CLOCK_SYS_FllStableDelay
                0x00003b80       0x18 C:/ProgramData/MATLAB/SupportPackages/R2023b/toolbox/target/supportpackages/freedomk64f/src/ksdk_armgcc_lib/bm/libksdk_platform.a(fsl_clock_MK64F12.o)
 .text.CLOCK_SYS_EnablePortClock
                0x00003b98       0x30 C:/ProgramData/MATLAB/SupportPackages/R2023b/toolbox/target/supportpackages/freedomk64f/src/ksdk_armgcc_lib/bm/libksdk_platform.a(fsl_clock_MK64F12.o)
                0x00003b98                CLOCK_SYS_EnablePortClock
 .text.INT_SYS_EnableIRQGlobal
                0x00003bc8       0x14 C:/ProgramData/MATLAB/SupportPackages/R2023b/toolbox/target/supportpackages/freedomk64f/src/ksdk_armgcc_lib/bm/libksdk_platform.a(fsl_interrupt_manager.o)
                0x00003bc8                INT_SYS_EnableIRQGlobal
 .text.INT_SYS_DisableIRQGlobal
                0x00003bdc       0x10 C:/ProgramData/MATLAB/SupportPackages/R2023b/toolbox/target/supportpackages/freedomk64f/src/ksdk_armgcc_lib/bm/libksdk_platform.a(fsl_interrupt_manager.o)
                0x00003bdc                INT_SYS_DisableIRQGlobal
 .text.EDMA_DRV_IRQHandler
                0x00003bec       0x30 C:/ProgramData/MATLAB/SupportPackages/R2023b/toolbox/target/supportpackages/freedomk64f/src/ksdk_armgcc_lib/bm/libksdk_platform.a(fsl_edma_driver.o)
                0x00003bec                EDMA_DRV_IRQHandler
 .text.EDMA_DRV_ErrorIRQHandler
                0x00003c1c       0x8c C:/ProgramData/MATLAB/SupportPackages/R2023b/toolbox/target/supportpackages/freedomk64f/src/ksdk_armgcc_lib/bm/libksdk_platform.a(fsl_edma_driver.o)
                0x00003c1c                EDMA_DRV_ErrorIRQHandler
 .text.PORT_HAL_SetMuxMode.part.0
                0x00003ca8       0x1c C:/ProgramData/MATLAB/SupportPackages/R2023b/toolbox/target/supportpackages/freedomk64f/src/ksdk_armgcc_lib/bm/libksdk_platform.a(fsl_gpio_driver.o)
 .text.GPIO_DRV_InputPinInit
                0x00003cc4       0xe4 C:/ProgramData/MATLAB/SupportPackages/R2023b/toolbox/target/supportpackages/freedomk64f/src/ksdk_armgcc_lib/bm/libksdk_platform.a(fsl_gpio_driver.o)
                0x00003cc4                GPIO_DRV_InputPinInit
 .text.GPIO_DRV_OutputPinInit
                0x00003da8       0x78 C:/ProgramData/MATLAB/SupportPackages/R2023b/toolbox/target/supportpackages/freedomk64f/src/ksdk_armgcc_lib/bm/libksdk_platform.a(fsl_gpio_driver.o)
                0x00003da8                GPIO_DRV_OutputPinInit
 .text.GPIO_DRV_WritePinOutput
                0x00003e20       0x1c C:/ProgramData/MATLAB/SupportPackages/R2023b/toolbox/target/supportpackages/freedomk64f/src/ksdk_armgcc_lib/bm/libksdk_platform.a(fsl_gpio_driver.o)
                0x00003e20                GPIO_DRV_WritePinOutput
 .text.GPIO_DRV_ReadPinInput
                0x00003e3c       0x3c C:/ProgramData/MATLAB/SupportPackages/R2023b/toolbox/target/supportpackages/freedomk64f/src/ksdk_armgcc_lib/bm/libksdk_platform.a(fsl_gpio_driver.o)
                0x00003e3c                GPIO_DRV_ReadPinInput
 .text.LPTMR_HAL_SetTimerWorkingMode
                0x00003e78       0x3c C:/ProgramData/MATLAB/SupportPackages/R2023b/toolbox/target/supportpackages/freedomk64f/src/ksdk_armgcc_lib/bm/libksdk_platform.a(fsl_lptmr_hal.o)
                0x00003e78                LPTMR_HAL_SetTimerWorkingMode
 .text.LPTMR_HAL_SetPrescalerMode
                0x00003eb4       0x1c C:/ProgramData/MATLAB/SupportPackages/R2023b/toolbox/target/supportpackages/freedomk64f/src/ksdk_armgcc_lib/bm/libksdk_platform.a(fsl_lptmr_hal.o)
                0x00003eb4                LPTMR_HAL_SetPrescalerMode
 .text.CLOCK_HAL_TestOscFreq
                0x00003ed0       0x28 C:/ProgramData/MATLAB/SupportPackages/R2023b/toolbox/target/supportpackages/freedomk64f/src/ksdk_armgcc_lib/bm/libksdk_platform.a(fsl_mcg_hal.o)
                0x00003ed0                CLOCK_HAL_TestOscFreq
 .text.CLOCK_HAL_GetMcgExternalClkFreq
                0x00003ef8        0xa C:/ProgramData/MATLAB/SupportPackages/R2023b/toolbox/target/supportpackages/freedomk64f/src/ksdk_armgcc_lib/bm/libksdk_platform.a(fsl_mcg_hal.o)
 .text.CLOCK_HAL_TestFllExternalRefFreq
                0x00003f02       0x2c C:/ProgramData/MATLAB/SupportPackages/R2023b/toolbox/target/supportpackages/freedomk64f/src/ksdk_armgcc_lib/bm/libksdk_platform.a(fsl_mcg_hal.o)
                0x00003f02                CLOCK_HAL_TestFllExternalRefFreq
 *fill*         0x00003f2e        0x2 
 .text.CLOCK_HAL_GetFllRefClk
                0x00003f30       0x40 C:/ProgramData/MATLAB/SupportPackages/R2023b/toolbox/target/supportpackages/freedomk64f/src/ksdk_armgcc_lib/bm/libksdk_platform.a(fsl_mcg_hal.o)
                0x00003f30                CLOCK_HAL_GetFllRefClk
 .text.CLOCK_HAL_TestFllFreq
                0x00003f70       0x34 C:/ProgramData/MATLAB/SupportPackages/R2023b/toolbox/target/supportpackages/freedomk64f/src/ksdk_armgcc_lib/bm/libksdk_platform.a(fsl_mcg_hal.o)
                0x00003f70                CLOCK_HAL_TestFllFreq
 .text.CLOCK_HAL_GetFllClk
                0x00003fa4       0x3c C:/ProgramData/MATLAB/SupportPackages/R2023b/toolbox/target/supportpackages/freedomk64f/src/ksdk_armgcc_lib/bm/libksdk_platform.a(fsl_mcg_hal.o)
                0x00003fa4                CLOCK_HAL_GetFllClk
 .text.CLOCK_HAL_UpdateFastClkInternalRefDiv
                0x00003fe0       0x58 C:/ProgramData/MATLAB/SupportPackages/R2023b/toolbox/target/supportpackages/freedomk64f/src/ksdk_armgcc_lib/bm/libksdk_platform.a(fsl_mcg_hal.o)
                0x00003fe0                CLOCK_HAL_UpdateFastClkInternalRefDiv
 .text.CLOCK_HAL_GetPll0Clk
                0x00004038       0x48 C:/ProgramData/MATLAB/SupportPackages/R2023b/toolbox/target/supportpackages/freedomk64f/src/ksdk_armgcc_lib/bm/libksdk_platform.a(fsl_mcg_hal.o)
                0x00004038                CLOCK_HAL_GetPll0Clk
 .text.CLOCK_HAL_EnablePll0InFllMode
                0x00004080       0x38 C:/ProgramData/MATLAB/SupportPackages/R2023b/toolbox/target/supportpackages/freedomk64f/src/ksdk_armgcc_lib/bm/libksdk_platform.a(fsl_mcg_hal.o)
                0x00004080                CLOCK_HAL_EnablePll0InFllMode
 .text.CLOCK_HAL_GetInternalRefClk
                0x000040b8       0x40 C:/ProgramData/MATLAB/SupportPackages/R2023b/toolbox/target/supportpackages/freedomk64f/src/ksdk_armgcc_lib/bm/libksdk_platform.a(fsl_mcg_hal.o)
                0x000040b8                CLOCK_HAL_GetInternalRefClk
 .text.CLOCK_HAL_GetOutClk
                0x000040f8       0x22 C:/ProgramData/MATLAB/SupportPackages/R2023b/toolbox/target/supportpackages/freedomk64f/src/ksdk_armgcc_lib/bm/libksdk_platform.a(fsl_mcg_hal.o)
                0x000040f8                CLOCK_HAL_GetOutClk
 .text.CLOCK_HAL_SetOsc0Mode
                0x0000411a       0x24 C:/ProgramData/MATLAB/SupportPackages/R2023b/toolbox/target/supportpackages/freedomk64f/src/ksdk_armgcc_lib/bm/libksdk_platform.a(fsl_mcg_hal.o)
                0x0000411a                CLOCK_HAL_SetOsc0Mode
 *fill*         0x0000413e        0x2 
 .text.CLOCK_HAL_PrepareOsc
                0x00004140       0x30 C:/ProgramData/MATLAB/SupportPackages/R2023b/toolbox/target/supportpackages/freedomk64f/src/ksdk_armgcc_lib/bm/libksdk_platform.a(fsl_mcg_hal_modes.o)
 .text.CLOCK_HAL_GetMcgMode
                0x00004170       0x7c C:/ProgramData/MATLAB/SupportPackages/R2023b/toolbox/target/supportpackages/freedomk64f/src/ksdk_armgcc_lib/bm/libksdk_platform.a(fsl_mcg_hal_modes.o)
                0x00004170                CLOCK_HAL_GetMcgMode
 .text.CLOCK_HAL_SetFbiMode
                0x000041ec       0xbc C:/ProgramData/MATLAB/SupportPackages/R2023b/toolbox/target/supportpackages/freedomk64f/src/ksdk_armgcc_lib/bm/libksdk_platform.a(fsl_mcg_hal_modes.o)
                0x000041ec                CLOCK_HAL_SetFbiMode
 .text.CLOCK_HAL_SetFbeMode
                0x000042a8       0xf0 C:/ProgramData/MATLAB/SupportPackages/R2023b/toolbox/target/supportpackages/freedomk64f/src/ksdk_armgcc_lib/bm/libksdk_platform.a(fsl_mcg_hal_modes.o)
                0x000042a8                CLOCK_HAL_SetFbeMode
 .text.CLOCK_HAL_SetPbeMode
                0x00004398       0xd8 C:/ProgramData/MATLAB/SupportPackages/R2023b/toolbox/target/supportpackages/freedomk64f/src/ksdk_armgcc_lib/bm/libksdk_platform.a(fsl_mcg_hal_modes.o)
                0x00004398                CLOCK_HAL_SetPbeMode
 .text.OSC_HAL_SetCapacitor
                0x00004470        0xe C:/ProgramData/MATLAB/SupportPackages/R2023b/toolbox/target/supportpackages/freedomk64f/src/ksdk_armgcc_lib/bm/libksdk_platform.a(fsl_osc_hal.o)
                0x00004470                OSC_HAL_SetCapacitor
 .text.CLOCK_HAL_SetOutDiv
                0x0000447e       0x28 C:/ProgramData/MATLAB/SupportPackages/R2023b/toolbox/target/supportpackages/freedomk64f/src/ksdk_armgcc_lib/bm/libksdk_platform.a(fsl_sim_hal_MK64F12.o)
                0x0000447e                CLOCK_HAL_SetOutDiv
 *fill*         0x000044a6        0x2 
 .text.UART_DRV_CompleteSendData
                0x000044a8       0x54 C:/ProgramData/MATLAB/SupportPackages/R2023b/toolbox/target/supportpackages/freedomk64f/src/ksdk_armgcc_lib/bm/libksdk_platform.a(fsl_uart_driver.o)
 .text.UART_DRV_CompleteReceiveData
                0x000044fc       0x5c C:/ProgramData/MATLAB/SupportPackages/R2023b/toolbox/target/supportpackages/freedomk64f/src/ksdk_armgcc_lib/bm/libksdk_platform.a(fsl_uart_driver.o)
 .text.UART_DRV_IRQHandler
                0x00004558       0xdc C:/ProgramData/MATLAB/SupportPackages/R2023b/toolbox/target/supportpackages/freedomk64f/src/ksdk_armgcc_lib/bm/libksdk_platform.a(fsl_uart_driver.o)
                0x00004558                UART_DRV_IRQHandler
 .text.EDMA_HAL_SetDmaRequestCmd
                0x00004634        0xa C:/ProgramData/MATLAB/SupportPackages/R2023b/toolbox/target/supportpackages/freedomk64f/src/ksdk_armgcc_lib/bm/libksdk_platform.a(fsl_edma_hal.o)
                0x00004634                EDMA_HAL_SetDmaRequestCmd
 *fill*         0x0000463e        0x2 
 .text.GPIO_HAL_SetPinDir
                0x00004640       0x34 C:/ProgramData/MATLAB/SupportPackages/R2023b/toolbox/target/supportpackages/freedomk64f/src/ksdk_armgcc_lib/bm/libksdk_platform.a(fsl_gpio_hal.o)
                0x00004640                GPIO_HAL_SetPinDir
 .text.GPIO_HAL_WritePinOutput
                0x00004674       0x30 C:/ProgramData/MATLAB/SupportPackages/R2023b/toolbox/target/supportpackages/freedomk64f/src/ksdk_armgcc_lib/bm/libksdk_platform.a(fsl_gpio_hal.o)
                0x00004674                GPIO_HAL_WritePinOutput
 .text.UART_HAL_Putchar
                0x000046a4        0x6 C:/ProgramData/MATLAB/SupportPackages/R2023b/toolbox/target/supportpackages/freedomk64f/src/ksdk_armgcc_lib/bm/libksdk_platform.a(fsl_uart_hal.o)
                0x000046a4                UART_HAL_Putchar
 .text.UART_HAL_Getchar
                0x000046aa        0x8 C:/ProgramData/MATLAB/SupportPackages/R2023b/toolbox/target/supportpackages/freedomk64f/src/ksdk_armgcc_lib/bm/libksdk_platform.a(fsl_uart_hal.o)
                0x000046aa                UART_HAL_Getchar
 .text.UART_HAL_SetIntMode
                0x000046b2       0x66 C:/ProgramData/MATLAB/SupportPackages/R2023b/toolbox/target/supportpackages/freedomk64f/src/ksdk_armgcc_lib/bm/libksdk_platform.a(fsl_uart_hal.o)
                0x000046b2                UART_HAL_SetIntMode
 .text.UART_HAL_GetStatusFlag
                0x00004718       0x2a C:/ProgramData/MATLAB/SupportPackages/R2023b/toolbox/target/supportpackages/freedomk64f/src/ksdk_armgcc_lib/bm/libksdk_platform.a(fsl_uart_hal.o)
                0x00004718                UART_HAL_GetStatusFlag
 .text.UART_HAL_ClearStatusFlag
                0x00004742       0x7c C:/ProgramData/MATLAB/SupportPackages/R2023b/toolbox/target/supportpackages/freedomk64f/src/ksdk_armgcc_lib/bm/libksdk_platform.a(fsl_uart_hal.o)
                0x00004742                UART_HAL_ClearStatusFlag
 *fill*         0x000047be        0x2 
 .text.__udivmoddi4
                0x000047c0      0x2c8 c:/programdata/matlab/supportpackages/r2023b/3p.instrset/gnuarm-armcortex.instrset/win/bin/../lib/gcc/arm-none-eabi/11.3.1/thumb/v7e-m+fp/hard\libgcc.a(_udivmoddi4.o)
                0x000047c0                __udivmoddi4
 .text.selfrel_offset31
                0x00004a88       0x14 c:/programdata/matlab/supportpackages/r2023b/3p.instrset/gnuarm-armcortex.instrset/win/bin/../lib/gcc/arm-none-eabi/11.3.1/thumb/v7e-m+fp/hard\libgcc.a(unwind-arm.o)
 .text.search_EIT_table
                0x00004a9c       0x5c c:/programdata/matlab/supportpackages/r2023b/3p.instrset/gnuarm-armcortex.instrset/win/bin/../lib/gcc/arm-none-eabi/11.3.1/thumb/v7e-m+fp/hard\libgcc.a(unwind-arm.o)
 .text.__gnu_unwind_get_pr_addr
                0x00004af8       0x28 c:/programdata/matlab/supportpackages/r2023b/3p.instrset/gnuarm-armcortex.instrset/win/bin/../lib/gcc/arm-none-eabi/11.3.1/thumb/v7e-m+fp/hard\libgcc.a(unwind-arm.o)
 .text.get_eit_entry
                0x00004b20       0x98 c:/programdata/matlab/supportpackages/r2023b/3p.instrset/gnuarm-armcortex.instrset/win/bin/../lib/gcc/arm-none-eabi/11.3.1/thumb/v7e-m+fp/hard\libgcc.a(unwind-arm.o)
 .text.restore_non_core_regs
                0x00004bb8       0x58 c:/programdata/matlab/supportpackages/r2023b/3p.instrset/gnuarm-armcortex.instrset/win/bin/../lib/gcc/arm-none-eabi/11.3.1/thumb/v7e-m+fp/hard\libgcc.a(unwind-arm.o)
 .text._Unwind_decode_typeinfo_ptr.constprop.0
                0x00004c10        0xc c:/programdata/matlab/supportpackages/r2023b/3p.instrset/gnuarm-armcortex.instrset/win/bin/../lib/gcc/arm-none-eabi/11.3.1/thumb/v7e-m+fp/hard\libgcc.a(unwind-arm.o)
 .text._Unwind_DebugHook
                0x00004c1c        0x4 c:/programdata/matlab/supportpackages/r2023b/3p.instrset/gnuarm-armcortex.instrset/win/bin/../lib/gcc/arm-none-eabi/11.3.1/thumb/v7e-m+fp/hard\libgcc.a(unwind-arm.o)
 .text.unwind_phase2
                0x00004c20       0x3c c:/programdata/matlab/supportpackages/r2023b/3p.instrset/gnuarm-armcortex.instrset/win/bin/../lib/gcc/arm-none-eabi/11.3.1/thumb/v7e-m+fp/hard\libgcc.a(unwind-arm.o)
 .text.unwind_phase2_forced
                0x00004c5c       0xcc c:/programdata/matlab/supportpackages/r2023b/3p.instrset/gnuarm-armcortex.instrset/win/bin/../lib/gcc/arm-none-eabi/11.3.1/thumb/v7e-m+fp/hard\libgcc.a(unwind-arm.o)
 .text.__gnu_Unwind_RaiseException
                0x00004d28       0x68 c:/programdata/matlab/supportpackages/r2023b/3p.instrset/gnuarm-armcortex.instrset/win/bin/../lib/gcc/arm-none-eabi/11.3.1/thumb/v7e-m+fp/hard\libgcc.a(unwind-arm.o)
                0x00004d28                __gnu_Unwind_RaiseException
 .text.__gnu_Unwind_ForcedUnwind
                0x00004d90       0x10 c:/programdata/matlab/supportpackages/r2023b/3p.instrset/gnuarm-armcortex.instrset/win/bin/../lib/gcc/arm-none-eabi/11.3.1/thumb/v7e-m+fp/hard\libgcc.a(unwind-arm.o)
                0x00004d90                __gnu_Unwind_ForcedUnwind
 .text.__gnu_Unwind_Resume
                0x00004da0       0x44 c:/programdata/matlab/supportpackages/r2023b/3p.instrset/gnuarm-armcortex.instrset/win/bin/../lib/gcc/arm-none-eabi/11.3.1/thumb/v7e-m+fp/hard\libgcc.a(unwind-arm.o)
                0x00004da0                __gnu_Unwind_Resume
 .text.__gnu_Unwind_Resume_or_Rethrow
                0x00004de4       0x14 c:/programdata/matlab/supportpackages/r2023b/3p.instrset/gnuarm-armcortex.instrset/win/bin/../lib/gcc/arm-none-eabi/11.3.1/thumb/v7e-m+fp/hard\libgcc.a(unwind-arm.o)
                0x00004de4                __gnu_Unwind_Resume_or_Rethrow
 .text._Unwind_VRS_Get
                0x00004df8       0x30 c:/programdata/matlab/supportpackages/r2023b/3p.instrset/gnuarm-armcortex.instrset/win/bin/../lib/gcc/arm-none-eabi/11.3.1/thumb/v7e-m+fp/hard\libgcc.a(unwind-arm.o)
                0x00004df8                _Unwind_VRS_Get
 .text._Unwind_GetGR
                0x00004e28       0x1c c:/programdata/matlab/supportpackages/r2023b/3p.instrset/gnuarm-armcortex.instrset/win/bin/../lib/gcc/arm-none-eabi/11.3.1/thumb/v7e-m+fp/hard\libgcc.a(unwind-arm.o)
 .text._Unwind_VRS_Set
                0x00004e44       0x30 c:/programdata/matlab/supportpackages/r2023b/3p.instrset/gnuarm-armcortex.instrset/win/bin/../lib/gcc/arm-none-eabi/11.3.1/thumb/v7e-m+fp/hard\libgcc.a(unwind-arm.o)
                0x00004e44                _Unwind_VRS_Set
 .text._Unwind_SetGR
                0x00004e74       0x18 c:/programdata/matlab/supportpackages/r2023b/3p.instrset/gnuarm-armcortex.instrset/win/bin/../lib/gcc/arm-none-eabi/11.3.1/thumb/v7e-m+fp/hard\libgcc.a(unwind-arm.o)
 .text.__gnu_Unwind_Backtrace
                0x00004e8c       0x84 c:/programdata/matlab/supportpackages/r2023b/3p.instrset/gnuarm-armcortex.instrset/win/bin/../lib/gcc/arm-none-eabi/11.3.1/thumb/v7e-m+fp/hard\libgcc.a(unwind-arm.o)
                0x00004e8c                __gnu_Unwind_Backtrace
 .text.__gnu_unwind_pr_common
                0x00004f10      0x2a8 c:/programdata/matlab/supportpackages/r2023b/3p.instrset/gnuarm-armcortex.instrset/win/bin/../lib/gcc/arm-none-eabi/11.3.1/thumb/v7e-m+fp/hard\libgcc.a(unwind-arm.o)
 .text.__aeabi_unwind_cpp_pr0
                0x000051b8        0x8 c:/programdata/matlab/supportpackages/r2023b/3p.instrset/gnuarm-armcortex.instrset/win/bin/../lib/gcc/arm-none-eabi/11.3.1/thumb/v7e-m+fp/hard\libgcc.a(unwind-arm.o)
                0x000051b8                __aeabi_unwind_cpp_pr0
 .text.__aeabi_unwind_cpp_pr1
                0x000051c0        0x8 c:/programdata/matlab/supportpackages/r2023b/3p.instrset/gnuarm-armcortex.instrset/win/bin/../lib/gcc/arm-none-eabi/11.3.1/thumb/v7e-m+fp/hard\libgcc.a(unwind-arm.o)
                0x000051c0                __aeabi_unwind_cpp_pr1
 .text.__aeabi_unwind_cpp_pr2
                0x000051c8        0x8 c:/programdata/matlab/supportpackages/r2023b/3p.instrset/gnuarm-armcortex.instrset/win/bin/../lib/gcc/arm-none-eabi/11.3.1/thumb/v7e-m+fp/hard\libgcc.a(unwind-arm.o)
                0x000051c8                __aeabi_unwind_cpp_pr2
 .text._Unwind_VRS_Pop
                0x000051d0      0x2b0 c:/programdata/matlab/supportpackages/r2023b/3p.instrset/gnuarm-armcortex.instrset/win/bin/../lib/gcc/arm-none-eabi/11.3.1/thumb/v7e-m+fp/hard\libgcc.a(unwind-arm.o)
                0x000051d0                _Unwind_VRS_Pop
 .text.next_unwind_byte
                0x00005480       0x38 c:/programdata/matlab/supportpackages/r2023b/3p.instrset/gnuarm-armcortex.instrset/win/bin/../lib/gcc/arm-none-eabi/11.3.1/thumb/v7e-m+fp/hard\libgcc.a(pr-support.o)
 .text.__gnu_unwind_execute
                0x000054b8      0x28c c:/programdata/matlab/supportpackages/r2023b/3p.instrset/gnuarm-armcortex.instrset/win/bin/../lib/gcc/arm-none-eabi/11.3.1/thumb/v7e-m+fp/hard\libgcc.a(pr-support.o)
                0x000054b8                __gnu_unwind_execute
 .text.abort    0x00005744       0x10 c:/programdata/matlab/supportpackages/r2023b/3p.instrset/gnuarm-armcortex.instrset/win/bin/../lib/gcc/arm-none-eabi/11.3.1/thumb/v7e-m+fp/hard\libg.a(libc_a-abort.o)
                0x00005744                abort
 .text.__assert_func
                0x00005754       0x40 c:/programdata/matlab/supportpackages/r2023b/3p.instrset/gnuarm-armcortex.instrset/win/bin/../lib/gcc/arm-none-eabi/11.3.1/thumb/v7e-m+fp/hard\libg.a(libc_a-assert.o)
                0x00005754                __assert_func
 .text.atexit   0x00005794        0xc c:/programdata/matlab/supportpackages/r2023b/3p.instrset/gnuarm-armcortex.instrset/win/bin/../lib/gcc/arm-none-eabi/11.3.1/thumb/v7e-m+fp/hard\libg.a(libc_a-atexit.o)
                0x00005794                atexit
 .text.exit     0x000057a0       0x1c c:/programdata/matlab/supportpackages/r2023b/3p.instrset/gnuarm-armcortex.instrset/win/bin/../lib/gcc/arm-none-eabi/11.3.1/thumb/v7e-m+fp/hard\libg.a(libc_a-exit.o)
                0x000057a0                exit
 .text._malloc_r
                0x000057bc      0x560 c:/programdata/matlab/supportpackages/r2023b/3p.instrset/gnuarm-armcortex.instrset/win/bin/../lib/gcc/arm-none-eabi/11.3.1/thumb/v7e-m+fp/hard\libg.a(libc_a-mallocr.o)
                0x000057bc                _malloc_r
 .text.__malloc_lock
                0x00005d1c        0xc c:/programdata/matlab/supportpackages/r2023b/3p.instrset/gnuarm-armcortex.instrset/win/bin/../lib/gcc/arm-none-eabi/11.3.1/thumb/v7e-m+fp/hard\libg.a(libc_a-mlock.o)
                0x00005d1c                __malloc_lock
 .text.__malloc_unlock
                0x00005d28        0xc c:/programdata/matlab/supportpackages/r2023b/3p.instrset/gnuarm-armcortex.instrset/win/bin/../lib/gcc/arm-none-eabi/11.3.1/thumb/v7e-m+fp/hard\libg.a(libc_a-mlock.o)
                0x00005d28                __malloc_unlock
 .text.fiprintf
                0x00005d34       0x28 c:/programdata/matlab/supportpackages/r2023b/3p.instrset/gnuarm-armcortex.instrset/win/bin/../lib/gcc/arm-none-eabi/11.3.1/thumb/v7e-m+fp/hard\libg.a(libc_a-fiprintf.o)
                0x00005d34                fiprintf
 .text.__sprint_r.part.0
                0x00005d5c       0x78 c:/programdata/matlab/supportpackages/r2023b/3p.instrset/gnuarm-armcortex.instrset/win/bin/../lib/gcc/arm-none-eabi/11.3.1/thumb/v7e-m+fp/hard\libg.a(libc_a-vfiprintf.o)
 .text._vfiprintf_r
                0x00005dd4      0xf8c c:/programdata/matlab/supportpackages/r2023b/3p.instrset/gnuarm-armcortex.instrset/win/bin/../lib/gcc/arm-none-eabi/11.3.1/thumb/v7e-m+fp/hard\libg.a(libc_a-vfiprintf.o)
                0x00005dd4                _vfiprintf_r
 .text.__sbprintf
                0x00006d60       0x80 c:/programdata/matlab/supportpackages/r2023b/3p.instrset/gnuarm-armcortex.instrset/win/bin/../lib/gcc/arm-none-eabi/11.3.1/thumb/v7e-m+fp/hard\libg.a(libc_a-vfiprintf.o)
 .text.__sflush_r
                0x00006de0      0x130 c:/programdata/matlab/supportpackages/r2023b/3p.instrset/gnuarm-armcortex.instrset/win/bin/../lib/gcc/arm-none-eabi/11.3.1/thumb/v7e-m+fp/hard\libg.a(libc_a-fflush.o)
                0x00006de0                __sflush_r
 .text._fflush_r
                0x00006f10       0x54 c:/programdata/matlab/supportpackages/r2023b/3p.instrset/gnuarm-armcortex.instrset/win/bin/../lib/gcc/arm-none-eabi/11.3.1/thumb/v7e-m+fp/hard\libg.a(libc_a-fflush.o)
                0x00006f10                _fflush_r
 .text.stdio_exit_handler
                0x00006f64       0x18 c:/programdata/matlab/supportpackages/r2023b/3p.instrset/gnuarm-armcortex.instrset/win/bin/../lib/gcc/arm-none-eabi/11.3.1/thumb/v7e-m+fp/hard\libg.a(libc_a-findfp.o)
 .text.cleanup_stdio
                0x00006f7c       0x40 c:/programdata/matlab/supportpackages/r2023b/3p.instrset/gnuarm-armcortex.instrset/win/bin/../lib/gcc/arm-none-eabi/11.3.1/thumb/v7e-m+fp/hard\libg.a(libc_a-findfp.o)
 .text.global_stdio_init.part.0
                0x00006fbc       0xd4 c:/programdata/matlab/supportpackages/r2023b/3p.instrset/gnuarm-armcortex.instrset/win/bin/../lib/gcc/arm-none-eabi/11.3.1/thumb/v7e-m+fp/hard\libg.a(libc_a-findfp.o)
 .text.__sinit  0x00007090       0x3c c:/programdata/matlab/supportpackages/r2023b/3p.instrset/gnuarm-armcortex.instrset/win/bin/../lib/gcc/arm-none-eabi/11.3.1/thumb/v7e-m+fp/hard\libg.a(libc_a-findfp.o)
                0x00007090                __sinit
 .text.__sfp_lock_acquire
                0x000070cc        0xc c:/programdata/matlab/supportpackages/r2023b/3p.instrset/gnuarm-armcortex.instrset/win/bin/../lib/gcc/arm-none-eabi/11.3.1/thumb/v7e-m+fp/hard\libg.a(libc_a-findfp.o)
                0x000070cc                __sfp_lock_acquire
 .text.__sfp_lock_release
                0x000070d8        0xc c:/programdata/matlab/supportpackages/r2023b/3p.instrset/gnuarm-armcortex.instrset/win/bin/../lib/gcc/arm-none-eabi/11.3.1/thumb/v7e-m+fp/hard\libg.a(libc_a-findfp.o)
                0x000070d8                __sfp_lock_release
 .text.__sfvwrite_r
                0x000070e4      0x2f4 c:/programdata/matlab/supportpackages/r2023b/3p.instrset/gnuarm-armcortex.instrset/win/bin/../lib/gcc/arm-none-eabi/11.3.1/thumb/v7e-m+fp/hard\libg.a(libc_a-fvwrite.o)
                0x000070e4                __sfvwrite_r
 .text._fwalk_sglue
                0x000073d8       0x48 c:/programdata/matlab/supportpackages/r2023b/3p.instrset/gnuarm-armcortex.instrset/win/bin/../lib/gcc/arm-none-eabi/11.3.1/thumb/v7e-m+fp/hard\libg.a(libc_a-fwalk.o)
                0x000073d8                _fwalk_sglue
 .text.__sread  0x00007420       0x24 c:/programdata/matlab/supportpackages/r2023b/3p.instrset/gnuarm-armcortex.instrset/win/bin/../lib/gcc/arm-none-eabi/11.3.1/thumb/v7e-m+fp/hard\libg.a(libc_a-stdio.o)
                0x00007420                __sread
 .text.__swrite
                0x00007444       0x40 c:/programdata/matlab/supportpackages/r2023b/3p.instrset/gnuarm-armcortex.instrset/win/bin/../lib/gcc/arm-none-eabi/11.3.1/thumb/v7e-m+fp/hard\libg.a(libc_a-stdio.o)
                0x00007444                __swrite
 .text.__sseek  0x00007484       0x20 c:/programdata/matlab/supportpackages/r2023b/3p.instrset/gnuarm-armcortex.instrset/win/bin/../lib/gcc/arm-none-eabi/11.3.1/thumb/v7e-m+fp/hard\libg.a(libc_a-stdio.o)
                0x00007484                __sseek
 .text.__sclose
                0x000074a4        0x8 c:/programdata/matlab/supportpackages/r2023b/3p.instrset/gnuarm-armcortex.instrset/win/bin/../lib/gcc/arm-none-eabi/11.3.1/thumb/v7e-m+fp/hard\libg.a(libc_a-stdio.o)
                0x000074a4                __sclose
 .text.__swsetup_r
                0x000074ac       0xcc c:/programdata/matlab/supportpackages/r2023b/3p.instrset/gnuarm-armcortex.instrset/win/bin/../lib/gcc/arm-none-eabi/11.3.1/thumb/v7e-m+fp/hard\libg.a(libc_a-wsetup.o)
                0x000074ac                __swsetup_r
 .text.__fputwc
                0x00007578       0xac c:/programdata/matlab/supportpackages/r2023b/3p.instrset/gnuarm-armcortex.instrset/win/bin/../lib/gcc/arm-none-eabi/11.3.1/thumb/v7e-m+fp/hard\libg.a(libc_a-fputwc.o)
                0x00007578                __fputwc
 .text._fputwc_r
                0x00007624       0x68 c:/programdata/matlab/supportpackages/r2023b/3p.instrset/gnuarm-armcortex.instrset/win/bin/../lib/gcc/arm-none-eabi/11.3.1/thumb/v7e-m+fp/hard\libg.a(libc_a-fputwc.o)
                0x00007624                _fputwc_r
 .text.memmove  0x0000768c       0xf8 c:/programdata/matlab/supportpackages/r2023b/3p.instrset/gnuarm-armcortex.instrset/win/bin/../lib/gcc/arm-none-eabi/11.3.1/thumb/v7e-m+fp/hard\libg.a(libc_a-memmove.o)
                0x0000768c                memmove
 .text.memset   0x00007784       0xa4 c:/programdata/matlab/supportpackages/r2023b/3p.instrset/gnuarm-armcortex.instrset/win/bin/../lib/gcc/arm-none-eabi/11.3.1/thumb/v7e-m+fp/hard\libg.a(libc_a-memset.o)
                0x00007784                memset
 .text.strncpy  0x00007828       0x64 c:/programdata/matlab/supportpackages/r2023b/3p.instrset/gnuarm-armcortex.instrset/win/bin/../lib/gcc/arm-none-eabi/11.3.1/thumb/v7e-m+fp/hard\libg.a(libc_a-strncpy.o)
                0x00007828                strncpy
 .text.raise    0x0000788c       0x5c c:/programdata/matlab/supportpackages/r2023b/3p.instrset/gnuarm-armcortex.instrset/win/bin/../lib/gcc/arm-none-eabi/11.3.1/thumb/v7e-m+fp/hard\libg.a(libc_a-signal.o)
                0x0000788c                raise
 .text.__locale_mb_cur_max
                0x000078e8        0xc c:/programdata/matlab/supportpackages/r2023b/3p.instrset/gnuarm-armcortex.instrset/win/bin/../lib/gcc/arm-none-eabi/11.3.1/thumb/v7e-m+fp/hard\libg.a(libc_a-locale.o)
                0x000078e8                __locale_mb_cur_max
 .text._localeconv_r
                0x000078f4        0x8 c:/programdata/matlab/supportpackages/r2023b/3p.instrset/gnuarm-armcortex.instrset/win/bin/../lib/gcc/arm-none-eabi/11.3.1/thumb/v7e-m+fp/hard\libg.a(libc_a-localeconv.o)
                0x000078f4                _localeconv_r
 .text._close_r
                0x000078fc       0x24 c:/programdata/matlab/supportpackages/r2023b/3p.instrset/gnuarm-armcortex.instrset/win/bin/../lib/gcc/arm-none-eabi/11.3.1/thumb/v7e-m+fp/hard\libg.a(libc_a-closer.o)
                0x000078fc                _close_r
 .text._lseek_r
                0x00007920       0x2c c:/programdata/matlab/supportpackages/r2023b/3p.instrset/gnuarm-armcortex.instrset/win/bin/../lib/gcc/arm-none-eabi/11.3.1/thumb/v7e-m+fp/hard\libg.a(libc_a-lseekr.o)
                0x00007920                _lseek_r
 .text._read_r  0x0000794c       0x2c c:/programdata/matlab/supportpackages/r2023b/3p.instrset/gnuarm-armcortex.instrset/win/bin/../lib/gcc/arm-none-eabi/11.3.1/thumb/v7e-m+fp/hard\libg.a(libc_a-readr.o)
                0x0000794c                _read_r
 .text._kill_r  0x00007978       0x2c c:/programdata/matlab/supportpackages/r2023b/3p.instrset/gnuarm-armcortex.instrset/win/bin/../lib/gcc/arm-none-eabi/11.3.1/thumb/v7e-m+fp/hard\libg.a(libc_a-signalr.o)
                0x00007978                _kill_r
 .text._getpid_r
                0x000079a4        0x4 c:/programdata/matlab/supportpackages/r2023b/3p.instrset/gnuarm-armcortex.instrset/win/bin/../lib/gcc/arm-none-eabi/11.3.1/thumb/v7e-m+fp/hard\libg.a(libc_a-signalr.o)
                0x000079a4                _getpid_r
 .text._sbrk_r  0x000079a8       0x24 c:/programdata/matlab/supportpackages/r2023b/3p.instrset/gnuarm-armcortex.instrset/win/bin/../lib/gcc/arm-none-eabi/11.3.1/thumb/v7e-m+fp/hard\libg.a(libc_a-sbrkr.o)
                0x000079a8                _sbrk_r
 .text._write_r
                0x000079cc       0x2c c:/programdata/matlab/supportpackages/r2023b/3p.instrset/gnuarm-armcortex.instrset/win/bin/../lib/gcc/arm-none-eabi/11.3.1/thumb/v7e-m+fp/hard\libg.a(libc_a-writer.o)
                0x000079cc                _write_r
 .text.__errno  0x000079f8        0xc c:/programdata/matlab/supportpackages/r2023b/3p.instrset/gnuarm-armcortex.instrset/win/bin/../lib/gcc/arm-none-eabi/11.3.1/thumb/v7e-m+fp/hard\libg.a(libc_a-errno.o)
                0x000079f8                __errno
 .text.__libc_init_array
                0x00007a04       0x48 c:/programdata/matlab/supportpackages/r2023b/3p.instrset/gnuarm-armcortex.instrset/win/bin/../lib/gcc/arm-none-eabi/11.3.1/thumb/v7e-m+fp/hard\libg.a(libc_a-init.o)
                0x00007a04                __libc_init_array
 .text.__libc_fini_array
                0x00007a4c       0x28 c:/programdata/matlab/supportpackages/r2023b/3p.instrset/gnuarm-armcortex.instrset/win/bin/../lib/gcc/arm-none-eabi/11.3.1/thumb/v7e-m+fp/hard\libg.a(libc_a-fini.o)
                0x00007a4c                __libc_fini_array
 .text.__retarget_lock_init_recursive
                0x00007a74        0x4 c:/programdata/matlab/supportpackages/r2023b/3p.instrset/gnuarm-armcortex.instrset/win/bin/../lib/gcc/arm-none-eabi/11.3.1/thumb/v7e-m+fp/hard\libg.a(libc_a-lock.o)
                0x00007a74                __retarget_lock_init_recursive
 .text.__retarget_lock_close_recursive
                0x00007a78        0x4 c:/programdata/matlab/supportpackages/r2023b/3p.instrset/gnuarm-armcortex.instrset/win/bin/../lib/gcc/arm-none-eabi/11.3.1/thumb/v7e-m+fp/hard\libg.a(libc_a-lock.o)
                0x00007a78                __retarget_lock_close_recursive
 .text.__retarget_lock_acquire_recursive
                0x00007a7c        0x4 c:/programdata/matlab/supportpackages/r2023b/3p.instrset/gnuarm-armcortex.instrset/win/bin/../lib/gcc/arm-none-eabi/11.3.1/thumb/v7e-m+fp/hard\libg.a(libc_a-lock.o)
                0x00007a7c                __retarget_lock_acquire_recursive
 .text.__retarget_lock_release_recursive
                0x00007a80        0x4 c:/programdata/matlab/supportpackages/r2023b/3p.instrset/gnuarm-armcortex.instrset/win/bin/../lib/gcc/arm-none-eabi/11.3.1/thumb/v7e-m+fp/hard\libg.a(libc_a-lock.o)
                0x00007a80                __retarget_lock_release_recursive
 .text.__register_exitproc
                0x00007a84       0x88 c:/programdata/matlab/supportpackages/r2023b/3p.instrset/gnuarm-armcortex.instrset/win/bin/../lib/gcc/arm-none-eabi/11.3.1/thumb/v7e-m+fp/hard\libg.a(libc_a-__atexit.o)
                0x00007a84                __register_exitproc
 .text.startup.register_fini
                0x00007b0c       0x14 c:/programdata/matlab/supportpackages/r2023b/3p.instrset/gnuarm-armcortex.instrset/win/bin/../lib/gcc/arm-none-eabi/11.3.1/thumb/v7e-m+fp/hard\libg.a(libc_a-__call_atexit.o)
 .text.__call_exitprocs
                0x00007b20       0xc8 c:/programdata/matlab/supportpackages/r2023b/3p.instrset/gnuarm-armcortex.instrset/win/bin/../lib/gcc/arm-none-eabi/11.3.1/thumb/v7e-m+fp/hard\libg.a(libc_a-__call_atexit.o)
                0x00007b20                __call_exitprocs
 .text._malloc_trim_r
                0x00007be8       0xa0 c:/programdata/matlab/supportpackages/r2023b/3p.instrset/gnuarm-armcortex.instrset/win/bin/../lib/gcc/arm-none-eabi/11.3.1/thumb/v7e-m+fp/hard\libg.a(libc_a-freer.o)
                0x00007be8                _malloc_trim_r
 .text._free_r  0x00007c88      0x20c c:/programdata/matlab/supportpackages/r2023b/3p.instrset/gnuarm-armcortex.instrset/win/bin/../lib/gcc/arm-none-eabi/11.3.1/thumb/v7e-m+fp/hard\libg.a(libc_a-freer.o)
                0x00007c88                _free_r
 .text.__ascii_mbtowc
                0x00007e94       0x2c c:/programdata/matlab/supportpackages/r2023b/3p.instrset/gnuarm-armcortex.instrset/win/bin/../lib/gcc/arm-none-eabi/11.3.1/thumb/v7e-m+fp/hard\libg.a(libc_a-mbtowc_r.o)
                0x00007e94                __ascii_mbtowc
 .text._realloc_r
                0x00007ec0      0x3d8 c:/programdata/matlab/supportpackages/r2023b/3p.instrset/gnuarm-armcortex.instrset/win/bin/../lib/gcc/arm-none-eabi/11.3.1/thumb/v7e-m+fp/hard\libg.a(libc_a-reallocr.o)
                0x00007ec0                _realloc_r
 .text.__ascii_wctomb
                0x00008298       0x1c c:/programdata/matlab/supportpackages/r2023b/3p.instrset/gnuarm-armcortex.instrset/win/bin/../lib/gcc/arm-none-eabi/11.3.1/thumb/v7e-m+fp/hard\libg.a(libc_a-wctomb_r.o)
                0x00008298                __ascii_wctomb
 .text._wcrtomb_r
                0x000082b4       0x4c c:/programdata/matlab/supportpackages/r2023b/3p.instrset/gnuarm-armcortex.instrset/win/bin/../lib/gcc/arm-none-eabi/11.3.1/thumb/v7e-m+fp/hard\libg.a(libc_a-wcrtomb.o)
                0x000082b4                _wcrtomb_r
 .text._wcsrtombs_r
                0x00008300       0x18 c:/programdata/matlab/supportpackages/r2023b/3p.instrset/gnuarm-armcortex.instrset/win/bin/../lib/gcc/arm-none-eabi/11.3.1/thumb/v7e-m+fp/hard\libg.a(libc_a-wcsrtombs.o)
                0x00008300                _wcsrtombs_r
 .text._fclose_r
                0x00008318       0xc8 c:/programdata/matlab/supportpackages/r2023b/3p.instrset/gnuarm-armcortex.instrset/win/bin/../lib/gcc/arm-none-eabi/11.3.1/thumb/v7e-m+fp/hard\libg.a(libc_a-fclose.o)
                0x00008318                _fclose_r
 .text.__smakebuf_r
                0x000083e0       0xd8 c:/programdata/matlab/supportpackages/r2023b/3p.instrset/gnuarm-armcortex.instrset/win/bin/../lib/gcc/arm-none-eabi/11.3.1/thumb/v7e-m+fp/hard\libg.a(libc_a-makebuf.o)
                0x000083e0                __smakebuf_r
 .text.__swbuf_r
                0x000084b8       0xb0 c:/programdata/matlab/supportpackages/r2023b/3p.instrset/gnuarm-armcortex.instrset/win/bin/../lib/gcc/arm-none-eabi/11.3.1/thumb/v7e-m+fp/hard\libg.a(libc_a-wbuf.o)
                0x000084b8                __swbuf_r
 .text._fstat_r
                0x00008568       0x2c c:/programdata/matlab/supportpackages/r2023b/3p.instrset/gnuarm-armcortex.instrset/win/bin/../lib/gcc/arm-none-eabi/11.3.1/thumb/v7e-m+fp/hard\libg.a(libc_a-fstatr.o)
                0x00008568                _fstat_r
 .text._isatty_r
                0x00008594       0x24 c:/programdata/matlab/supportpackages/r2023b/3p.instrset/gnuarm-armcortex.instrset/win/bin/../lib/gcc/arm-none-eabi/11.3.1/thumb/v7e-m+fp/hard\libg.a(libc_a-isattyr.o)
                0x00008594                _isatty_r
 .text._wcsnrtombs_l
                0x000085b8      0x108 c:/programdata/matlab/supportpackages/r2023b/3p.instrset/gnuarm-armcortex.instrset/win/bin/../lib/gcc/arm-none-eabi/11.3.1/thumb/v7e-m+fp/hard\libg.a(libc_a-wcsnrtombs.o)
                0x000085b8                _wcsnrtombs_l
 .text._wcsnrtombs_r
                0x000086c0       0x24 c:/programdata/matlab/supportpackages/r2023b/3p.instrset/gnuarm-armcortex.instrset/win/bin/../lib/gcc/arm-none-eabi/11.3.1/thumb/v7e-m+fp/hard\libg.a(libc_a-wcsnrtombs.o)
                0x000086c0                _wcsnrtombs_r
 .text._close   0x000086e4       0x10 c:/programdata/matlab/supportpackages/r2023b/3p.instrset/gnuarm-armcortex.instrset/win/bin/../lib/gcc/arm-none-eabi/11.3.1/thumb/v7e-m+fp/hard\libnosys.a(close.o)
                0x000086e4                _close
 .text._fstat   0x000086f4       0x10 c:/programdata/matlab/supportpackages/r2023b/3p.instrset/gnuarm-armcortex.instrset/win/bin/../lib/gcc/arm-none-eabi/11.3.1/thumb/v7e-m+fp/hard\libnosys.a(fstat.o)
                0x000086f4                _fstat
 .text._getpid  0x00008704       0x10 c:/programdata/matlab/supportpackages/r2023b/3p.instrset/gnuarm-armcortex.instrset/win/bin/../lib/gcc/arm-none-eabi/11.3.1/thumb/v7e-m+fp/hard\libnosys.a(getpid.o)
                0x00008704                _getpid
 .text._isatty  0x00008714       0x10 c:/programdata/matlab/supportpackages/r2023b/3p.instrset/gnuarm-armcortex.instrset/win/bin/../lib/gcc/arm-none-eabi/11.3.1/thumb/v7e-m+fp/hard\libnosys.a(isatty.o)
                0x00008714                _isatty
 .text._kill    0x00008724       0x10 c:/programdata/matlab/supportpackages/r2023b/3p.instrset/gnuarm-armcortex.instrset/win/bin/../lib/gcc/arm-none-eabi/11.3.1/thumb/v7e-m+fp/hard\libnosys.a(kill.o)
                0x00008724                _kill
 .text._lseek   0x00008734       0x10 c:/programdata/matlab/supportpackages/r2023b/3p.instrset/gnuarm-armcortex.instrset/win/bin/../lib/gcc/arm-none-eabi/11.3.1/thumb/v7e-m+fp/hard\libnosys.a(lseek.o)
                0x00008734                _lseek
 .text._read    0x00008744       0x10 c:/programdata/matlab/supportpackages/r2023b/3p.instrset/gnuarm-armcortex.instrset/win/bin/../lib/gcc/arm-none-eabi/11.3.1/thumb/v7e-m+fp/hard\libnosys.a(read.o)
                0x00008744                _read
 .text._write   0x00008754       0x10 c:/programdata/matlab/supportpackages/r2023b/3p.instrset/gnuarm-armcortex.instrset/win/bin/../lib/gcc/arm-none-eabi/11.3.1/thumb/v7e-m+fp/hard\libnosys.a(write.o)
                0x00008754                _write
 .text._exit    0x00008764        0x4 c:/programdata/matlab/supportpackages/r2023b/3p.instrset/gnuarm-armcortex.instrset/win/bin/../lib/gcc/arm-none-eabi/11.3.1/thumb/v7e-m+fp/hard\libnosys.a(_exit.o)
                0x00008764                _exit
 *(.rodata)
 .rodata        0x00008768       0x50 board.o
 *(.rodata*)
 .rodata.untitled_M
                0x000087b8        0x4 untitled.o
                0x000087b8                untitled_M
 .rodata.g_defaultClockConfigRun
                0x000087bc       0x16 board.o
                0x000087bc                g_defaultClockConfigRun
 *fill*         0x000087d2        0x2 
 .rodata.__func__.0
                0x000087d4       0x14 board.o
 .rodata.os_maxtaskrun
                0x000087e8        0x2 RTX_Conf_CM.o
                0x000087e8                os_maxtaskrun
 *fill*         0x000087ea        0x2 
 .rodata.os_stackinfo
                0x000087ec        0x4 RTX_Conf_CM.o
                0x000087ec                os_stackinfo
 .rodata.os_trv
                0x000087f0        0x4 RTX_Conf_CM.o
                0x000087f0                os_trv
 .rodata.os_flags
                0x000087f4        0x1 RTX_Conf_CM.o
                0x000087f4                os_flags
 *fill*         0x000087f5        0x3 
 .rodata.os_clockrate
                0x000087f8        0x4 RTX_Conf_CM.o
                0x000087f8                os_clockrate
 .rodata.mp_tcb_size
                0x000087fc        0x2 RTX_Conf_CM.o
                0x000087fc                mp_tcb_size
 *fill*         0x000087fe        0x2 
 .rodata.mp_stk_size
                0x00008800        0x4 RTX_Conf_CM.o
                0x00008800                mp_stk_size
 .rodata.os_stack_sz
                0x00008804        0x4 RTX_Conf_CM.o
                0x00008804                os_stack_sz
 .rodata.os_fifo_size
                0x00008808        0x1 RTX_Conf_CM.o
                0x00008808                os_fifo_size
 *fill*         0x00008809        0x3 
 .rodata.os_thread_def_osTimerThread
                0x0000880c       0x10 RTX_Conf_CM.o
                0x0000880c                os_thread_def_osTimerThread
 .rodata.os_messageQ_def_osTimerMessageQ
                0x0000881c        0x8 RTX_Conf_CM.o
                0x0000881c                os_messageQ_def_osTimerMessageQ
 .rodata.mp_tmr_size
                0x00008824        0x2 RTX_Conf_CM.o
                0x00008824                mp_tmr_size
 *fill*         0x00008826        0x2 
 .rodata.os_thread_def_main
                0x00008828       0x10 RTX_Conf_CM.o
                0x00008828                os_thread_def_main
 .rodata.OSA_SemaCreate.str1.1
                0x00008838       0x45 C:/ProgramData/MATLAB/SupportPackages/R2023b/toolbox/target/supportpackages/freedomk64f/src/ksdk_armgcc_lib/bm/libksdk_platform.a(fsl_os_abstraction_bm.o)
 .rodata.__func__.16
                0x0000887d        0xd C:/ProgramData/MATLAB/SupportPackages/R2023b/toolbox/target/supportpackages/freedomk64f/src/ksdk_armgcc_lib/bm/libksdk_platform.a(fsl_os_abstraction_bm.o)
 .rodata.CLOCK_SYS_Init.str1.1
                0x0000888a       0x72 C:/ProgramData/MATLAB/SupportPackages/R2023b/toolbox/target/supportpackages/freedomk64f/src/ksdk_armgcc_lib/bm/libksdk_platform.a(fsl_clock_manager.o)
 .rodata.CLOCK_SYS_OscDeinit.str1.1
                0x000088fc       0x1e C:/ProgramData/MATLAB/SupportPackages/R2023b/toolbox/target/supportpackages/freedomk64f/src/ksdk_armgcc_lib/bm/libksdk_platform.a(fsl_clock_manager.o)
 .rodata.CLOCK_SYS_RtcOscInit.str1.1
                0x0000891a       0x1e C:/ProgramData/MATLAB/SupportPackages/R2023b/toolbox/target/supportpackages/freedomk64f/src/ksdk_armgcc_lib/bm/libksdk_platform.a(fsl_clock_manager.o)
 .rodata.__func__.1
                0x00008938       0x15 C:/ProgramData/MATLAB/SupportPackages/R2023b/toolbox/target/supportpackages/freedomk64f/src/ksdk_armgcc_lib/bm/libksdk_platform.a(fsl_clock_manager.o)
 .rodata.__func__.3
                0x0000894d       0x12 C:/ProgramData/MATLAB/SupportPackages/R2023b/toolbox/target/supportpackages/freedomk64f/src/ksdk_armgcc_lib/bm/libksdk_platform.a(fsl_clock_manager.o)
 *fill*         0x0000895f        0x1 
 .rodata.g_oscBase
                0x00008960        0x4 C:/ProgramData/MATLAB/SupportPackages/R2023b/toolbox/target/supportpackages/freedomk64f/src/ksdk_armgcc_lib/bm/libksdk_platform.a(fsl_clock_manager_common.o)
                0x00008960                g_oscBase
 .rodata.CLOCK_SYS_SetConfiguration.str1.1
                0x00008964       0x5c C:/ProgramData/MATLAB/SupportPackages/R2023b/toolbox/target/supportpackages/freedomk64f/src/ksdk_armgcc_lib/bm/libksdk_platform.a(fsl_clock_MK64F12.o)
 .rodata.CLOCK_SYS_EnablePortClock.str1.1
                0x000089c0       0x3a C:/ProgramData/MATLAB/SupportPackages/R2023b/toolbox/target/supportpackages/freedomk64f/src/ksdk_armgcc_lib/bm/libksdk_platform.a(fsl_clock_MK64F12.o)
 .rodata.__func__.20
                0x000089fa       0x1a C:/ProgramData/MATLAB/SupportPackages/R2023b/toolbox/target/supportpackages/freedomk64f/src/ksdk_armgcc_lib/bm/libksdk_platform.a(fsl_clock_MK64F12.o)
 .rodata.__func__.21
                0x00008a14       0x1b C:/ProgramData/MATLAB/SupportPackages/R2023b/toolbox/target/supportpackages/freedomk64f/src/ksdk_armgcc_lib/bm/libksdk_platform.a(fsl_clock_MK64F12.o)
 .rodata.portGateTable
                0x00008a2f        0x5 C:/ProgramData/MATLAB/SupportPackages/R2023b/toolbox/target/supportpackages/freedomk64f/src/ksdk_armgcc_lib/bm/libksdk_platform.a(fsl_clock_MK64F12.o)
 .rodata.g_edmaBase
                0x00008a34        0x4 C:/ProgramData/MATLAB/SupportPackages/R2023b/toolbox/target/supportpackages/freedomk64f/src/ksdk_armgcc_lib/bm/libksdk_platform.a(fsl_edma_common.o)
                0x00008a34                g_edmaBase
 .rodata.PORT_HAL_SetMuxMode.part.0.str1.1
                0x00008a38       0x41 C:/ProgramData/MATLAB/SupportPackages/R2023b/toolbox/target/supportpackages/freedomk64f/src/ksdk_armgcc_lib/bm/libksdk_platform.a(fsl_gpio_driver.o)
 .rodata.GPIO_DRV_InputPinInit.str1.1
                0x00008a79       0x7d C:/ProgramData/MATLAB/SupportPackages/R2023b/toolbox/target/supportpackages/freedomk64f/src/ksdk_armgcc_lib/bm/libksdk_platform.a(fsl_gpio_driver.o)
 .rodata.GPIO_DRV_GetPinDir.str1.1
                0x00008af6       0x40 C:/ProgramData/MATLAB/SupportPackages/R2023b/toolbox/target/supportpackages/freedomk64f/src/ksdk_armgcc_lib/bm/libksdk_platform.a(fsl_gpio_driver.o)
 .rodata.__func__.10
                0x00008b36       0x12 C:/ProgramData/MATLAB/SupportPackages/R2023b/toolbox/target/supportpackages/freedomk64f/src/ksdk_armgcc_lib/bm/libksdk_platform.a(fsl_gpio_driver.o)
 .rodata.__func__.16
                0x00008b48       0x14 C:/ProgramData/MATLAB/SupportPackages/R2023b/toolbox/target/supportpackages/freedomk64f/src/ksdk_armgcc_lib/bm/libksdk_platform.a(fsl_gpio_driver.o)
 .rodata.__func__.2
                0x00008b5c       0x16 C:/ProgramData/MATLAB/SupportPackages/R2023b/toolbox/target/supportpackages/freedomk64f/src/ksdk_armgcc_lib/bm/libksdk_platform.a(fsl_gpio_driver.o)
 .rodata.fllFactorTable.2
                0x00008b72       0x10 C:/ProgramData/MATLAB/SupportPackages/R2023b/toolbox/target/supportpackages/freedomk64f/src/ksdk_armgcc_lib/bm/libksdk_platform.a(fsl_mcg_hal.o)
 *fill*         0x00008b82        0x2 
 .rodata.g_rtcBase
                0x00008b84        0x4 C:/ProgramData/MATLAB/SupportPackages/R2023b/toolbox/target/supportpackages/freedomk64f/src/ksdk_armgcc_lib/bm/libksdk_platform.a(fsl_rtc_common.o)
                0x00008b84                g_rtcBase
 .rodata.UART_DRV_StartReceiveData.str1.1
                0x00008b88       0x62 C:/ProgramData/MATLAB/SupportPackages/R2023b/toolbox/target/supportpackages/freedomk64f/src/ksdk_armgcc_lib/bm/libksdk_platform.a(fsl_uart_driver.o)
 .rodata.__func__.0
                0x00008bea       0x1d C:/ProgramData/MATLAB/SupportPackages/R2023b/toolbox/target/supportpackages/freedomk64f/src/ksdk_armgcc_lib/bm/libksdk_platform.a(fsl_uart_driver.o)
 .rodata.__func__.6
                0x00008c07       0x1a C:/ProgramData/MATLAB/SupportPackages/R2023b/toolbox/target/supportpackages/freedomk64f/src/ksdk_armgcc_lib/bm/libksdk_platform.a(fsl_uart_driver.o)
 .rodata.GPIO_HAL_SetPinDir.str1.1
                0x00008c21       0x3c C:/ProgramData/MATLAB/SupportPackages/R2023b/toolbox/target/supportpackages/freedomk64f/src/ksdk_armgcc_lib/bm/libksdk_platform.a(fsl_gpio_hal.o)
                                 0x45 (size before relaxing)
 .rodata.__func__.0
                0x00008c5d       0x18 C:/ProgramData/MATLAB/SupportPackages/R2023b/toolbox/target/supportpackages/freedomk64f/src/ksdk_armgcc_lib/bm/libksdk_platform.a(fsl_gpio_hal.o)
 .rodata.__func__.1
                0x00008c75       0x13 C:/ProgramData/MATLAB/SupportPackages/R2023b/toolbox/target/supportpackages/freedomk64f/src/ksdk_armgcc_lib/bm/libksdk_platform.a(fsl_gpio_hal.o)
 .rodata.g_gpioBase